Archive member included because of file (symbol)

C:\fehqt\Proteus/EWL/lib/armv7e-m\libm.a(w_expf.o)
                              ..\main.o (expf)
C:\fehqt\Proteus/EWL/lib/armv7e-m\libm.a(w_powf.o)
                              ..\main.o (powf)
C:\fehqt\Proteus/EWL/lib/armv7e-m\libm.a(e_expf.o)
                              C:\fehqt\Proteus/EWL/lib/armv7e-m\libm.a(w_expf.o) (__ieee754_expf)
C:\fehqt\Proteus/EWL/lib/armv7e-m\libm.a(e_powf.o)
                              C:\fehqt\Proteus/EWL/lib/armv7e-m\libm.a(w_powf.o) (__ieee754_powf)
C:\fehqt\Proteus/EWL/lib/armv7e-m\libm.a(e_sqrtf.o)
                              C:\fehqt\Proteus/EWL/lib/armv7e-m\libm.a(e_powf.o) (__ieee754_sqrtf)
C:\fehqt\Proteus/EWL/lib/armv7e-m\libm.a(math_api.o)
                              C:\fehqt\Proteus/EWL/lib/armv7e-m\libm.a(e_powf.o) (__fpclassifyf)
C:\fehqt\Proteus/EWL/lib/armv7e-m\libm.a(s_scalbnf.o)
                              C:\fehqt\Proteus/EWL/lib/armv7e-m\libm.a(e_powf.o) (scalbnf)
C:\fehqt\Proteus/EWL/lib/armv7e-m\libc.a(errno.o)
                              C:\fehqt\Proteus/EWL/lib/armv7e-m\libm.a(e_expf.o) (errno)
C:\fehqt\Proteus/EWL/lib/armv7e-m\libc.a(sprintf.o)
                              Libraries\FEHLCD.o (sprintf)
C:\fehqt\Proteus/EWL/lib/armv7e-m\libc.a(vsnprintf.o)
                              C:\fehqt\Proteus/EWL/lib/armv7e-m\libc.a(sprintf.o) (vsnprintf)
C:\fehqt\Proteus/EWL/lib/armv7e-m\libc.a(exit.o)
                              Startup\__arm_start.o (exit)
C:\fehqt\Proteus/EWL/lib/armv7e-m\libc.a(memcpy.o)
                              C:\fehqt\Proteus/EWL/lib/armv7e-m\libc.a(vsnprintf.o) (memcpy)
C:\fehqt\Proteus/EWL/lib/armv7e-m\libc.a(memset.o)
                              Startup\__arm_start.o (memset)
C:\fehqt\Proteus/EWL/lib/armv7e-m\libc.a(strcmp.o)
                              Libraries\FEHLCD.o (strcmp)
C:\fehqt\Proteus/EWL/lib/armv7e-m\libc.a(strcpy.o)
                              Libraries\FEHLCD.o (strcpy)
C:\fehqt\Proteus/EWL/lib/armv7e-m\libc.a(strlen.o)
                              Libraries\FEHLCD.o (strlen)
C:\fehqt\Proteus/EWL/lib/armv7e-m\libc.a(math_ARM.o)
                              C:\fehqt\Proteus/EWL/lib/armv7e-m\libm.a(math_api.o) (__ewl_count_bits32)
C:\fehqt\Proteus/EWL/lib/armv7e-m\libc.a(printformat_.o)
                              (__pformatter_)
C:\fehqt\Proteus/EWL/lib/armv7e-m\libc.a(scanformat_.o)
                              (__sformatter)
C:\fehqt\Proteus/EWL/lib/armv7e-m\libc.a(ctype_aeabi.o)
                              C:\fehqt\Proteus/EWL/lib/armv7e-m\libc.a(scanformat_.o) (isspace)
C:\fehqt\Proteus/EWL/lib/armv7e-m\libc.a(__strtoul.o)
                              C:\fehqt\Proteus/EWL/lib/armv7e-m\libc.a(scanformat_.o) (__strtoul)
C:\fehqt\Proteus/EWL/lib/armv7e-m\libc.a(__filll_mem.o)
                              C:\fehqt\Proteus/EWL/lib/armv7e-m\libc.a(memset.o) (__fill_mem)
C:\fehqt\Proteus/EWL/lib/armv7e-m\libc.a(memchr.o)
                              C:\fehqt\Proteus/EWL/lib/armv7e-m\libc.a(printformat_.o) (memchr)
C:\fehqt\Proteus/EWL/lib/armv7e-m\libc.a(strchr.o)
                              C:\fehqt\Proteus/EWL/lib/armv7e-m\libc.a(printformat_.o) (strchr)
c:/fehqt/proteus/gcc/bin/../lib/gcc/arm-none-eabi/4.6.2/armv7e-m\libgcc.a(_lshrdi3.o)
                              C:\fehqt\Proteus/EWL/lib/armv7e-m\libc.a(math_ARM.o) (__aeabi_llsr)
c:/fehqt/proteus/gcc/bin/../lib/gcc/arm-none-eabi/4.6.2/armv7e-m\libgcc.a(_ashldi3.o)
                              C:\fehqt\Proteus/EWL/lib/armv7e-m\libc.a(math_ARM.o) (__aeabi_llsl)
c:/fehqt/proteus/gcc/bin/../lib/gcc/arm-none-eabi/4.6.2/armv7e-m\libgcc.a(_arm_addsubdf3.o)
                              Libraries\FEHLCD.o (__aeabi_dsub)
c:/fehqt/proteus/gcc/bin/../lib/gcc/arm-none-eabi/4.6.2/armv7e-m\libgcc.a(_arm_muldivdf3.o)
                              ..\main.o (__aeabi_dmul)
c:/fehqt/proteus/gcc/bin/../lib/gcc/arm-none-eabi/4.6.2/armv7e-m\libgcc.a(_arm_cmpdf2.o)
                              Drivers\ff.o (__aeabi_dcmplt)
c:/fehqt/proteus/gcc/bin/../lib/gcc/arm-none-eabi/4.6.2/armv7e-m\libgcc.a(_arm_fixdfsi.o)
                              ..\main.o (__aeabi_d2iz)
c:/fehqt/proteus/gcc/bin/../lib/gcc/arm-none-eabi/4.6.2/armv7e-m\libgcc.a(_arm_fixunsdfsi.o)
                              Libraries\FEHUtility.o (__aeabi_d2uiz)
c:/fehqt/proteus/gcc/bin/../lib/gcc/arm-none-eabi/4.6.2/armv7e-m\libgcc.a(_arm_truncdfsf2.o)
                              ..\main.o (__aeabi_d2f)
c:/fehqt/proteus/gcc/bin/../lib/gcc/arm-none-eabi/4.6.2/armv7e-m\libgcc.a(_arm_addsubsf3.o)
                              ..\main.o (__aeabi_fsub)
c:/fehqt/proteus/gcc/bin/../lib/gcc/arm-none-eabi/4.6.2/armv7e-m\libgcc.a(_arm_muldivsf3.o)
                              ..\main.o (__aeabi_fmul)
c:/fehqt/proteus/gcc/bin/../lib/gcc/arm-none-eabi/4.6.2/armv7e-m\libgcc.a(_arm_cmpsf2.o)
                              Libraries\FEHServo.o (__aeabi_fcmpeq)
[...]
Memory Configuration

Name             Origin             Length             Attributes
m_interrupts     0x0000c000         0x00000400         xr
m_cfmprotrom     0x0000c400         0x00000010         xr
m_text           0x0000c410         0x00073bf0         xr
m_data           0x1fff0400         0x0000fc00         xrw
m_data2          0x20000000         0x00010000         xrw
*default*        0x00000000         0xffffffff

Linker script and memory map

LOAD ..\main.o
LOAD Startup\__arm_start.o
LOAD Startup\__arm_end.o
LOAD Startup\kinetis_sysinit.o
LOAD Libraries\FEHMotor.o
LOAD Drivers\mcg.o
LOAD Drivers\i2c.o
LOAD Drivers\spi.o
LOAD Drivers\uart.o
LOAD Drivers\ff.o
LOAD Drivers\SDHC.o
LOAD Drivers\lptmr.o
LOAD FEHProteus.o
LOAD Drivers\FEHPropeller.o
LOAD Libraries\FEHUtility.o
LOAD Libraries\FEHIO.o
LOAD Drivers\adc16.o
LOAD Libraries\FEHBuzzer.o
LOAD Libraries\FEHServo.o
LOAD Libraries\FEHLCD.o
LOAD Libraries\FEHAccel.o
LOAD Libraries\FEHBattery.o
LOAD Drivers\FEHXBee.o
LOAD Libraries\FEHRPS.o
LOAD Libraries\FEHSD.o
                0x00014220                __pformatter = __pformatter_
                [0x00014618]                __sformatter = __sformatter
LOAD C:\fehqt\Proteus/EWL/lib/armv7e-m\libstdc++.a
LOAD C:\fehqt\Proteus/EWL/lib/armv7e-m\libm.a
START GROUP
LOAD C:\fehqt\Proteus/EWL/lib/armv7e-m\libc.a
LOAD C:\fehqt\Proteus/EWL/lib/armv7e-m\libc++.a
LOAD C:\fehqt\Proteus/EWL/lib/armv7e-m\libm.a
LOAD c:/fehqt/proteus/gcc/bin/../lib/gcc/arm-none-eabi/4.6.2/armv7e-m\libgcc.a
LOAD C:\fehqt\Proteus/EWL/lib/armv7e-m\librt.a
LOAD c:/fehqt/proteus/gcc/bin/../lib/gcc/arm-none-eabi/4.6.2/../../../../arm-none-eabi/lib/armv7e-m\libsupc++.a
END GROUP
                0x20000000                _estack = 0x20000000
                0x20000000                __SP_INIT = _estack
                0x00000800                __heap_size = 0x800
                0x00000800                __stack_size = 0x800

.interrupts     0x0000c000      0x1e0
                0x0000c000                __vector_table = .
                0x0000c000                . = ALIGN (0x4)
 *(.vectortable)
 .vectortable   0x0000c000      0x1e0 Startup\kinetis_sysinit.o
                0x0000c1e0                . = ALIGN (0x4)

.cfmprotect     0x0000c400        0x0
                0x0000c400                . = ALIGN (0x4)
 *(.cfmconfig)
                0x0000c400                . = ALIGN (0x4)

.text           0x0000c410     0x9178
                0x0000c410                . = ALIGN (0x4)
 *(.text)
 .text          0x0000c410      0x370 c:/fehqt/proteus/gcc/bin/../lib/gcc/arm-none-eabi/4.6.2/armv7e-m\libgcc.a(_arm_addsubdf3.o)
                0x0000c410                __aeabi_drsub
                0x0000c418                __aeabi_dsub
                0x0000c418                __subdf3
                0x0000c41c                __aeabi_dadd
                0x0000c41c                __adddf3
                0x0000c694                __floatunsidf
                0x0000c694                __aeabi_ui2d
                0x0000c6b4                __floatsidf
                0x0000c6b4                __aeabi_i2d
                0x0000c6d8                __aeabi_f2d
                0x0000c6d8                __extendsfdf2
                0x0000c714                __floatundidf
                0x0000c714                __aeabi_ul2d
                0x0000c724                __floatdidf
                0x0000c724                __aeabi_l2d
 .text          0x0000c780      0x424 c:/fehqt/proteus/gcc/bin/../lib/gcc/arm-none-eabi/4.6.2/armv7e-m\libgcc.a(_arm_muldivdf3.o)
                0x0000c780                __aeabi_dmul
                0x0000c780                __muldf3
                0x0000c9d4                __divdf3
                0x0000c9d4                __aeabi_ddiv
 .text          0x0000cba4       0x50 c:/fehqt/proteus/gcc/bin/../lib/gcc/arm-none-eabi/4.6.2/armv7e-m\libgcc.a(_arm_fixdfsi.o)
                0x0000cba4                __aeabi_d2iz
                0x0000cba4                __fixdfsi
 .text          0x0000cbf4       0x40 c:/fehqt/proteus/gcc/bin/../lib/gcc/arm-none-eabi/4.6.2/armv7e-m\libgcc.a(_arm_fixunsdfsi.o)
                0x0000cbf4                __aeabi_d2uiz
                0x0000cbf4                __fixunsdfsi
 .text          0x0000cc34       0xa0 c:/fehqt/proteus/gcc/bin/../lib/gcc/arm-none-eabi/4.6.2/armv7e-m\libgcc.a(_arm_truncdfsf2.o)
                0x0000cc34                __truncdfsf2
                0x0000cc34                __aeabi_d2f
 .text          0x0000ccd4      0x21c c:/fehqt/proteus/gcc/bin/../lib/gcc/arm-none-eabi/4.6.2/armv7e-m\libgcc.a(_arm_addsubsf3.o)
                0x0000ccd4                __aeabi_frsub
                0x0000ccdc                __subsf3
                0x0000ccdc                __aeabi_fsub
                0x0000cce0                __aeabi_fadd
                0x0000cce0                __addsf3
                0x0000ce40                __aeabi_ui2f
                0x0000ce40                __floatunsisf
                0x0000ce48                __aeabi_i2f
                0x0000ce48                __floatsisf
                0x0000ce64                __aeabi_ul2f
                0x0000ce64                __floatundisf
                0x0000ce74                __aeabi_l2f
                0x0000ce74                __floatdisf
 .text          0x0000cef0      0x2a0 c:/fehqt/proteus/gcc/bin/../lib/gcc/arm-none-eabi/4.6.2/armv7e-m\libgcc.a(_arm_muldivsf3.o)
                0x0000cef0                __mulsf3
                0x0000cef0                __aeabi_fmul
                0x0000d058                __aeabi_fdiv
                0x0000d058                __divsf3
 .text          0x0000d190       0xec c:/fehqt/proteus/gcc/bin/../lib/gcc/arm-none-eabi/4.6.2/armv7e-m\libgcc.a(_arm_cmpsf2.o)
                0x0000d190                __gesf2
                0x0000d190                __gtsf2
                0x0000d198                __lesf2
                0x0000d198                __ltsf2
                0x0000d1a0                __nesf2
                0x0000d1a0                __eqsf2
                0x0000d1a0                __cmpsf2
                0x0000d200                __aeabi_cfrcmple
                0x0000d208                __aeabi_cfcmpeq
                0x0000d208                __aeabi_cfcmple
                0x0000d218                __aeabi_fcmpeq
                0x0000d22c                __aeabi_fcmplt
                0x0000d240                __aeabi_fcmple
                0x0000d254                __aeabi_fcmpge
                0x0000d268                __aeabi_fcmpgt
 .text          0x0000d27c       0x4c c:/fehqt/proteus/gcc/bin/../lib/gcc/arm-none-eabi/4.6.2/armv7e-m\libgcc.a(_arm_fixsfsi.o)
                0x0000d27c                __aeabi_f2iz
                0x0000d27c                __fixsfsi
 .text          0x0000d2c8       0x40 c:/fehqt/proteus/gcc/bin/../lib/gcc/arm-none-eabi/4.6.2/armv7e-m\libgcc.a(_arm_fixunssfsi.o)
                0x0000d2c8                __fixunssfsi
                0x0000d2c8                __aeabi_f2uiz
 *(.text*)
 .text._ZSt3expf
                0x0000d308       0x1c ..\main.o
                0x0000d308                std::exp(float)
 .text._Z14drive_backwardif
                0x0000d324       0x4c ..\main.o
                0x0000d324                drive_backward(int, float)
 .text._Z13encoder_driveff
                0x0000d370      0x288 ..\main.o
                0x0000d370                encoder_drive(float, float)
 .text._Z21encoder_turn_in_placeff
                0x0000d5f8      0x2e8 ..\main.o
                0x0000d5f8                encoder_turn_in_place(float, float)
 .text.main     0x0000d8e0       0xbc ..\main.o
                0x0000d8e0                main
 .text._Z41__static_initialization_and_destruction_0ii
                0x0000d99c       0xcc ..\main.o
 .text._GLOBAL__sub_I_commands
                0x0000da68       0x14 ..\main.o
 .text.zero_fill_bss
                0x0000da7c       0x34 Startup\__arm_start.o
 .text.__thumb_startup
                0x0000dab0       0x34 Startup\__arm_start.o
                0x0000dab0                __thumb_startup
 .text.InitFEHProteus
                0x0000dae4      0x15c Startup\__arm_start.o
                0x0000dae4                InitFEHProteus
 .text.pll_init_bl
                0x0000dc40      0x130 Startup\__arm_start.o
 .text.InitPowerButton
                0x0000dd70       0x90 Startup\__arm_start.o
                0x0000dd70                InitPowerButton
 .text._ExitProcess
                0x0000de00        0xc Startup\__arm_end.o
                0x0000de00                _ExitProcess
 .text.Default_Handler
                0x0000de0c        0xc Startup\kinetis_sysinit.o
                0x0000de0c                BusFault_Handler()
                0x0000de0c                HardFault_Handler()
                0x0000de0c                SysTick_Handler()
                0x0000de0c                PendSV_Handler()
                0x0000de0c                DebugMonitor_Handler()
                0x0000de0c                MemManage_Handler()
                0x0000de0c                NMI_Handler()
                0x0000de0c                SVC_Handler()
                0x0000de0c                Default_Handler
                0x0000de0c                UsageFault_Handler()
 .text.__init_hardware
                0x0000de18       0x44 Startup\kinetis_sysinit.o
                0x0000de18                __init_hardware
 .text._Z8PortDISRv
                0x0000de5c       0x64 Startup\kinetis_sysinit.o
                0x0000de5c                PortDISR()
 .text._ZN8FEHMotorC2ENS_12FEHMotorPortEf
                0x0000dec0       0xb0 Libraries\FEHMotor.o
                0x0000dec0                FEHMotor::FEHMotor(FEHMotor::FEHMotorPort, float)
                0x0000dec0                FEHMotor::FEHMotor(FEHMotor::FEHMotorPort, float)
 .text._ZN8FEHMotor4StopEv
                0x0000df70       0x3c Libraries\FEHMotor.o
                0x0000df70                FEHMotor::Stop()
 .text._ZN8FEHMotor8SetPowerEi
                0x0000dfac       0x60 Libraries\FEHMotor.o
                0x0000dfac                FEHMotor::SetPower(int)
 *fill*         0x0000e00c        0x4 00
 .text._ZN8FEHMotor10SetPercentEf
                0x0000e010      0x158 Libraries\FEHMotor.o
                0x0000e010                FEHMotor::SetPercent(float)
 .text._Z21IIC_StartTransmissionhh
                0x0000e168       0x98 Drivers\i2c.o
                0x0000e168                IIC_StartTransmission(unsigned char, unsigned char)
 .text._Z5Pausev
                0x0000e200       0x34 Drivers\i2c.o
                0x0000e200                Pause()
 .text._Z21MMA8451QWriteRegisterhh
                0x0000e234      0x12c Drivers\i2c.o
                0x0000e234                MMA8451QWriteRegister(unsigned char, unsigned char)
 .text._Z12SPI_SendCharh
                0x0000e360       0x1c Drivers\spi.o
                0x0000e360                SPI_SendChar(unsigned char)
 .text._Z16SPI_WriteCommandhh
                0x0000e37c       0x34 Drivers\spi.o
                0x0000e37c                SPI_WriteCommand(unsigned char, unsigned char)
 .text._Z11SPI_GetCharv
                0x0000e3b0       0x14 Drivers\spi.o
                0x0000e3b0                SPI_GetChar()
 .text._Z15SPI_ReadCommandh
                0x0000e3c4       0x3c Drivers\spi.o
                0x0000e3c4                SPI_ReadCommand(unsigned char)
 .text._Z13SPI_CS_Assertv
                0x0000e400       0x24 Drivers\spi.o
                0x0000e400                SPI_CS_Assert()
 .text._Z15SPI_CS_Deassertv
                0x0000e424       0x24 Drivers\spi.o
                0x0000e424                SPI_CS_Deassert()
 .text._Z12SPI_Transferh
                0x0000e448       0x88 Drivers\spi.o
                0x0000e448                SPI_Transfer(unsigned char)
 .text._Z8SPI_Initv
                0x0000e4d0       0xe8 Drivers\spi.o
                0x0000e4d0                SPI_Init()
 .text._Z9uart_initPV11UART_MemMapii
                0x0000e5b8      0x20c Drivers\uart.o
                0x0000e5b8                uart_init(UART_MemMap volatile*, int, int)
 .text._Z12uart_getcharPV11UART_MemMap
                0x0000e7c4       0x34 Drivers\uart.o
                0x0000e7c4                uart_getchar(UART_MemMap volatile*)
 .text._Z12uart_putcharPV11UART_MemMapc
                0x0000e7f8       0x38 Drivers\uart.o
                0x0000e7f8                uart_putchar(UART_MemMap volatile*, char)
 .text._ZL7mem_setPvij
                0x0000e830       0x44 Drivers\ff.o
 .text._ZL11move_windowP5FATFSm
                0x0000e874       0xf0 Drivers\ff.o
 .text._ZL4syncP5FATFS
                0x0000e964      0x188 Drivers\ff.o
 .text._ZL8validateP5FATFSt
                0x0000eaec       0x54 Drivers\ff.o
 .text._Z6f_syncP3FIL
                0x0000eb40      0x1c0 Drivers\ff.o
                0x0000eb40                f_sync(FIL*)
 .text._Z7f_closeP3FIL
                0x0000ed00       0x2c Drivers\ff.o
                0x0000ed00                f_close(FIL*)
 .text._ZL17SDHC_set_baudratemm
                0x0000ed2c      0x14c Drivers\SDHC.o
 .text._Z9SDHC_initP17esdhc_info_structPK17esdhc_init_struct
                0x0000ee78      0x1c4 Drivers\SDHC.o
                0x0000ee78                SDHC_init(esdhc_info_struct*, esdhc_init_struct const*)
 .text._ZL15SDHC_is_runningv
                0x0000f03c       0x28 Drivers\SDHC.o
 .text._ZL16SDHC_status_waitm
                0x0000f064       0x38 Drivers\SDHC.o
 .text._ZL17SDHC_send_commandP20esdhc_command_struct
                0x0000f09c      0x2a0 Drivers\SDHC.o
 .text._Z10SDHC_ioctlmPv
                0x0000f33c      0x978 Drivers\SDHC.o
                0x0000f33c                SDHC_ioctl(unsigned long, void*)
 .text._ZL14rcvr_datablockPhm
                0x0000fcb4      0x134 Drivers\SDHC.o
 .text._Z9disk_readhPhmh
                0x0000fde8      0x13c Drivers\SDHC.o
                0x0000fde8                disk_read(unsigned char, unsigned char*, unsigned long, unsigned char)
 .text._ZL14xmit_datablockPKhm
                0x0000ff24       0xe0 Drivers\SDHC.o
 .text._Z10disk_writehPKhmh
                0x00010004      0x1cc Drivers\SDHC.o
                0x00010004                disk_write(unsigned char, unsigned char const*, unsigned long, unsigned char)
 .text._Z10disk_ioctlhhPv
                0x000101d0      0x128 Drivers\SDHC.o
                0x000101d0                disk_ioctl(unsigned char, unsigned char, void*)
 .text._Z11disk_statush
                0x000102f8       0x30 Drivers\SDHC.o
                0x000102f8                disk_status(unsigned char)
 .text._Z13time_delay_msm
                0x00010328       0xa4 Drivers\lptmr.o
                0x00010328                time_delay_ms(unsigned long)
 .text._Z41__static_initialization_and_destruction_0ii
                0x000103cc       0x30 FEHProteus.o
 .text._GLOBAL__sub_I_Propeller
                0x000103fc       0x14 FEHProteus.o
 .text._ZN12FEHPropellerC2Ev
                0x00010410       0x20 Drivers\FEHPropeller.o
                0x00010410                FEHPropeller::FEHPropeller()
                0x00010410                FEHPropeller::FEHPropeller()
 .text._ZN12FEHPropeller10InitializeEv
                0x00010430       0x94 Drivers\FEHPropeller.o
                0x00010430                FEHPropeller::Initialize()
 .text._ZN12FEHPropeller12SetMotorRateEhhh
                0x000104c4       0x78 Drivers\FEHPropeller.o
                0x000104c4                FEHPropeller::SetMotorRate(unsigned char, unsigned char, unsigned char)
 .text._ZL5Delaymjj
                0x0001053c       0xc4 Libraries\FEHUtility.o
 .text._Z5Sleepi
                0x00010600       0x34 Libraries\FEHUtility.o
                0x00010600                Sleep(int)
 .text._Z5Sleepf
                0x00010634       0x48 Libraries\FEHUtility.o
                0x00010634                Sleep(float)
 *fill*         0x0001067c        0x4 00
 .text._Z5Sleepd
                0x00010680       0x58 Libraries\FEHUtility.o
                0x00010680                Sleep(double)
 .text._ZN15DigitalInputPinC2EN5FEHIO8FEHIOPinE
                0x000106d8       0x24 Libraries\FEHIO.o
                0x000106d8                DigitalInputPin::DigitalInputPin(FEHIO::FEHIOPin)
                0x000106d8                DigitalInputPin::DigitalInputPin(FEHIO::FEHIOPin)
 .text._ZN15DigitalInputPin10InitializeEN5FEHIO8FEHIOPinE
                0x000106fc      0x224 Libraries\FEHIO.o
                0x000106fc                DigitalInputPin::Initialize(FEHIO::FEHIOPin)
 .text._ZN14DigitalEncoderC2EN5FEHIO8FEHIOPinE
                0x00010920       0x2c Libraries\FEHIO.o
                0x00010920                DigitalEncoder::DigitalEncoder(FEHIO::FEHIOPin)
                0x00010920                DigitalEncoder::DigitalEncoder(FEHIO::FEHIOPin)
 .text._Z10enable_irqi
                0x0001094c      0x1cc Libraries\FEHIO.o
                0x0001094c                enable_irq(int)
 .text._ZN14DigitalEncoder10InitializeEN5FEHIO8FEHIOPinENS0_21FEHIOInterruptTriggerE
                0x00010b18      0x224 Libraries\FEHIO.o
                0x00010b18                DigitalEncoder::Initialize(FEHIO::FEHIOPin, FEHIO::FEHIOInterruptTrigger)
 .text._Z9portB_isrv
                0x00010d3c       0xd4 Libraries\FEHIO.o
                0x00010d3c                portB_isr()
 .text._Z9portC_isrv
                0x00010e10       0xd8 Libraries\FEHIO.o
                0x00010e10                portC_isr()
 .text._Z9portA_isrv
                0x00010ee8       0xd8 Libraries\FEHIO.o
                0x00010ee8                portA_isr()
 .text._Z9portE_isrv
                0x00010fc0       0xd0 Libraries\FEHIO.o
                0x00010fc0                portE_isr()
 .text._ZN14DigitalEncoder6CountsEv
                0x00011090       0x28 Libraries\FEHIO.o
                0x00011090                DigitalEncoder::Counts()
 .text._ZN14DigitalEncoder11ResetCountsEv
                0x000110b8       0x28 Libraries\FEHIO.o
                0x000110b8                DigitalEncoder::ResetCounts()
 .text._ZN14AnalogInputPinC2EN5FEHIO8FEHIOPinE
                0x000110e0       0x20 Libraries\FEHIO.o
                0x000110e0                AnalogInputPin::AnalogInputPin(FEHIO::FEHIOPin)
                0x000110e0                AnalogInputPin::AnalogInputPin(FEHIO::FEHIOPin)
 .text._ZN13AnalogEncoder12EncoderValueEv
                0x00011100       0xe4 Libraries\FEHIO.o
                0x00011100                AnalogEncoder::EncoderValue()
 .text._ZN14AnalogInputPin8InitADCsEv
                0x000111e4      0x120 Libraries\FEHIO.o
                0x000111e4                AnalogInputPin::InitADCs()
 .text._Z8pit0_isrv
                0x00011304       0x34 Libraries\FEHIO.o
                0x00011304                pit0_isr()
 .text._ZN13AnalogEncoder4InitEv
                0x00011338       0x64 Libraries\FEHIO.o
                0x00011338                AnalogEncoder::Init()
 .text._ZN13AnalogEncoder14SetCounterInitEj
                0x0001139c       0x20 Libraries\FEHIO.o
                0x0001139c                AnalogEncoder::SetCounterInit(unsigned int)
 .text._ZN13AnalogEncoder10ProcessIntEv
                0x000113bc       0x80 Libraries\FEHIO.o
                0x000113bc                AnalogEncoder::ProcessInt()
 .text._ZN13AnalogEncoder14ProcessIntSelfEv
                0x0001143c       0x80 Libraries\FEHIO.o
                0x0001143c                AnalogEncoder::ProcessIntSelf()
 .text._Z7ADC_CalPV10ADC_MemMap
                0x000114bc      0x14c Drivers\adc16.o
                0x000114bc                ADC_Cal(ADC_MemMap volatile*)
 .text._Z14ADC_Config_AltPV10ADC_MemMapP7adc_cfg
                0x00011608       0x6c Drivers\adc16.o
                0x00011608                ADC_Config_Alt(ADC_MemMap volatile*, adc_cfg*)
 .text._ZN9FEHBuzzerC2Ev
                0x00011674       0x18 Libraries\FEHBuzzer.o
                0x00011674                FEHBuzzer::FEHBuzzer()
                0x00011674                FEHBuzzer::FEHBuzzer()
 .text._Z41__static_initialization_and_destruction_0ii
                0x0001168c       0x30 Libraries\FEHBuzzer.o
 .text._GLOBAL__sub_I_Buzzer
                0x000116bc       0x14 Libraries\FEHBuzzer.o
 .text._ZN8FEHServoC2ENS_12FEHServoPortE
                0x000116d0       0x3c Libraries\FEHServo.o
                0x000116d0                FEHServo::FEHServo(FEHServo::FEHServoPort)
                0x000116d0                FEHServo::FEHServo(FEHServo::FEHServoPort)
 .text._ZN6FEHLCD11_InitializeEv
                0x0001170c      0x5dc Libraries\FEHLCD.o
                0x0001170c                FEHLCD::_Initialize()
 .text._ZN6FEHLCDC2Ev
                0x00011ce8       0x64 Libraries\FEHLCD.o
                0x00011ce8                FEHLCD::FEHLCD()
                0x00011ce8                FEHLCD::FEHLCD()
 .text._ZN6FEHLCD10InitializeEv
                0x00011d4c       0x38 Libraries\FEHLCD.o
                0x00011d4c                FEHLCD::Initialize()
 .text._ZN6FEHLCD10PrintImageEii
                0x00011d84      0x100 Libraries\FEHLCD.o
                0x00011d84                FEHLCD::PrintImage(int, int)
 .text._ZN6FEHLCD9PrintLogoEii
                0x00011e84      0x100 Libraries\FEHLCD.o
                0x00011e84                FEHLCD::PrintLogo(int, int)
 .text._ZN6FEHLCD22ConvertFEHColorTo24BitENS_11FEHLCDColorE
                0x00011f84       0x80 Libraries\FEHLCD.o
                0x00011f84                FEHLCD::ConvertFEHColorTo24Bit(FEHLCD::FEHLCDColor)
 .text._ZN6FEHLCD24Convert24BitColorTo16BitEj
                0x00012004       0x40 Libraries\FEHLCD.o
                0x00012004                FEHLCD::Convert24BitColorTo16Bit(unsigned int)
 .text._ZN6FEHLCD22ConvertRGBColorTo16BitEhhh
                0x00012044       0x44 Libraries\FEHLCD.o
                0x00012044                FEHLCD::ConvertRGBColorTo16Bit(unsigned char, unsigned char, unsigned char)
 .text._ZN6FEHLCD5ClearENS_11FEHLCDColorE
                0x00012088       0x28 Libraries\FEHLCD.o
                0x00012088                FEHLCD::Clear(FEHLCD::FEHLCDColor)
 .text._ZN6FEHLCD5ClearEj
                0x000120b0       0x2c Libraries\FEHLCD.o
                0x000120b0                FEHLCD::Clear(unsigned int)
 .text._ZN6FEHLCD18SetBackgroundColorENS_11FEHLCDColorE
                0x000120dc       0x28 Libraries\FEHLCD.o
                0x000120dc                FEHLCD::SetBackgroundColor(FEHLCD::FEHLCDColor)
 .text._ZN6FEHLCD18SetBackgroundColorEj
                0x00012104       0x28 Libraries\FEHLCD.o
                0x00012104                FEHLCD::SetBackgroundColor(unsigned int)
 .text._ZN6FEHLCD12SetFontColorENS_11FEHLCDColorE
                0x0001212c       0x28 Libraries\FEHLCD.o
                0x0001212c                FEHLCD::SetFontColor(FEHLCD::FEHLCDColor)
 .text._ZN6FEHLCD12SetFontColorEj
                0x00012154       0x28 Libraries\FEHLCD.o
                0x00012154                FEHLCD::SetFontColor(unsigned int)
 .text._ZN6FEHLCD7WriteAtEPKcii
                0x0001217c       0x58 Libraries\FEHLCD.o
                0x0001217c                FEHLCD::WriteAt(char const*, int, int)
 .text._ZN6FEHLCD11TS_SPI_InitEv
                0x000121d4       0xa8 Libraries\FEHLCD.o
                0x000121d4                FEHLCD::TS_SPI_Init()
 *fill*         0x0001227c        0x4 00
 .text._ZN6FEHLCD5TouchEPfS0_
                0x00012280      0x240 Libraries\FEHLCD.o
                0x00012280                FEHLCD::Touch(float*, float*)
 .text._ZN6FEHLCD3absEi
                0x000124c0       0x28 Libraries\FEHLCD.o
                0x000124c0                FEHLCD::abs(int)
 .text._ZN6FEHLCD10WriteIndexEh
                0x000124e8      0x288 Libraries\FEHLCD.o
                0x000124e8                FEHLCD::WriteIndex(unsigned char)
 .text._ZN6FEHLCD14WriteParameterEh
                0x00012770      0x254 Libraries\FEHLCD.o
                0x00012770                FEHLCD::WriteParameter(unsigned char)
 .text._ZN6FEHLCD6_ClearEv
                0x000129c4      0x228 Libraries\FEHLCD.o
                0x000129c4                FEHLCD::_Clear()
 .text._ZN6FEHLCD8NextLineEv
                0x00012bec       0x30 Libraries\FEHLCD.o
                0x00012bec                FEHLCD::NextLine()
 .text._ZN6FEHLCD9CheckLineEv
                0x00012c1c       0x2c Libraries\FEHLCD.o
                0x00012c1c                FEHLCD::CheckLine()
 .text._ZN6FEHLCD13SetDrawRegionEiiii
                0x00012c48      0x10c Libraries\FEHLCD.o
                0x00012c48                FEHLCD::SetDrawRegion(int, int, int, int)
 .text._ZN6FEHLCD11WriteCharAtEiic
                0x00012d54      0x278 Libraries\FEHLCD.o
                0x00012d54                FEHLCD::WriteCharAt(int, int, char)
 .text._ZN6FEHLCD11RepeatColorEv
                0x00012fcc       0xbc Libraries\FEHLCD.o
                0x00012fcc                FEHLCD::RepeatColor()
 .text._ZN6FEHLCD10_ForePixelEv
                0x00013088      0x160 Libraries\FEHLCD.o
                0x00013088                FEHLCD::_ForePixel()
 .text._ZN6FEHLCD10_BackPixelEv
                0x000131e8      0x160 Libraries\FEHLCD.o
                0x000131e8                FEHLCD::_BackPixel()
 .text._ZN6FEHLCD22SetRegisterColorValuesEv
                0x00013348      0x4c0 Libraries\FEHLCD.o
                0x00013348                FEHLCD::SetRegisterColorValues()
 .text._Z41__static_initialization_and_destruction_0ii
                0x00013808       0x30 Libraries\FEHLCD.o
 .text._GLOBAL__sub_I_image
                0x00013838       0x14 Libraries\FEHLCD.o
 .text._ZN8FEHAccelC2Ev
                0x0001384c       0x8c Libraries\FEHAccel.o
                0x0001384c                FEHAccel::FEHAccel()
                0x0001384c                FEHAccel::FEHAccel()
 .text._Z41__static_initialization_and_destruction_0ii
                0x000138d8       0x30 Libraries\FEHAccel.o
 .text._GLOBAL__sub_I_Accel
                0x00013908       0x14 Libraries\FEHAccel.o
 .text._ZN10FEHBatteryC2EN5FEHIO8FEHIOPinE
                0x0001391c       0x24 Libraries\FEHBattery.o
                0x0001391c                FEHBattery::FEHBattery(FEHIO::FEHIOPin)
                0x0001391c                FEHBattery::FEHBattery(FEHIO::FEHIOPin)
 .text._Z41__static_initialization_and_destruction_0ii
                0x00013940       0x34 Libraries\FEHBattery.o
 .text._GLOBAL__sub_I_Battery
                0x00013974       0x14 Libraries\FEHBattery.o
 .text._ZN7FEHXBeeC2Ev
                0x00013988       0x20 Drivers\FEHXBee.o
                0x00013988                FEHXBee::FEHXBee()
                0x00013988                FEHXBee::FEHXBee()
 .text._ZN7FEHXBee17SetPacketCallBackEPFvPhhE
                0x000139a8       0x20 Drivers\FEHXBee.o
                0x000139a8                FEHXBee::SetPacketCallBack(void (*)(unsigned char*, unsigned char))
 .text._Z9UART0_ISRv
                0x000139c8      0x174 Drivers\FEHXBee.o
                0x000139c8                UART0_ISR()
 .text._ZN6FEHRPSC2Ev
                0x00013b3c       0x88 Libraries\FEHRPS.o
                0x00013b3c                FEHRPS::FEHRPS()
                0x00013b3c                FEHRPS::FEHRPS()
 .text._Z14RPSDataProcessPhh
                0x00013bc4      0x18c Libraries\FEHRPS.o
                0x00013bc4                RPSDataProcess(unsigned char*, unsigned char)
 .text._Z41__static_initialization_and_destruction_0ii
                0x00013d50       0x30 Libraries\FEHRPS.o
 .text._GLOBAL__sub_I_RPS
                0x00013d80       0x14 Libraries\FEHRPS.o
 .text._ZN5FEHSDC2Ev
                0x00013d94       0x24 Libraries\FEHSD.o
                0x00013d94                FEHSD::FEHSD()
                0x00013d94                FEHSD::FEHSD()
 .text._ZN5FEHSD8CloseLogEv
                0x00013db8       0x38 Libraries\FEHSD.o
                0x00013db8                FEHSD::CloseLog()
 .text._Z41__static_initialization_and_destruction_0ii
                0x00013df0       0x30 Libraries\FEHSD.o
 .text._GLOBAL__sub_I_SD
                0x00013e20       0x14 Libraries\FEHSD.o
 .text.expf     0x00013e34        0x4 C:\fehqt\Proteus/EWL/lib/armv7e-m\libm.a(w_expf.o)
                0x00013e34                expf
 .text.__ieee754_expf
                0x00013e38      0x1fc C:\fehqt\Proteus/EWL/lib/armv7e-m\libm.a(e_expf.o)
                0x00013e38                __ieee754_expf
 .text.exit     0x00014034       0x38 C:\fehqt\Proteus/EWL/lib/armv7e-m\libc.a(exit.o)
                0x00014034                exit
 .text.memset   0x0001406c        0xc C:\fehqt\Proteus/EWL/lib/armv7e-m\libc.a(memset.o)
                0x0001406c                memset
 .text.strlen   0x00014078       0x10 C:\fehqt\Proteus/EWL/lib/armv7e-m\libc.a(strlen.o)
                0x00014078                strlen
 .text.long2str.isra.0
                0x00014088      0x196 C:\fehqt\Proteus/EWL/lib/armv7e-m\libc.a(printformat_.o)
 *fill*         0x0001421e        0x2 00
 .text.__pformatter_
                0x00014220      0x3f8 C:\fehqt\Proteus/EWL/lib/armv7e-m\libc.a(printformat_.o)
                0x00014220                __pformatter_
 .text.__sformatter
                0x00014618      0x74e C:\fehqt\Proteus/EWL/lib/armv7e-m\libc.a(scanformat_.o)
                0x00014618                __sformatter
 *fill*         0x00014d66        0x2 00
 .text.isalpha  0x00014d68       0x1c C:\fehqt\Proteus/EWL/lib/armv7e-m\libc.a(ctype_aeabi.o)
                0x00014d68                isalpha
 .text.isspace  0x00014d84       0x1c C:\fehqt\Proteus/EWL/lib/armv7e-m\libc.a(ctype_aeabi.o)
                0x00014d84                isspace
 .text.toupper  0x00014da0        0xc C:\fehqt\Proteus/EWL/lib/armv7e-m\libc.a(ctype_aeabi.o)
                0x00014da0                toupper
 .text.__strtoul
                0x00014dac      0x1dc C:\fehqt\Proteus/EWL/lib/armv7e-m\libc.a(__strtoul.o)
                0x00014dac                __strtoul
 .text.__fill_mem
                0x00014f88       0x76 C:\fehqt\Proteus/EWL/lib/armv7e-m\libc.a(__filll_mem.o)
                0x00014f88                __fill_mem
 .text.memchr   0x00014ffe       0x1a C:\fehqt\Proteus/EWL/lib/armv7e-m\libc.a(memchr.o)
                0x00014ffe                memchr
 .text.strchr   0x00015018       0x1c C:\fehqt\Proteus/EWL/lib/armv7e-m\libc.a(strchr.o)
                0x00015018                strchr
 .text.__init_cpp
                0x00015034       0x4c C:\fehqt\Proteus/EWL/lib/armv7e-m\librt.a(gcc_ctor_dtor.o)
                0x00015034                __init_cpp
 .text.__fini_cpp
                0x00015080       0x34 C:\fehqt\Proteus/EWL/lib/armv7e-m\librt.a(gcc_ctor_dtor.o)
                0x00015080                __fini_cpp
 .text.__copy_rom_section
                0x000150b4       0x44 C:\fehqt\Proteus/EWL/lib/armv7e-m\librt.a(ROMCopy.o)
                0x000150b4                __copy_rom_section
 .text.__copy_rom_sections_to_ram
                0x000150f8       0x34 C:\fehqt\Proteus/EWL/lib/armv7e-m\librt.a(ROMCopy.o)
                0x000150f8                __copy_rom_sections_to_ram
 .text.__destroy_global_chain
                0x0001512c       0x1c C:\fehqt\Proteus/EWL/lib/armv7e-m\librt.a(__arm_eabi_init.o)
                0x0001512c                __destroy_global_chain
 .text.__init_registers
                0x00015148       0x20 C:\fehqt\Proteus/EWL/lib/armv7e-m\librt.a(__arm_eabi_init.o)
                0x00015148                __init_registers
 .text.__init_user
                0x00015168        0x4 C:\fehqt\Proteus/EWL/lib/armv7e-m\librt.a(__arm_eabi_init.o)
                0x00015168                __init_user
 *(.rodata)
 .rodata        0x0001516c       0x78 Libraries\FEHIO.o
 .rodata        0x000151e4       0x34 Libraries\FEHLCD.o
 *(.rodata*)
 .rodata.K60_SDHC0_init
                0x00015218        0xc Drivers\SDHC.o
                0x00015218                K60_SDHC0_init
 .rodata._ZL21ESDHC_COMMAND_XFERTYP
                0x00015224      0x100 Drivers\SDHC.o
 .rodata._ZL9GPIOPorts
                0x00015324       0x20 Libraries\FEHIO.o
 .rodata._ZL10ADCNumbers
                0x00015344       0x24 Libraries\FEHIO.o
 .rodata._ZL14GPIOPinNumbers
                0x00015368       0x80 Libraries\FEHIO.o
 .rodata._ZL16AnalogPinNumbers
                0x000153e8       0x84 Libraries\FEHIO.o
 .rodata.halF   0x0001546c        0x8 C:\fehqt\Proteus/EWL/lib/armv7e-m\libm.a(e_expf.o)
 .rodata.ln2LO  0x00015474        0x8 C:\fehqt\Proteus/EWL/lib/armv7e-m\libm.a(e_expf.o)
 .rodata.ln2HI  0x0001547c        0x8 C:\fehqt\Proteus/EWL/lib/armv7e-m\libm.a(e_expf.o)
 .rodata.str1.1
                0x00015484        0x1 C:\fehqt\Proteus/EWL/lib/armv7e-m\libc.a(printformat_.o)
 .rodata.__aeabi_ctype_table_C
                0x00015485      0x101 C:\fehqt\Proteus/EWL/lib/armv7e-m\libc.a(ctype_aeabi.o)
                0x00015485                __aeabi_ctype_table_C
 *(.glue_7)
 .glue_7        0x00000000        0x0 linker stubs
 *(.glue_7t)
 .glue_7t       0x00000000        0x0 linker stubs
 *(.eh_frame)
 *(.init)
 *(.fini)
                0x00015588                . = ALIGN (0x4)
 *fill*         0x00015586        0x2 00
                0x00015588                _etext = .

.vfp11_veneer   0x00015588        0x0
 .vfp11_veneer  0x00000000        0x0 linker stubs

.v4_bx          0x00015588        0x0
 .v4_bx         0x00000000        0x0 linker stubs

.ARM.extab
 *(.ARM.extab* .gnu.linkonce.armextab.*)

.ARM            0x00015588        0x0
                0x00015588                __exidx_start = .
 *(.ARM.exidx*)
                0x00015588                __exidx_end = .

.ctors          0x00015588        0x0
                0x00015588                __CTOR_LIST__ = .
 *crtbegin.o(.ctors)
 *(EXCLUDE_FILE(*crtend.o) .ctors)
 *(SORT(.ctors.*))
 *(.ctors)
                0x00015588                __CTOR_END__ = .

.dtors          0x00015588        0x0
                0x00015588                __DTOR_LIST__ = .
 *crtbegin.o(.dtors)
 *(EXCLUDE_FILE(*crtend.o) .dtors)
 *(SORT(.dtors.*))
 *(.dtors)
                0x00015588                __DTOR_END__ = .

.preinit_array  0x00015588        0x0
                0x00015588                PROVIDE (__preinit_array_start, .)
 *(.preinit_array*)
                0x00015588                PROVIDE (__preinit_array_end, .)

.init_array     0x00015588       0x20
                0x00015588                PROVIDE (__init_array_start, .)
 *(SORT(.init_array.*))
 *(.init_array*)
 .init_array    0x00015588        0x4 ..\main.o
 .init_array    0x0001558c        0x4 FEHProteus.o
 .init_array    0x00015590        0x4 Libraries\FEHBuzzer.o
 .init_array    0x00015594        0x4 Libraries\FEHLCD.o
 .init_array    0x00015598        0x4 Libraries\FEHAccel.o
 .init_array    0x0001559c        0x4 Libraries\FEHBattery.o
 .init_array    0x000155a0        0x4 Libraries\FEHRPS.o
 .init_array    0x000155a4        0x4 Libraries\FEHSD.o
                0x000155a8                PROVIDE (__init_array_end, .)

.fini_array     0x000155a8        0x0
                0x000155a8                PROVIDE (__fini_array_start, .)
 *(SORT(.fini_array.*))
 *(.fini_array*)
                0x000155a8                PROVIDE (__fini_array_end, .)
                0x000155a8                ___ROM_AT = .

.data           0x1fff0400      0xd1c load address 0x000155a8
                0x1fff0400                . = ALIGN (0x4)
                0x1fff0400                _sdata = .
 *(.data)
 *(.data*)
 .data._ZL4Stat
                0x1fff0400        0x1 Drivers\SDHC.o
 *fill*         0x1fff0401        0x3 00
 .data.image    0x1fff0404      0x750 Libraries\FEHLCD.o
                0x1fff0404                image
 .data.logo     0x1fff0b54      0x3e8 Libraries\FEHLCD.o
                0x1fff0b54                logo
 .data._ZN6FEHLCD8fontDataE
                0x1fff0f3c      0x1e0 Libraries\FEHLCD.o
                0x1fff0f3c                FEHLCD::fontData
                0x1fff111c                . = ALIGN (0x4)
                0x1fff111c                _edata = .
                0x00000d1c                ___data_size = (_edata - _sdata)
                0x000162c4                ___m_data2_ROMStart = (___ROM_AT + SIZEOF (.data))

.user_data2     0x20000000        0x0 load address 0x000162c4
                0x20000000                . = ALIGN (0x4)
                0x20000000                ___m_data2_RAMStart = .
 *(.data2)
                0x20000000                ___m_data2_RAMEnd = .
                0x20000000                . = ALIGN (0x4)
                0x00000000                ___m_data2_ROMSize = (___m_data2_RAMEnd - ___m_data2_RAMStart)
                0x20000000                . = ALIGN (0x4)

.bss            0x1fff111c      0x5ec load address 0x000162c4
                0x1fff111c                __START_BSS = .
                0x1fff111c                PROVIDE (__bss_start__, __START_BSS)
 *(.bss)
 *(.bss*)
 .bss.right_motor
                0x1fff111c        0x8 ..\main.o
                0x1fff111c                right_motor
 .bss.left_motor
                0x1fff1124        0x8 ..\main.o
                0x1fff1124                left_motor
 .bss.servo     0x1fff112c        0xc ..\main.o
                0x1fff112c                servo
 .bss.front_right_bumper
                0x1fff1138        0x4 ..\main.o
                0x1fff1138                front_right_bumper
 .bss.front_left_bumper
                0x1fff113c        0x4 ..\main.o
                0x1fff113c                front_left_bumper
 .bss.back_right_bumper
                0x1fff1140        0x4 ..\main.o
                0x1fff1140                back_right_bumper
 .bss.back_left_bumper
                0x1fff1144        0x4 ..\main.o
                0x1fff1144                back_left_bumper
 .bss.right_encoder
                0x1fff1148        0x4 ..\main.o
                0x1fff1148                right_encoder
 .bss.left_encoder
                0x1fff114c        0x4 ..\main.o
                0x1fff114c                left_encoder
 .bss.cds_cell  0x1fff1150        0x4 ..\main.o
                0x1fff1150                cds_cell
 .bss._ZL4argv  0x1fff1154        0x4 Startup\__arm_start.o
 .bss.MasterTransmission
                0x1fff1158        0x1 Drivers\i2c.o
                0x1fff1158                MasterTransmission
 .bss.SlaveID   0x1fff1159        0x1 Drivers\i2c.o
                0x1fff1159                SlaveID
 *fill*         0x1fff115a        0x2 00
 .bss.SDHC_Card
                0x1fff115c       0x14 Drivers\SDHC.o
                0x1fff115c                SDHC_Card
 .bss.SDHC_Info
                0x1fff1170      0x204 Drivers\SDHC.o
                0x1fff1170                SDHC_Info
 .bss.SDHC_Device
                0x1fff1374        0x8 Drivers\SDHC.o
                0x1fff1374                SDHC_Device
 .bss.Propeller
                0x1fff137c        0x4 FEHProteus.o
                0x1fff137c                Propeller
 .bss.CoreClockKHz
                0x1fff1380        0x4 FEHProteus.o
                0x1fff1380                CoreClockKHz
 .bss.CoreClockMHz
                0x1fff1384        0x4 FEHProteus.o
                0x1fff1384                CoreClockMHz
 .bss.PeripheralClockKHz
                0x1fff1388        0x4 FEHProteus.o
                0x1fff1388                PeripheralClockKHz
 .bss._ZN14AnalogInputPin17Master_Adc_ConfigE
                0x1fff138c       0x10 Libraries\FEHIO.o
                0x1fff138c                AnalogInputPin::Master_Adc_Config
 .bss._ZN14AnalogInputPin18Encoder_Adc_ConfigE
                0x1fff139c       0x10 Libraries\FEHIO.o
                0x1fff139c                AnalogInputPin::Encoder_Adc_Config
 .bss.interrupt_counts
                0x1fff13ac       0x80 Libraries\FEHIO.o
                0x1fff13ac                interrupt_counts
 .bss._ZN13AnalogEncoder7pinListE
                0x1fff142c        0x4 Libraries\FEHIO.o
                0x1fff142c                AnalogEncoder::pinList
 .bss.__interrupt_counter
                0x1fff1430        0x4 Libraries\FEHIO.o
                0x1fff1430                __interrupt_counter
 .bss.Buzzer    0x1fff1434        0x4 Libraries\FEHBuzzer.o
                0x1fff1434                Buzzer
 .bss.LCD       0x1fff1438       0x44 Libraries\FEHLCD.o
                0x1fff1438                LCD
 .bss.initialized
                0x1fff147c        0x1 Libraries\FEHLCD.o
                0x1fff147c                initialized
 *fill*         0x1fff147d        0x3 00
 .bss.Accel     0x1fff1480        0x4 Libraries\FEHAccel.o
                0x1fff1480                Accel
 .bss.Battery   0x1fff1484        0x4 Libraries\FEHBattery.o
                0x1fff1484                Battery
 .bss.XBeeDataProcess
                0x1fff1488        0x4 Drivers\FEHXBee.o
                0x1fff1488                XBeeDataProcess
 .bss._xbeebuffer
                0x1fff148c       0x10 Drivers\FEHXBee.o
                0x1fff148c                _xbeebuffer
 .bss._xbeebufferindex
                0x1fff149c        0x1 Drivers\FEHXBee.o
                0x1fff149c                _xbeebufferindex
 .bss._xbeestate
                0x1fff149d        0x1 Drivers\FEHXBee.o
                0x1fff149d                _xbeestate
 .bss._xbeebytereceived
                0x1fff149e        0x1 Drivers\FEHXBee.o
                0x1fff149e                _xbeebytereceived
 .bss._xbeebyte
                0x1fff149f        0x1 Drivers\FEHXBee.o
                0x1fff149f                _xbeebyte
 .bss.RPS       0x1fff14a0        0x8 Libraries\FEHRPS.o
                0x1fff14a0                RPS
 .bss._enabled  0x1fff14a8        0x1 Libraries\FEHRPS.o
                0x1fff14a8                _enabled
 *fill*         0x1fff14a9        0x3 00
 .bss._RPS_x    0x1fff14ac        0x4 Libraries\FEHRPS.o
                0x1fff14ac                _RPS_x
 .bss._RPS_y    0x1fff14b0        0x4 Libraries\FEHRPS.o
                0x1fff14b0                _RPS_y
 .bss._RPS_heading
                0x1fff14b4        0x4 Libraries\FEHRPS.o
                0x1fff14b4                _RPS_heading
 .bss._RPS_objective
                0x1fff14b8        0x4 Libraries\FEHRPS.o
                0x1fff14b8                _RPS_objective
 .bss._RPS_time
                0x1fff14bc        0x1 Libraries\FEHRPS.o
                0x1fff14bc                _RPS_time
 .bss._RPS_stop
                0x1fff14bd        0x1 Libraries\FEHRPS.o
                0x1fff14bd                _RPS_stop
 .bss._RPS_foundpacket
                0x1fff14be        0x1 Libraries\FEHRPS.o
                0x1fff14be                _RPS_foundpacket
 *fill*         0x1fff14bf        0x1 00
 .bss.SD        0x1fff14c0        0x4 Libraries\FEHSD.o
                0x1fff14c0                SD
 .bss.logfil    0x1fff14c4      0x228 Libraries\FEHSD.o
                0x1fff14c4                logfil
 .bss.__stdio_exit
                0x1fff16ec        0x4 C:\fehqt\Proteus/EWL/lib/armv7e-m\libc.a(exit.o)
                0x1fff16ec                __stdio_exit
 .bss.__console_exit
                0x1fff16f0        0x4 C:\fehqt\Proteus/EWL/lib/armv7e-m\libc.a(exit.o)
                0x1fff16f0                __console_exit
 .bss.__S_romp  0x1fff16f4        0xc C:\fehqt\Proteus/EWL/lib/armv7e-m\librt.a(ROMCopy.o)
 .bss.__global_destructor_chain
                0x1fff1700        0x4 C:\fehqt\Proteus/EWL/lib/armv7e-m\librt.a(__arm_eabi_init.o)
                0x1fff1700                __global_destructor_chain
 *(COMMON)
 COMMON         0x1fff1704        0x4 C:\fehqt\Proteus/EWL/lib/armv7e-m\libc.a(errno.o)
                0x1fff1704                errno
                0x1fff1708                . = ALIGN (0x4)
                0x1fff1708                __END_BSS = .
                0x1fff1708                PROVIDE (__bss_end__, __END_BSS)

._user_heap_stack
                0x1fff1708     0x1000 load address 0x000168b0
                0x1fff1708                . = ALIGN (0x4)
                0x1fff1708                PROVIDE (end, .)
                0x1fff1708                PROVIDE (_end, .)
                0x1fff1708                __heap_addr = .
                0x1fff1f08                . = (. + __heap_size)
 *fill*         0x1fff1708      0x800 00
                0x1fff2708                . = (. + __stack_size)
 *fill*         0x1fff1f08      0x800 00
                0x1fff2708                . = ALIGN (0x4)
                0x000162c4                _romp_at = ((___ROM_AT + SIZEOF (.data)) + SIZEOF (.user_data2))

.romp           0x20000000       0x24 load address 0x000162c4
                0x000162c4                __S_romp = _romp_at
                0x20000000        0x4 LONG 0x155a8 ___ROM_AT
                0x20000004        0x4 LONG 0x1fff0400 _sdata
                0x20000008        0x4 LONG 0xd1c ___data_size
                0x2000000c        0x4 LONG 0x162c4 ___m_data2_ROMStart
                0x20000010        0x4 LONG 0x20000000 ___m_data2_RAMStart
                0x20000014        0x4 LONG 0x0 ___m_data2_ROMSize
                0x20000018        0x4 LONG 0x0
                0x2000001c        0x4 LONG 0x0
                0x20000020        0x4 LONG 0x0

.ARM.attributes
                0x00000000       0x33
 *(.ARM.attributes)
 .ARM.attributes
                0x00000000       0x33 ..\main.o
 .ARM.attributes
                0x00000033       0x33 Startup\__arm_start.o
 .ARM.attributes
                0x00000066       0x33 Startup\__arm_end.o
 .ARM.attributes
                0x00000099       0x33 Startup\kinetis_sysinit.o
 .ARM.attributes
                0x000000cc       0x33 Libraries\FEHMotor.o
 .ARM.attributes
                0x000000ff       0x33 Drivers\i2c.o
 .ARM.attributes
                0x00000132       0x33 Drivers\spi.o
 .ARM.attributes
                0x00000165       0x33 Drivers\uart.o
 .ARM.attributes
                0x00000198       0x33 Drivers\ff.o
 .ARM.attributes
                0x000001cb       0x33 Drivers\SDHC.o
 .ARM.attributes
                0x000001fe       0x33 Drivers\lptmr.o
 .ARM.attributes
                0x00000231       0x33 FEHProteus.o
 .ARM.attributes
                0x00000264       0x33 Drivers\FEHPropeller.o
 .ARM.attributes
                0x00000297       0x33 Libraries\FEHUtility.o
 .ARM.attributes
                0x000002ca       0x33 Libraries\FEHIO.o
 .ARM.attributes
                0x000002fd       0x33 Drivers\adc16.o
 .ARM.attributes
                0x00000330       0x33 Libraries\FEHBuzzer.o
 .ARM.attributes
                0x00000363       0x33 Libraries\FEHServo.o
 .ARM.attributes
                0x00000396       0x33 Libraries\FEHLCD.o
 .ARM.attributes
                0x000003c9       0x33 Libraries\FEHAccel.o
 .ARM.attributes
                0x000003fc       0x33 Libraries\FEHBattery.o
 .ARM.attributes
                0x0000042f       0x33 Drivers\FEHXBee.o
 .ARM.attributes
                0x00000462       0x33 Libraries\FEHRPS.o
 .ARM.attributes
                0x00000495       0x33 Libraries\FEHSD.o
 .ARM.attributes
                0x000004c8       0x33 C:\fehqt\Proteus/EWL/lib/armv7e-m\libm.a(w_expf.o)
 .ARM.attributes
                0x000004fb       0x33 C:\fehqt\Proteus/EWL/lib/armv7e-m\libm.a(e_expf.o)
 .ARM.attributes
                0x0000052e       0x33 C:\fehqt\Proteus/EWL/lib/armv7e-m\libc.a(errno.o)
 .ARM.attributes
                0x00000561       0x33 C:\fehqt\Proteus/EWL/lib/armv7e-m\libc.a(exit.o)
 .ARM.attributes
                0x00000594       0x33 C:\fehqt\Proteus/EWL/lib/armv7e-m\libc.a(memset.o)
 .ARM.attributes
                0x000005c7       0x33 C:\fehqt\Proteus/EWL/lib/armv7e-m\libc.a(strlen.o)
 .ARM.attributes
                0x000005fa       0x33 C:\fehqt\Proteus/EWL/lib/armv7e-m\libc.a(printformat_.o)
 .ARM.attributes
                0x0000062d       0x33 C:\fehqt\Proteus/EWL/lib/armv7e-m\libc.a(scanformat_.o)
 .ARM.attributes
                0x00000660       0x33 C:\fehqt\Proteus/EWL/lib/armv7e-m\libc.a(ctype_aeabi.o)
 .ARM.attributes
                0x00000693       0x33 C:\fehqt\Proteus/EWL/lib/armv7e-m\libc.a(__strtoul.o)
 .ARM.attributes
                0x000006c6       0x33 C:\fehqt\Proteus/EWL/lib/armv7e-m\libc.a(__filll_mem.o)
 .ARM.attributes
                0x000006f9       0x33 C:\fehqt\Proteus/EWL/lib/armv7e-m\libc.a(memchr.o)
 .ARM.attributes
                0x0000072c       0x33 C:\fehqt\Proteus/EWL/lib/armv7e-m\libc.a(strchr.o)
 .ARM.attributes
                0x0000075f       0x1e c:/fehqt/proteus/gcc/bin/../lib/gcc/arm-none-eabi/4.6.2/armv7e-m\libgcc.a(_arm_addsubdf3.o)
 .ARM.attributes
                0x0000077d       0x1e c:/fehqt/proteus/gcc/bin/../lib/gcc/arm-none-eabi/4.6.2/armv7e-m\libgcc.a(_arm_muldivdf3.o)
 .ARM.attributes
                0x0000079b       0x1e c:/fehqt/proteus/gcc/bin/../lib/gcc/arm-none-eabi/4.6.2/armv7e-m\libgcc.a(_arm_fixdfsi.o)
 .ARM.attributes
                0x000007b9       0x1e c:/fehqt/proteus/gcc/bin/../lib/gcc/arm-none-eabi/4.6.2/armv7e-m\libgcc.a(_arm_fixunsdfsi.o)
 .ARM.attributes
                0x000007d7       0x1e c:/fehqt/proteus/gcc/bin/../lib/gcc/arm-none-eabi/4.6.2/armv7e-m\libgcc.a(_arm_truncdfsf2.o)
 .ARM.attributes
                0x000007f5       0x1e c:/fehqt/proteus/gcc/bin/../lib/gcc/arm-none-eabi/4.6.2/armv7e-m\libgcc.a(_arm_addsubsf3.o)
 .ARM.attributes
                0x00000813       0x1e c:/fehqt/proteus/gcc/bin/../lib/gcc/arm-none-eabi/4.6.2/armv7e-m\libgcc.a(_arm_muldivsf3.o)
 .ARM.attributes
                0x00000831       0x1e c:/fehqt/proteus/gcc/bin/../lib/gcc/arm-none-eabi/4.6.2/armv7e-m\libgcc.a(_arm_cmpsf2.o)
 .ARM.attributes
                0x0000084f       0x1e c:/fehqt/proteus/gcc/bin/../lib/gcc/arm-none-eabi/4.6.2/armv7e-m\libgcc.a(_arm_fixsfsi.o)
 .ARM.attributes
                0x0000086d       0x1e c:/fehqt/proteus/gcc/bin/../lib/gcc/arm-none-eabi/4.6.2/armv7e-m\libgcc.a(_arm_fixunssfsi.o)
 .ARM.attributes
                0x0000088b       0x33 C:\fehqt\Proteus/EWL/lib/armv7e-m\librt.a(gcc_ctor_dtor.o)
 .ARM.attributes
                0x000008be       0x33 C:\fehqt\Proteus/EWL/lib/armv7e-m\librt.a(ROMCopy.o)
 .ARM.attributes
                0x000008f1       0x33 C:\fehqt\Proteus/EWL/lib/armv7e-m\librt.a(__arm_eabi_init.o)
OUTPUT(../Robot.elf elf32-littlearm)

.debug_info     0x00000000    0x14826
 .debug_info    0x00000000     0x17e0 ..\main.o
 .debug_info    0x000017e0     0x12c5 Startup\__arm_start.o
 .debug_info    0x00002aa5       0x58 Startup\__arm_end.o
 .debug_info    0x00002afd      0x57d Startup\kinetis_sysinit.o
 .debug_info    0x0000307a      0x335 Libraries\FEHMotor.o
 .debug_info    0x000033af      0x250 Drivers\i2c.o
 .debug_info    0x000035ff      0x6cf Drivers\spi.o
 .debug_info    0x00003cce      0x59c Drivers\uart.o
 .debug_info    0x0000426a     0x1da0 Drivers\ff.o
 .debug_info    0x0000600a      0xf1d Drivers\SDHC.o
 .debug_info    0x00006f27      0x2de Drivers\lptmr.o
 .debug_info    0x00007205      0x1a7 FEHProteus.o
 .debug_info    0x000073ac      0x722 Drivers\FEHPropeller.o
 .debug_info    0x00007ace      0x36c Libraries\FEHUtility.o
 .debug_info    0x00007e3a     0x1c6a Libraries\FEHIO.o
 .debug_info    0x00009aa4      0x4ab Drivers\adc16.o
 .debug_info    0x00009f4f      0xa42 Libraries\FEHBuzzer.o
 .debug_info    0x0000a991     0x1500 Libraries\FEHServo.o
 .debug_info    0x0000be91     0x2c25 Libraries\FEHLCD.o
 .debug_info    0x0000eab6      0x26a Libraries\FEHAccel.o
 .debug_info    0x0000ed20      0x3a9 Libraries\FEHBattery.o
 .debug_info    0x0000f0c9      0xac3 Drivers\FEHXBee.o
 .debug_info    0x0000fb8c     0x1a09 Libraries\FEHRPS.o
 .debug_info    0x00011595     0x1242 Libraries\FEHSD.o
 .debug_info    0x000127d7       0xba C:\fehqt\Proteus/EWL/lib/armv7e-m\libm.a(w_expf.o)
 .debug_info    0x00012891      0x2cf C:\fehqt\Proteus/EWL/lib/armv7e-m\libm.a(e_expf.o)
 .debug_info    0x00012b60       0xa5 C:\fehqt\Proteus/EWL/lib/armv7e-m\libc.a(errno.o)
 .debug_info    0x00012c05      0x103 C:\fehqt\Proteus/EWL/lib/armv7e-m\libc.a(exit.o)
 .debug_info    0x00012d08       0xf4 C:\fehqt\Proteus/EWL/lib/armv7e-m\libc.a(memset.o)
 .debug_info    0x00012dfc       0xf3 C:\fehqt\Proteus/EWL/lib/armv7e-m\libc.a(strlen.o)
 .debug_info    0x00012eef      0x512 C:\fehqt\Proteus/EWL/lib/armv7e-m\libc.a(printformat_.o)
 .debug_info    0x00013401      0x564 C:\fehqt\Proteus/EWL/lib/armv7e-m\libc.a(scanformat_.o)
 .debug_info    0x00013965      0x32a C:\fehqt\Proteus/EWL/lib/armv7e-m\libc.a(ctype_aeabi.o)
 .debug_info    0x00013c8f      0x1d7 C:\fehqt\Proteus/EWL/lib/armv7e-m\libc.a(__strtoul.o)
 .debug_info    0x00013e66      0x13d C:\fehqt\Proteus/EWL/lib/armv7e-m\libc.a(__filll_mem.o)
 .debug_info    0x00013fa3      0x129 C:\fehqt\Proteus/EWL/lib/armv7e-m\libc.a(memchr.o)
 .debug_info    0x000140cc      0x110 C:\fehqt\Proteus/EWL/lib/armv7e-m\libc.a(strchr.o)
 .debug_info    0x000141dc      0x1c0 C:\fehqt\Proteus/EWL/lib/armv7e-m\librt.a(gcc_ctor_dtor.o)
 .debug_info    0x0001439c      0x1b8 C:\fehqt\Proteus/EWL/lib/armv7e-m\librt.a(ROMCopy.o)
 .debug_info    0x00014554      0x2d2 C:\fehqt\Proteus/EWL/lib/armv7e-m\librt.a(__arm_eabi_init.o)

.debug_abbrev   0x00000000     0x3d69
 .debug_abbrev  0x00000000      0x322 ..\main.o
 .debug_abbrev  0x00000322      0x28f Startup\__arm_start.o
 .debug_abbrev  0x000005b1       0x45 Startup\__arm_end.o
 .debug_abbrev  0x000005f6      0x18a Startup\kinetis_sysinit.o
 .debug_abbrev  0x00000780      0x18c Libraries\FEHMotor.o
 .debug_abbrev  0x0000090c       0xfc Drivers\i2c.o
 .debug_abbrev  0x00000a08      0x18b Drivers\spi.o
 .debug_abbrev  0x00000b93      0x15f Drivers\uart.o
 .debug_abbrev  0x00000cf2      0x18f Drivers\ff.o
 .debug_abbrev  0x00000e81      0x223 Drivers\SDHC.o
 .debug_abbrev  0x000010a4       0xd2 Drivers\lptmr.o
 .debug_abbrev  0x00001176      0x101 FEHProteus.o
 .debug_abbrev  0x00001277      0x1c6 Drivers\FEHPropeller.o
 .debug_abbrev  0x0000143d      0x154 Libraries\FEHUtility.o
 .debug_abbrev  0x00001591      0x448 Libraries\FEHIO.o
 .debug_abbrev  0x000019d9      0x12a Drivers\adc16.o
 .debug_abbrev  0x00001b03      0x1da Libraries\FEHBuzzer.o
 .debug_abbrev  0x00001cdd      0x312 Libraries\FEHServo.o
 .debug_abbrev  0x00001fef      0x38c Libraries\FEHLCD.o
 .debug_abbrev  0x0000237b      0x13b Libraries\FEHAccel.o
 .debug_abbrev  0x000024b6      0x1cb Libraries\FEHBattery.o
 .debug_abbrev  0x00002681      0x231 Drivers\FEHXBee.o
 .debug_abbrev  0x000028b2      0x37f Libraries\FEHRPS.o
 .debug_abbrev  0x00002c31      0x33a Libraries\FEHSD.o
 .debug_abbrev  0x00002f6b       0x5d C:\fehqt\Proteus/EWL/lib/armv7e-m\libm.a(w_expf.o)
 .debug_abbrev  0x00002fc8      0x109 C:\fehqt\Proteus/EWL/lib/armv7e-m\libm.a(e_expf.o)
 .debug_abbrev  0x000030d1       0x48 C:\fehqt\Proteus/EWL/lib/armv7e-m\libc.a(errno.o)
 .debug_abbrev  0x00003119       0x8f C:\fehqt\Proteus/EWL/lib/armv7e-m\libc.a(exit.o)
 .debug_abbrev  0x000031a8       0x66 C:\fehqt\Proteus/EWL/lib/armv7e-m\libc.a(memset.o)
 .debug_abbrev  0x0000320e       0x7e C:\fehqt\Proteus/EWL/lib/armv7e-m\libc.a(strlen.o)
 .debug_abbrev  0x0000328c      0x204 C:\fehqt\Proteus/EWL/lib/armv7e-m\libc.a(printformat_.o)
 .debug_abbrev  0x00003490      0x1fb C:\fehqt\Proteus/EWL/lib/armv7e-m\libc.a(scanformat_.o)
 .debug_abbrev  0x0000368b       0x9a C:\fehqt\Proteus/EWL/lib/armv7e-m\libc.a(ctype_aeabi.o)
 .debug_abbrev  0x00003725       0xc6 C:\fehqt\Proteus/EWL/lib/armv7e-m\libc.a(__strtoul.o)
 .debug_abbrev  0x000037eb       0x8b C:\fehqt\Proteus/EWL/lib/armv7e-m\libc.a(__filll_mem.o)
 .debug_abbrev  0x00003876       0x99 C:\fehqt\Proteus/EWL/lib/armv7e-m\libc.a(memchr.o)
 .debug_abbrev  0x0000390f       0x8d C:\fehqt\Proteus/EWL/lib/armv7e-m\libc.a(strchr.o)
 .debug_abbrev  0x0000399c       0x9d C:\fehqt\Proteus/EWL/lib/armv7e-m\librt.a(gcc_ctor_dtor.o)
 .debug_abbrev  0x00003a39      0x160 C:\fehqt\Proteus/EWL/lib/armv7e-m\librt.a(ROMCopy.o)
 .debug_abbrev  0x00003b99      0x1d0 C:\fehqt\Proteus/EWL/lib/armv7e-m\librt.a(__arm_eabi_init.o)

.debug_loc      0x00000000     0x67ed
 .debug_loc     0x00000000      0x25c ..\main.o
 .debug_loc     0x0000025c       0xb0 Startup\__arm_start.o
 .debug_loc     0x0000030c       0x38 Startup\__arm_end.o
 .debug_loc     0x00000344       0x84 Startup\kinetis_sysinit.o
 .debug_loc     0x000003c8       0xe0 Libraries\FEHMotor.o
 .debug_loc     0x000004a8       0xe0 Drivers\i2c.o
 .debug_loc     0x00000588      0x19c Drivers\spi.o
 .debug_loc     0x00000724       0xe0 Drivers\uart.o
 .debug_loc     0x00000804      0xa96 Drivers\ff.o
 .debug_loc     0x0000129a      0x370 Drivers\SDHC.o
 .debug_loc     0x0000160a       0x38 Drivers\lptmr.o
 .debug_loc     0x00001642       0x64 FEHProteus.o
 .debug_loc     0x000016a6      0x118 Drivers\FEHPropeller.o
 .debug_loc     0x000017be      0x1a8 Libraries\FEHUtility.o
 .debug_loc     0x00001966      0x8d6 Libraries\FEHIO.o
 .debug_loc     0x0000223c       0xa8 Drivers\adc16.o
 .debug_loc     0x000022e4      0x304 Libraries\FEHBuzzer.o
 .debug_loc     0x000025e8      0x1fa Libraries\FEHServo.o
 .debug_loc     0x000027e2     0x1147 Libraries\FEHLCD.o
 .debug_loc     0x00003929      0x144 Libraries\FEHAccel.o
 .debug_loc     0x00003a6d       0xd4 Libraries\FEHBattery.o
 .debug_loc     0x00003b41      0x1c0 Drivers\FEHXBee.o
 .debug_loc     0x00003d01      0x420 Libraries\FEHRPS.o
 .debug_loc     0x00004121      0x188 Libraries\FEHSD.o
 .debug_loc     0x000042a9       0x13 C:\fehqt\Proteus/EWL/lib/armv7e-m\libm.a(w_expf.o)
 .debug_loc     0x000042bc      0x210 C:\fehqt\Proteus/EWL/lib/armv7e-m\libm.a(e_expf.o)
 .debug_loc     0x000044cc       0x3e C:\fehqt\Proteus/EWL/lib/armv7e-m\libc.a(exit.o)
 .debug_loc     0x0000450a       0x64 C:\fehqt\Proteus/EWL/lib/armv7e-m\libc.a(memset.o)
 .debug_loc     0x0000456e       0x31 C:\fehqt\Proteus/EWL/lib/armv7e-m\libc.a(strlen.o)
 .debug_loc     0x0000459f     0x106f C:\fehqt\Proteus/EWL/lib/armv7e-m\libc.a(printformat_.o)
 .debug_loc     0x0000560e      0x8cb C:\fehqt\Proteus/EWL/lib/armv7e-m\libc.a(scanformat_.o)
 .debug_loc     0x00005ed9      0x18e C:\fehqt\Proteus/EWL/lib/armv7e-m\libc.a(ctype_aeabi.o)
 .debug_loc     0x00006067      0x2ad C:\fehqt\Proteus/EWL/lib/armv7e-m\libc.a(__strtoul.o)
 .debug_loc     0x00006314      0x12c C:\fehqt\Proteus/EWL/lib/armv7e-m\libc.a(__filll_mem.o)
 .debug_loc     0x00006440       0x82 C:\fehqt\Proteus/EWL/lib/armv7e-m\libc.a(memchr.o)
 .debug_loc     0x000064c2       0x78 C:\fehqt\Proteus/EWL/lib/armv7e-m\libc.a(strchr.o)
 .debug_loc     0x0000653a       0xbe C:\fehqt\Proteus/EWL/lib/armv7e-m\librt.a(gcc_ctor_dtor.o)
 .debug_loc     0x000065f8       0x9b C:\fehqt\Proteus/EWL/lib/armv7e-m\librt.a(ROMCopy.o)
 .debug_loc     0x00006693      0x15a C:\fehqt\Proteus/EWL/lib/armv7e-m\librt.a(__arm_eabi_init.o)

.debug_aranges  0x00000000      0xe98
 .debug_aranges
                0x00000000       0x70 ..\main.o
 .debug_aranges
                0x00000070       0x48 Startup\__arm_start.o
 .debug_aranges
                0x000000b8       0x20 Startup\__arm_end.o
 .debug_aranges
                0x000000d8       0x30 Startup\kinetis_sysinit.o
 .debug_aranges
                0x00000108       0x38 Libraries\FEHMotor.o
 .debug_aranges
                0x00000140       0x38 Drivers\i2c.o
 .debug_aranges
                0x00000178       0x58 Drivers\spi.o
 .debug_aranges
                0x000001d0       0x38 Drivers\uart.o
 .debug_aranges
                0x00000208      0x198 Drivers\ff.o
 .debug_aranges
                0x000003a0       0x98 Drivers\SDHC.o
 .debug_aranges
                0x00000438       0x20 Drivers\lptmr.o
 .debug_aranges
                0x00000458       0x28 FEHProteus.o
 .debug_aranges
                0x00000480       0x40 Drivers\FEHPropeller.o
 .debug_aranges
                0x000004c0       0x58 Libraries\FEHUtility.o
 .debug_aranges
                0x00000518      0x160 Libraries\FEHIO.o
 .debug_aranges
                0x00000678       0x30 Drivers\adc16.o
 .debug_aranges
                0x000006a8       0x88 Libraries\FEHBuzzer.o
 .debug_aranges
                0x00000730       0x60 Libraries\FEHServo.o
 .debug_aranges
                0x00000790      0x290 Libraries\FEHLCD.o
 .debug_aranges
                0x00000a20       0x48 Libraries\FEHAccel.o
 .debug_aranges
                0x00000a68       0x38 Libraries\FEHBattery.o
 .debug_aranges
                0x00000aa0       0x58 Drivers\FEHXBee.o
 .debug_aranges
                0x00000af8       0xb0 Libraries\FEHRPS.o
 .debug_aranges
                0x00000ba8       0x50 Libraries\FEHSD.o
 .debug_aranges
                0x00000bf8       0x20 C:\fehqt\Proteus/EWL/lib/armv7e-m\libm.a(w_expf.o)
 .debug_aranges
                0x00000c18       0x20 C:\fehqt\Proteus/EWL/lib/armv7e-m\libm.a(e_expf.o)
 .debug_aranges
                0x00000c38       0x20 C:\fehqt\Proteus/EWL/lib/armv7e-m\libc.a(exit.o)
 .debug_aranges
                0x00000c58       0x20 C:\fehqt\Proteus/EWL/lib/armv7e-m\libc.a(memset.o)
 .debug_aranges
                0x00000c78       0x20 C:\fehqt\Proteus/EWL/lib/armv7e-m\libc.a(strlen.o)
 .debug_aranges
                0x00000c98       0x28 C:\fehqt\Proteus/EWL/lib/armv7e-m\libc.a(printformat_.o)
 .debug_aranges
                0x00000cc0       0x20 C:\fehqt\Proteus/EWL/lib/armv7e-m\libc.a(scanformat_.o)
 .debug_aranges
                0x00000ce0       0x88 C:\fehqt\Proteus/EWL/lib/armv7e-m\libc.a(ctype_aeabi.o)
 .debug_aranges
                0x00000d68       0x20 C:\fehqt\Proteus/EWL/lib/armv7e-m\libc.a(__strtoul.o)
 .debug_aranges
                0x00000d88       0x20 C:\fehqt\Proteus/EWL/lib/armv7e-m\libc.a(__filll_mem.o)
 .debug_aranges
                0x00000da8       0x20 C:\fehqt\Proteus/EWL/lib/armv7e-m\libc.a(memchr.o)
 .debug_aranges
                0x00000dc8       0x20 C:\fehqt\Proteus/EWL/lib/armv7e-m\libc.a(strchr.o)
 .debug_aranges
                0x00000de8       0x28 C:\fehqt\Proteus/EWL/lib/armv7e-m\librt.a(gcc_ctor_dtor.o)
 .debug_aranges
                0x00000e10       0x30 C:\fehqt\Proteus/EWL/lib/armv7e-m\librt.a(ROMCopy.o)
 .debug_aranges
                0x00000e40       0x58 C:\fehqt\Proteus/EWL/lib/armv7e-m\librt.a(__arm_eabi_init.o)

.debug_line     0x00000000     0x7bbc
 .debug_line    0x00000000      0x4b6 ..\main.o
 .debug_line    0x000004b6      0x3ad Startup\__arm_start.o
 .debug_line    0x00000863      0x21a Startup\__arm_end.o
 .debug_line    0x00000a7d      0x283 Startup\kinetis_sysinit.o
 .debug_line    0x00000d00      0x237 Libraries\FEHMotor.o
 .debug_line    0x00000f37      0x2ad Drivers\i2c.o
 .debug_line    0x000011e4      0x295 Drivers\spi.o
 .debug_line    0x00001479      0x212 Drivers\uart.o
 .debug_line    0x0000168b     0x1114 Drivers\ff.o
 .debug_line    0x0000279f      0x678 Drivers\SDHC.o
 .debug_line    0x00002e17      0x1c0 Drivers\lptmr.o
 .debug_line    0x00002fd7      0x1da FEHProteus.o
 .debug_line    0x000031b1      0x264 Drivers\FEHPropeller.o
 .debug_line    0x00003415      0x282 Libraries\FEHUtility.o
 .debug_line    0x00003697      0x6ee Libraries\FEHIO.o
 .debug_line    0x00003d85      0x20f Drivers\adc16.o
 .debug_line    0x00003f94      0x2df Libraries\FEHBuzzer.o
 .debug_line    0x00004273      0x545 Libraries\FEHServo.o
 .debug_line    0x000047b8     0x1151 Libraries\FEHLCD.o
 .debug_line    0x00005909      0x23f Libraries\FEHAccel.o
 .debug_line    0x00005b48      0x218 Libraries\FEHBattery.o
 .debug_line    0x00005d60      0x349 Drivers\FEHXBee.o
 .debug_line    0x000060a9      0x70d Libraries\FEHRPS.o
 .debug_line    0x000067b6      0x334 Libraries\FEHSD.o
 .debug_line    0x00006aea       0x76 C:\fehqt\Proteus/EWL/lib/armv7e-m\libm.a(w_expf.o)
 .debug_line    0x00006b60       0xe7 C:\fehqt\Proteus/EWL/lib/armv7e-m\libm.a(e_expf.o)
 .debug_line    0x00006c47       0x4d C:\fehqt\Proteus/EWL/lib/armv7e-m\libc.a(errno.o)
 .debug_line    0x00006c94       0x94 C:\fehqt\Proteus/EWL/lib/armv7e-m\libc.a(exit.o)
 .debug_line    0x00006d28       0x8f C:\fehqt\Proteus/EWL/lib/armv7e-m\libc.a(memset.o)
 .debug_line    0x00006db7       0x89 C:\fehqt\Proteus/EWL/lib/armv7e-m\libc.a(strlen.o)
 .debug_line    0x00006e40      0x2c6 C:\fehqt\Proteus/EWL/lib/armv7e-m\libc.a(printformat_.o)
 .debug_line    0x00007106      0x2e3 C:\fehqt\Proteus/EWL/lib/armv7e-m\libc.a(scanformat_.o)
 .debug_line    0x000073e9      0x1dd C:\fehqt\Proteus/EWL/lib/armv7e-m\libc.a(ctype_aeabi.o)
 .debug_line    0x000075c6      0x141 C:\fehqt\Proteus/EWL/lib/armv7e-m\libc.a(__strtoul.o)
 .debug_line    0x00007707      0x121 C:\fehqt\Proteus/EWL/lib/armv7e-m\libc.a(__filll_mem.o)
 .debug_line    0x00007828       0xa3 C:\fehqt\Proteus/EWL/lib/armv7e-m\libc.a(memchr.o)
 .debug_line    0x000078cb       0x84 C:\fehqt\Proteus/EWL/lib/armv7e-m\libc.a(strchr.o)
 .debug_line    0x0000794f       0x94 C:\fehqt\Proteus/EWL/lib/armv7e-m\librt.a(gcc_ctor_dtor.o)
 .debug_line    0x000079e3       0xc0 C:\fehqt\Proteus/EWL/lib/armv7e-m\librt.a(ROMCopy.o)
 .debug_line    0x00007aa3      0x119 C:\fehqt\Proteus/EWL/lib/armv7e-m\librt.a(__arm_eabi_init.o)

.debug_macinfo  0x00000000   0x89ce79
 .debug_macinfo
                0x00000000    0x661af ..\main.o
 .debug_macinfo
                0x000661af    0x647fb Startup\__arm_start.o
 .debug_macinfo
                0x000ca9aa     0x3464 Startup\__arm_end.o
 .debug_macinfo
                0x000cde0e    0x64cce Startup\kinetis_sysinit.o
 .debug_macinfo
                0x00132adc    0x6305c Libraries\FEHMotor.o
 .debug_macinfo
                0x00195b38    0x6318f Drivers\i2c.o
 .debug_macinfo
                0x001f8cc7    0x62fd6 Drivers\spi.o
 .debug_macinfo
                0x0025bc9d    0x62fc7 Drivers\uart.o
 .debug_macinfo
                0x002bec64     0x4396 Drivers\ff.o
 .debug_macinfo
                0x002c2ffa    0x6452b Drivers\SDHC.o
 .debug_macinfo
                0x00327525    0x63036 Drivers\lptmr.o
 .debug_macinfo
                0x0038a55b    0x62fdc FEHProteus.o
 .debug_macinfo
                0x003ed537    0x63085 Drivers\FEHPropeller.o
 .debug_macinfo
                0x004505bc    0x62ff1 Libraries\FEHUtility.o
 .debug_macinfo
                0x004b35ad    0x64348 Libraries\FEHIO.o
 .debug_macinfo
                0x005178f5    0x63678 Drivers\adc16.o
 .debug_macinfo
                0x0057af6d    0x6301e Libraries\FEHBuzzer.o
 .debug_macinfo
                0x005ddf8b    0x64476 Libraries\FEHServo.o
 .debug_macinfo
                0x00642401    0x649ab Libraries\FEHLCD.o
 .debug_macinfo
                0x006a6dac    0x631be Libraries\FEHAccel.o
 .debug_macinfo
                0x00709f6a    0x636a3 Libraries\FEHBattery.o
 .debug_macinfo
                0x0076d60d    0x63d5d Drivers\FEHXBee.o
 .debug_macinfo
                0x007d136a    0x6627e Libraries\FEHRPS.o
 .debug_macinfo
                0x008375e8    0x65891 Libraries\FEHSD.o

.debug_str      0x00000000     0x4e05
 .debug_str     0x00000000     0x15e2 ..\main.o
                               0x16b2 (size before relaxing)
 .debug_str     0x000015e2      0x338 Startup\__arm_start.o
                                0xe77 (size before relaxing)
 .debug_str     0x0000191a       0x23 Startup\__arm_end.o
                                 0xcb (size before relaxing)
 .debug_str     0x0000193d      0x1d6 Startup\kinetis_sysinit.o
                                0x376 (size before relaxing)
 .debug_str     0x00001b13       0x2f Libraries\FEHMotor.o
                                0x2e9 (size before relaxing)
 .debug_str     0x00001b42      0x11a Drivers\i2c.o
                                0x212 (size before relaxing)
 .debug_str     0x00001c5c      0x18b Drivers\spi.o
                                0x3cb (size before relaxing)
 .debug_str     0x00001de7      0x188 Drivers\uart.o
                                0x360 (size before relaxing)
 .debug_str     0x00001f6f      0x6b5 Drivers\ff.o
                                0x863 (size before relaxing)
 .debug_str     0x00002624      0x546 Drivers\SDHC.o
                                0x839 (size before relaxing)
 .debug_str     0x00002b6a       0x5a Drivers\lptmr.o
                                0x219 (size before relaxing)
 .debug_str     0x00002bc4       0x28 FEHProteus.o
                                0x265 (size before relaxing)
 .debug_str     0x00002bec       0x1f Drivers\FEHPropeller.o
                                0x3a6 (size before relaxing)
 .debug_str     0x00002c0b       0xc0 Libraries\FEHUtility.o
                                0x1ea (size before relaxing)
 .debug_str     0x00002ccb      0xcf1 Libraries\FEHIO.o
                               0x12bb (size before relaxing)
 .debug_str     0x000039bc       0xd7 Drivers\adc16.o
                                0x2aa (size before relaxing)
 .debug_str     0x00003a93      0x1ba Libraries\FEHBuzzer.o
                                0x3bc (size before relaxing)
 .debug_str     0x00003c4d      0x24c Libraries\FEHServo.o
                               0x111c (size before relaxing)
 .debug_str     0x00003e99      0x2c3 Libraries\FEHLCD.o
                               0x111d (size before relaxing)
 .debug_str     0x0000415c       0x68 Libraries\FEHAccel.o
                                0x1ae (size before relaxing)
 .debug_str     0x000041c4       0x5d Libraries\FEHBattery.o
                                0x36f (size before relaxing)
 .debug_str     0x00004221       0xfd Drivers\FEHXBee.o
                                0x555 (size before relaxing)
 .debug_str     0x0000431e      0x165 Libraries\FEHRPS.o
                               0x1565 (size before relaxing)
 .debug_str     0x00004483       0x75 Libraries\FEHSD.o
                                0xf3a (size before relaxing)
 .debug_str     0x000044f8       0x84 C:\fehqt\Proteus/EWL/lib/armv7e-m\libm.a(w_expf.o)
                                0x12b (size before relaxing)
 .debug_str     0x0000457c       0x82 C:\fehqt\Proteus/EWL/lib/armv7e-m\libm.a(e_expf.o)
                                0x1a7 (size before relaxing)
 .debug_str     0x000045fe       0x12 C:\fehqt\Proteus/EWL/lib/armv7e-m\libc.a(errno.o)
                                0x12c (size before relaxing)
 .debug_str     0x00004610       0x2e C:\fehqt\Proteus/EWL/lib/armv7e-m\libc.a(exit.o)
                                0x14e (size before relaxing)
 .debug_str     0x0000463e       0x1c C:\fehqt\Proteus/EWL/lib/armv7e-m\libc.a(memset.o)
                                0x140 (size before relaxing)
 .debug_str     0x0000465a       0x24 C:\fehqt\Proteus/EWL/lib/armv7e-m\libc.a(strlen.o)
                                0x140 (size before relaxing)
 .debug_str     0x0000467e      0x209 C:\fehqt\Proteus/EWL/lib/armv7e-m\libc.a(printformat_.o)
                                0x3aa (size before relaxing)
 .debug_str     0x00004887      0x17b C:\fehqt\Proteus/EWL/lib/armv7e-m\libc.a(scanformat_.o)
                                0x3f0 (size before relaxing)
 .debug_str     0x00004a02       0x9d C:\fehqt\Proteus/EWL/lib/armv7e-m\libc.a(ctype_aeabi.o)
                                0x1b3 (size before relaxing)
 .debug_str     0x00004a9f       0x55 C:\fehqt\Proteus/EWL/lib/armv7e-m\libc.a(__strtoul.o)
                                0x1f2 (size before relaxing)
 .debug_str     0x00004af4       0x25 C:\fehqt\Proteus/EWL/lib/armv7e-m\libc.a(__filll_mem.o)
                                0x152 (size before relaxing)
 .debug_str     0x00004b19       0x1c C:\fehqt\Proteus/EWL/lib/armv7e-m\libc.a(memchr.o)
                                0x148 (size before relaxing)
 .debug_str     0x00004b35       0x1c C:\fehqt\Proteus/EWL/lib/armv7e-m\libc.a(strchr.o)
                                0x137 (size before relaxing)
 .debug_str     0x00004b51      0x126 C:\fehqt\Proteus/EWL/lib/armv7e-m\librt.a(gcc_ctor_dtor.o)
                                0x185 (size before relaxing)
 .debug_str     0x00004c77       0x9b C:\fehqt\Proteus/EWL/lib/armv7e-m\librt.a(ROMCopy.o)
                                0x140 (size before relaxing)
 .debug_str     0x00004d12       0xf3 C:\fehqt\Proteus/EWL/lib/armv7e-m\librt.a(__arm_eabi_init.o)
                                0x1ac (size before relaxing)

.comment        0x00000000       0x79
 .comment       0x00000000       0x79 ..\main.o
                                 0x7a (size before relaxing)
 .comment       0x00000000       0x7a Startup\__arm_start.o
 .comment       0x00000000       0x7a Startup\__arm_end.o
 .comment       0x00000000       0x7a Startup\kinetis_sysinit.o
 .comment       0x00000000       0x7a Libraries\FEHMotor.o
 .comment       0x00000000       0x7a Drivers\i2c.o
 .comment       0x00000000       0x7a Drivers\spi.o
 .comment       0x00000000       0x7a Drivers\uart.o
 .comment       0x00000000       0x7a Drivers\ff.o
 .comment       0x00000000       0x7a Drivers\SDHC.o
 .comment       0x00000000       0x7a Drivers\lptmr.o
 .comment       0x00000000       0x7a FEHProteus.o
 .comment       0x00000000       0x7a Drivers\FEHPropeller.o
 .comment       0x00000000       0x7a Libraries\FEHUtility.o
 .comment       0x00000000       0x7a Libraries\FEHIO.o
 .comment       0x00000000       0x7a Drivers\adc16.o
 .comment       0x00000000       0x7a Libraries\FEHBuzzer.o
 .comment       0x00000000       0x7a Libraries\FEHServo.o
 .comment       0x00000000       0x7a Libraries\FEHLCD.o
 .comment       0x00000000       0x7a Libraries\FEHAccel.o
 .comment       0x00000000       0x7a Libraries\FEHBattery.o
 .comment       0x00000000       0x7a Drivers\FEHXBee.o
 .comment       0x00000000       0x7a Libraries\FEHRPS.o
 .comment       0x00000000       0x7a Libraries\FEHSD.o
 .comment       0x00000000       0x7a C:\fehqt\Proteus/EWL/lib/armv7e-m\libm.a(w_expf.o)
 .comment       0x00000000       0x7a C:\fehqt\Proteus/EWL/lib/armv7e-m\libm.a(e_expf.o)
 .comment       0x00000000       0x7a C:\fehqt\Proteus/EWL/lib/armv7e-m\libc.a(errno.o)
 .comment       0x00000000       0x7a C:\fehqt\Proteus/EWL/lib/armv7e-m\libc.a(exit.o)
 .comment       0x00000000       0x7a C:\fehqt\Proteus/EWL/lib/armv7e-m\libc.a(memset.o)
 .comment       0x00000000       0x7a C:\fehqt\Proteus/EWL/lib/armv7e-m\libc.a(strlen.o)
 .comment       0x00000000       0x7a C:\fehqt\Proteus/EWL/lib/armv7e-m\libc.a(printformat_.o)
 .comment       0x00000000       0x7a C:\fehqt\Proteus/EWL/lib/armv7e-m\libc.a(scanformat_.o)
 .comment       0x00000000       0x7a C:\fehqt\Proteus/EWL/lib/armv7e-m\libc.a(ctype_aeabi.o)
 .comment       0x00000000       0x7a C:\fehqt\Proteus/EWL/lib/armv7e-m\libc.a(__strtoul.o)
 .comment       0x00000000       0x7a C:\fehqt\Proteus/EWL/lib/armv7e-m\libc.a(__filll_mem.o)
 .comment       0x00000000       0x7a C:\fehqt\Proteus/EWL/lib/armv7e-m\libc.a(memchr.o)
 .comment       0x00000000       0x7a C:\fehqt\Proteus/EWL/lib/armv7e-m\libc.a(strchr.o)
 .comment       0x00000000       0x7a C:\fehqt\Proteus/EWL/lib/armv7e-m\librt.a(gcc_ctor_dtor.o)
 .comment       0x00000000       0x7a C:\fehqt\Proteus/EWL/lib/armv7e-m\librt.a(ROMCopy.o)
 .comment       0x00000000       0x7a C:\fehqt\Proteus/EWL/lib/armv7e-m\librt.a(__arm_eabi_init.o)

.debug_frame    0x00000000     0x2ae4
 .debug_frame   0x00000000      0x170 ..\main.o
 .debug_frame   0x00000170       0x98 Startup\__arm_start.o
 .debug_frame   0x00000208       0x2c Startup\__arm_end.o
 .debug_frame   0x00000234       0x5c Startup\kinetis_sysinit.o
 .debug_frame   0x00000290       0x94 Libraries\FEHMotor.o
 .debug_frame   0x00000324       0x88 Drivers\i2c.o
 .debug_frame   0x000003ac       0xf8 Drivers\spi.o
 .debug_frame   0x000004a4       0x84 Drivers\uart.o
 .debug_frame   0x00000528      0x5e8 Drivers\ff.o
 .debug_frame   0x00000b10      0x1e8 Drivers\SDHC.o
 .debug_frame   0x00000cf8       0x2c Drivers\lptmr.o
 .debug_frame   0x00000d24       0x4c FEHProteus.o
 .debug_frame   0x00000d70       0xa8 Drivers\FEHPropeller.o
 .debug_frame   0x00000e18       0xf8 Libraries\FEHUtility.o
 .debug_frame   0x00000f10      0x4e8 Libraries\FEHIO.o
 .debug_frame   0x000013f8       0x64 Drivers\adc16.o
 .debug_frame   0x0000145c      0x1c8 Libraries\FEHBuzzer.o
 .debug_frame   0x00001624      0x12c Libraries\FEHServo.o
 .debug_frame   0x00001750      0x9c0 Libraries\FEHLCD.o
 .debug_frame   0x00002110       0xd8 Libraries\FEHAccel.o
 .debug_frame   0x000021e8       0x8c Libraries\FEHBattery.o
 .debug_frame   0x00002274       0xfc Drivers\FEHXBee.o
 .debug_frame   0x00002370      0x248 Libraries\FEHRPS.o
 .debug_frame   0x000025b8       0xf0 Libraries\FEHSD.o
 .debug_frame   0x000026a8       0x20 C:\fehqt\Proteus/EWL/lib/armv7e-m\libm.a(w_expf.o)
 .debug_frame   0x000026c8       0x30 C:\fehqt\Proteus/EWL/lib/armv7e-m\libm.a(e_expf.o)
 .debug_frame   0x000026f8       0x28 C:\fehqt\Proteus/EWL/lib/armv7e-m\libc.a(exit.o)
 .debug_frame   0x00002720       0x28 C:\fehqt\Proteus/EWL/lib/armv7e-m\libc.a(memset.o)
 .debug_frame   0x00002748       0x20 C:\fehqt\Proteus/EWL/lib/armv7e-m\libc.a(strlen.o)
 .debug_frame   0x00002768       0x64 C:\fehqt\Proteus/EWL/lib/armv7e-m\libc.a(printformat_.o)
 .debug_frame   0x000027cc       0x3c C:\fehqt\Proteus/EWL/lib/armv7e-m\libc.a(scanformat_.o)
 .debug_frame   0x00002808       0xf0 C:\fehqt\Proteus/EWL/lib/armv7e-m\libc.a(ctype_aeabi.o)
 .debug_frame   0x000028f8       0x3c C:\fehqt\Proteus/EWL/lib/armv7e-m\libc.a(__strtoul.o)
 .debug_frame   0x00002934       0x2c C:\fehqt\Proteus/EWL/lib/armv7e-m\libc.a(__filll_mem.o)
 .debug_frame   0x00002960       0x28 C:\fehqt\Proteus/EWL/lib/armv7e-m\libc.a(memchr.o)
 .debug_frame   0x00002988       0x20 C:\fehqt\Proteus/EWL/lib/armv7e-m\libc.a(strchr.o)
 .debug_frame   0x000029a8       0x48 C:\fehqt\Proteus/EWL/lib/armv7e-m\librt.a(gcc_ctor_dtor.o)
 .debug_frame   0x000029f0       0x48 C:\fehqt\Proteus/EWL/lib/armv7e-m\librt.a(ROMCopy.o)
 .debug_frame   0x00002a38       0xac C:\fehqt\Proteus/EWL/lib/armv7e-m\librt.a(__arm_eabi_init.o)
