Archive member included because of file (symbol)

C:\fehqt\Proteus/EWL/lib/armv7e-m\libm.a(s_cos.o)
                              ..\drive.o (cos)
C:\fehqt\Proteus/EWL/lib/armv7e-m\libm.a(s_cosf.o)
                              ..\robot.o (cosf)
C:\fehqt\Proteus/EWL/lib/armv7e-m\libm.a(s_sinf.o)
                              ..\robot.o (sinf)
C:\fehqt\Proteus/EWL/lib/armv7e-m\libm.a(w_atan2f.o)
                              ..\drive.o (atan2f)
C:\fehqt\Proteus/EWL/lib/armv7e-m\libm.a(w_pow.o)
                              ..\drive.o (pow)
C:\fehqt\Proteus/EWL/lib/armv7e-m\libm.a(e_atan2f.o)
                              C:\fehqt\Proteus/EWL/lib/armv7e-m\libm.a(w_atan2f.o) (__ieee754_atan2f)
C:\fehqt\Proteus/EWL/lib/armv7e-m\libm.a(e_pow.o)
                              C:\fehqt\Proteus/EWL/lib/armv7e-m\libm.a(w_pow.o) (__ieee754_pow)
C:\fehqt\Proteus/EWL/lib/armv7e-m\libm.a(e_rem_pio2.o)
                              C:\fehqt\Proteus/EWL/lib/armv7e-m\libm.a(s_cos.o) (__ieee754_rem_pio2)
C:\fehqt\Proteus/EWL/lib/armv7e-m\libm.a(e_rem_pio2f.o)
                              C:\fehqt\Proteus/EWL/lib/armv7e-m\libm.a(s_cosf.o) (__ieee754_rem_pio2f)
C:\fehqt\Proteus/EWL/lib/armv7e-m\libm.a(float.o)
                              C:\fehqt\Proteus/EWL/lib/armv7e-m\libm.a(e_pow.o) (__double_nan)
C:\fehqt\Proteus/EWL/lib/armv7e-m\libm.a(k_cos.o)
                              C:\fehqt\Proteus/EWL/lib/armv7e-m\libm.a(s_cos.o) (__kernel_cos)
C:\fehqt\Proteus/EWL/lib/armv7e-m\libm.a(k_cosf.o)
                              C:\fehqt\Proteus/EWL/lib/armv7e-m\libm.a(s_cosf.o) (__kernel_cosf)
C:\fehqt\Proteus/EWL/lib/armv7e-m\libm.a(k_rem_pio2.o)
                              C:\fehqt\Proteus/EWL/lib/armv7e-m\libm.a(e_rem_pio2.o) (__kernel_rem_pio2)
C:\fehqt\Proteus/EWL/lib/armv7e-m\libm.a(k_rem_pio2f.o)
                              C:\fehqt\Proteus/EWL/lib/armv7e-m\libm.a(e_rem_pio2f.o) (__kernel_rem_pio2f)
C:\fehqt\Proteus/EWL/lib/armv7e-m\libm.a(k_sin.o)
                              C:\fehqt\Proteus/EWL/lib/armv7e-m\libm.a(s_cos.o) (__kernel_sin)
C:\fehqt\Proteus/EWL/lib/armv7e-m\libm.a(k_sinf.o)
                              C:\fehqt\Proteus/EWL/lib/armv7e-m\libm.a(s_cosf.o) (__kernel_sinf)
C:\fehqt\Proteus/EWL/lib/armv7e-m\libm.a(math_api.o)
                              C:\fehqt\Proteus/EWL/lib/armv7e-m\libm.a(e_pow.o) (__fpclassifyd)
C:\fehqt\Proteus/EWL/lib/armv7e-m\libm.a(s_atanf.o)
                              C:\fehqt\Proteus/EWL/lib/armv7e-m\libm.a(e_atan2f.o) (atanf)
C:\fehqt\Proteus/EWL/lib/armv7e-m\libm.a(s_floor.o)
                              C:\fehqt\Proteus/EWL/lib/armv7e-m\libm.a(k_rem_pio2.o) (floor)
C:\fehqt\Proteus/EWL/lib/armv7e-m\libm.a(s_floorf.o)
                              C:\fehqt\Proteus/EWL/lib/armv7e-m\libm.a(k_rem_pio2f.o) (floorf)
C:\fehqt\Proteus/EWL/lib/armv7e-m\libm.a(s_scalbnf.o)
                              C:\fehqt\Proteus/EWL/lib/armv7e-m\libm.a(k_rem_pio2f.o) (scalbnf)
C:\fehqt\Proteus/EWL/lib/armv7e-m\libm.a(scalbn.o)
                              C:\fehqt\Proteus/EWL/lib/armv7e-m\libm.a(e_pow.o) (scalbn)
C:\fehqt\Proteus/EWL/lib/armv7e-m\libm.a(w_sqrt.o)
                              C:\fehqt\Proteus/EWL/lib/armv7e-m\libm.a(e_pow.o) (sqrt)
C:\fehqt\Proteus/EWL/lib/armv7e-m\libm.a(e_sqrt.o)
                              C:\fehqt\Proteus/EWL/lib/armv7e-m\libm.a(w_sqrt.o) (__ieee754_sqrt)
C:\fehqt\Proteus/EWL/lib/armv7e-m\libm.a(s_frexp.o)
                              C:\fehqt\Proteus/EWL/lib/armv7e-m\libm.a(scalbn.o) (frexp)
C:\fehqt\Proteus/EWL/lib/armv7e-m\libm.a(s_ldexp.o)
                              C:\fehqt\Proteus/EWL/lib/armv7e-m\libm.a(scalbn.o) (ldexp)
C:\fehqt\Proteus/EWL/lib/armv7e-m\libc.a(errno.o)
                              C:\fehqt\Proteus/EWL/lib/armv7e-m\libm.a(e_atan2f.o) (errno)
C:\fehqt\Proteus/EWL/lib/armv7e-m\libc.a(sprintf.o)
                              Libraries\FEHLCD.o (sprintf)
C:\fehqt\Proteus/EWL/lib/armv7e-m\libc.a(vsnprintf.o)
                              C:\fehqt\Proteus/EWL/lib/armv7e-m\libc.a(sprintf.o) (vsnprintf)
C:\fehqt\Proteus/EWL/lib/armv7e-m\libc.a(exit.o)
                              Startup\__arm_start.o (exit)
C:\fehqt\Proteus/EWL/lib/armv7e-m\libc.a(memcpy.o)
                              ..\worldstate.o (memcpy)
C:\fehqt\Proteus/EWL/lib/armv7e-m\libc.a(memset.o)
                              Startup\__arm_start.o (memset)
C:\fehqt\Proteus/EWL/lib/armv7e-m\libc.a(strcmp.o)
                              Libraries\FEHLCD.o (strcmp)
C:\fehqt\Proteus/EWL/lib/armv7e-m\libc.a(strcpy.o)
                              Libraries\FEHLCD.o (strcpy)
C:\fehqt\Proteus/EWL/lib/armv7e-m\libc.a(strlen.o)
                              Libraries\FEHLCD.o (strlen)
C:\fehqt\Proteus/EWL/lib/armv7e-m\libc.a(math_ARM.o)
                              C:\fehqt\Proteus/EWL/lib/armv7e-m\libm.a(math_api.o) (__ewl_count_bits32)
C:\fehqt\Proteus/EWL/lib/armv7e-m\libc.a(printformat_.o)
                              (__pformatter_)
[...]
Memory Configuration

Name             Origin             Length             Attributes
m_interrupts     0x0000c000         0x00000400         xr
m_cfmprotrom     0x0000c400         0x00000010         xr
m_text           0x0000c410         0x00073bf0         xr
m_data           0x1fff0400         0x0000fc00         xrw
m_data2          0x20000000         0x00010000         xrw
*default*        0x00000000         0xffffffff

Linker script and memory map

LOAD ..\drive.o
LOAD ..\drivedistance.o
LOAD ..\end.o
LOAD ..\motor.o
LOAD ..\moveservo.o
LOAD ..\orient.o
LOAD ..\readlight.o
LOAD ..\robot.o
LOAD ..\servo.o
LOAD ..\main.o
LOAD ..\waitforlight.o
LOAD ..\waitfortouch.o
LOAD ..\worldstate.o
LOAD Startup\__arm_start.o
LOAD Startup\__arm_end.o
LOAD Startup\kinetis_sysinit.o
LOAD Libraries\FEHMotor.o
LOAD Drivers\mcg.o
LOAD Drivers\i2c.o
LOAD Drivers\spi.o
LOAD Drivers\uart.o
LOAD Drivers\ff.o
LOAD Drivers\SDHC.o
LOAD Drivers\lptmr.o
LOAD FEHProteus.o
LOAD Drivers\FEHPropeller.o
LOAD Libraries\FEHUtility.o
LOAD Libraries\FEHIO.o
LOAD Drivers\adc16.o
LOAD Libraries\FEHBuzzer.o
LOAD Libraries\FEHServo.o
LOAD Libraries\FEHLCD.o
LOAD Libraries\FEHAccel.o
LOAD Libraries\FEHBattery.o
LOAD Drivers\FEHXBee.o
LOAD Libraries\FEHRPS.o
LOAD Libraries\FEHSD.o
                0x0001b184                __pformatter = __pformatter_
                [0x0001b57c]                __sformatter = __sformatter
LOAD C:\fehqt\Proteus/EWL/lib/armv7e-m\libstdc++.a
LOAD C:\fehqt\Proteus/EWL/lib/armv7e-m\libm.a
START GROUP
LOAD C:\fehqt\Proteus/EWL/lib/armv7e-m\libc.a
LOAD C:\fehqt\Proteus/EWL/lib/armv7e-m\libc++.a
LOAD C:\fehqt\Proteus/EWL/lib/armv7e-m\libm.a
LOAD c:/fehqt/proteus/gcc/bin/../lib/gcc/arm-none-eabi/4.6.2/armv7e-m\libgcc.a
LOAD C:\fehqt\Proteus/EWL/lib/armv7e-m\librt.a
LOAD c:/fehqt/proteus/gcc/bin/../lib/gcc/arm-none-eabi/4.6.2/../../../../arm-none-eabi/lib/armv7e-m\libsupc++.a
END GROUP
                0x20000000                _estack = 0x20000000
                0x20000000                __SP_INIT = _estack
                0x00000800                __heap_size = 0x800
                0x00000800                __stack_size = 0x800

.interrupts     0x0000c000      0x1e0
                0x0000c000                __vector_table = .
                0x0000c000                . = ALIGN (0x4)
 *(.vectortable)
 .vectortable   0x0000c000      0x1e0 Startup\kinetis_sysinit.o
                0x0000c1e0                . = ALIGN (0x4)

.cfmprotect     0x0000c400        0x0
                0x0000c400                . = ALIGN (0x4)
 *(.cfmconfig)
                0x0000c400                . = ALIGN (0x4)

.text           0x0000c410    0x12120
                0x0000c410                . = ALIGN (0x4)
 *(.text)
 .text          0x0000c410      0x370 c:/fehqt/proteus/gcc/bin/../lib/gcc/arm-none-eabi/4.6.2/armv7e-m\libgcc.a(_arm_addsubdf3.o)
                0x0000c410                __aeabi_drsub
                0x0000c418                __aeabi_dsub
                0x0000c418                __subdf3
                0x0000c41c                __aeabi_dadd
                0x0000c41c                __adddf3
                0x0000c694                __floatunsidf
                0x0000c694                __aeabi_ui2d
                0x0000c6b4                __floatsidf
                0x0000c6b4                __aeabi_i2d
                0x0000c6d8                __aeabi_f2d
                0x0000c6d8                __extendsfdf2
                0x0000c714                __floatundidf
                0x0000c714                __aeabi_ul2d
                0x0000c724                __floatdidf
                0x0000c724                __aeabi_l2d
 .text          0x0000c780      0x424 c:/fehqt/proteus/gcc/bin/../lib/gcc/arm-none-eabi/4.6.2/armv7e-m\libgcc.a(_arm_muldivdf3.o)
                0x0000c780                __aeabi_dmul
                0x0000c780                __muldf3
                0x0000c9d4                __divdf3
                0x0000c9d4                __aeabi_ddiv
 .text          0x0000cba4      0x110 c:/fehqt/proteus/gcc/bin/../lib/gcc/arm-none-eabi/4.6.2/armv7e-m\libgcc.a(_arm_cmpdf2.o)
                0x0000cba4                __gtdf2
                0x0000cba4                __gedf2
                0x0000cbac                __ltdf2
                0x0000cbac                __ledf2
                0x0000cbb4                __nedf2
                0x0000cbb4                __eqdf2
                0x0000cbb4                __cmpdf2
                0x0000cc30                __aeabi_cdrcmple
                0x0000cc40                __aeabi_cdcmpeq
                0x0000cc40                __aeabi_cdcmple
                0x0000cc50                __aeabi_dcmpeq
                0x0000cc64                __aeabi_dcmplt
                0x0000cc78                __aeabi_dcmple
                0x0000cc8c                __aeabi_dcmpge
                0x0000cca0                __aeabi_dcmpgt
 .text          0x0000ccb4       0x50 c:/fehqt/proteus/gcc/bin/../lib/gcc/arm-none-eabi/4.6.2/armv7e-m\libgcc.a(_arm_fixdfsi.o)
                0x0000ccb4                __aeabi_d2iz
                0x0000ccb4                __fixdfsi
 .text          0x0000cd04       0x40 c:/fehqt/proteus/gcc/bin/../lib/gcc/arm-none-eabi/4.6.2/armv7e-m\libgcc.a(_arm_fixunsdfsi.o)
                0x0000cd04                __aeabi_d2uiz
                0x0000cd04                __fixunsdfsi
 .text          0x0000cd44       0xa0 c:/fehqt/proteus/gcc/bin/../lib/gcc/arm-none-eabi/4.6.2/armv7e-m\libgcc.a(_arm_truncdfsf2.o)
                0x0000cd44                __truncdfsf2
                0x0000cd44                __aeabi_d2f
 .text          0x0000cde4      0x21c c:/fehqt/proteus/gcc/bin/../lib/gcc/arm-none-eabi/4.6.2/armv7e-m\libgcc.a(_arm_addsubsf3.o)
                0x0000cde4                __aeabi_frsub
                0x0000cdec                __subsf3
                0x0000cdec                __aeabi_fsub
                0x0000cdf0                __aeabi_fadd
                0x0000cdf0                __addsf3
                0x0000cf50                __aeabi_ui2f
                0x0000cf50                __floatunsisf
                0x0000cf58                __aeabi_i2f
                0x0000cf58                __floatsisf
                0x0000cf74                __aeabi_ul2f
                0x0000cf74                __floatundisf
                0x0000cf84                __aeabi_l2f
                0x0000cf84                __floatdisf
 .text          0x0000d000      0x2a0 c:/fehqt/proteus/gcc/bin/../lib/gcc/arm-none-eabi/4.6.2/armv7e-m\libgcc.a(_arm_muldivsf3.o)
                0x0000d000                __mulsf3
                0x0000d000                __aeabi_fmul
                0x0000d168                __aeabi_fdiv
                0x0000d168                __divsf3
 .text          0x0000d2a0       0xec c:/fehqt/proteus/gcc/bin/../lib/gcc/arm-none-eabi/4.6.2/armv7e-m\libgcc.a(_arm_cmpsf2.o)
                0x0000d2a0                __gesf2
                0x0000d2a0                __gtsf2
                0x0000d2a8                __lesf2
                0x0000d2a8                __ltsf2
                0x0000d2b0                __nesf2
                0x0000d2b0                __eqsf2
                0x0000d2b0                __cmpsf2
                0x0000d310                __aeabi_cfrcmple
                0x0000d318                __aeabi_cfcmpeq
                0x0000d318                __aeabi_cfcmple
                0x0000d328                __aeabi_fcmpeq
                0x0000d33c                __aeabi_fcmplt
                0x0000d350                __aeabi_fcmple
                0x0000d364                __aeabi_fcmpge
                0x0000d378                __aeabi_fcmpgt
 .text          0x0000d38c       0x4c c:/fehqt/proteus/gcc/bin/../lib/gcc/arm-none-eabi/4.6.2/armv7e-m\libgcc.a(_arm_fixsfsi.o)
                0x0000d38c                __aeabi_f2iz
                0x0000d38c                __fixsfsi
 .text          0x0000d3d8      0xb54 c:/fehqt/proteus/gcc/bin/../lib/gcc/arm-none-eabi/4.6.2/armv7e-m\libgcc.a(unwind-arm.o)
                0x0000d680                _Unwind_VRS_Get
                0x0000d6c0                _Unwind_VRS_Set
                0x0000da20                __aeabi_unwind_cpp_pr2
                0x0000da24                __aeabi_unwind_cpp_pr1
                0x0000da28                __aeabi_unwind_cpp_pr0
                0x0000da2c                _Unwind_VRS_Pop
                0x0000dde0                _Unwind_GetCFA
                0x0000dde4                __gnu_Unwind_RaiseException
                0x0000de44                __gnu_Unwind_ForcedUnwind
                0x0000de58                __gnu_Unwind_Resume
                0x0000de94                __gnu_Unwind_Resume_or_Rethrow
                0x0000dea4                _Unwind_Complete
                0x0000dea8                _Unwind_DeleteException
                0x0000deb8                __gnu_Unwind_Backtrace
 .text          0x0000df2c      0x1ac c:/fehqt/proteus/gcc/bin/../lib/gcc/arm-none-eabi/4.6.2/armv7e-m\libgcc.a(libunwind.o)
                0x0000df2c                __restore_core_regs
                0x0000df2c                restore_core_regs
                0x0000df44                __gnu_Unwind_Restore_VFP
                0x0000df4c                __gnu_Unwind_Save_VFP
                0x0000df54                __gnu_Unwind_Restore_VFP_D
                0x0000df5c                __gnu_Unwind_Save_VFP_D
                0x0000df64                __gnu_Unwind_Restore_VFP_D_16_to_31
                0x0000df6c                __gnu_Unwind_Save_VFP_D_16_to_31
                0x0000df74                __gnu_Unwind_Restore_WMMXD
                0x0000dfb8                __gnu_Unwind_Save_WMMXD
                0x0000dffc                __gnu_Unwind_Restore_WMMXC
                0x0000e010                __gnu_Unwind_Save_WMMXC
                0x0000e024                ___Unwind_RaiseException
                0x0000e024                _Unwind_RaiseException
                0x0000e048                _Unwind_Resume
                0x0000e048                ___Unwind_Resume
                0x0000e06c                _Unwind_Resume_or_Rethrow
                0x0000e06c                ___Unwind_Resume_or_Rethrow
                0x0000e090                _Unwind_ForcedUnwind
                0x0000e090                ___Unwind_ForcedUnwind
                0x0000e0b4                ___Unwind_Backtrace
                0x0000e0b4                _Unwind_Backtrace
 .text          0x0000e0d8      0x374 c:/fehqt/proteus/gcc/bin/../lib/gcc/arm-none-eabi/4.6.2/armv7e-m\libgcc.a(pr-support.o)
                0x0000e12c                __gnu_unwind_execute
                0x0000e3f4                __gnu_unwind_frame
                0x0000e41c                _Unwind_GetRegionStart
                0x0000e428                _Unwind_GetLanguageSpecificData
                0x0000e43c                _Unwind_GetDataRelBase
                0x0000e444                _Unwind_GetTextRelBase
 *(.text*)
 .text._ZSt3powdi
                0x0000e44c       0x30 ..\drive.o
                0x0000e44c                std::pow(double, int)
 .text._ZN4TaskC2Ev
                0x0000e47c       0x20 ..\drive.o
                0x0000e47c                Task::Task()
                0x0000e47c                Task::Task()
 .text._ZN5DriveC2Eff
                0x0000e49c       0x38 ..\drive.o
                0x0000e49c                Drive::Drive(float, float)
                0x0000e49c                Drive::Drive(float, float)
 *fill*         0x0000e4d4        0x4 00
 .text._ZN5Drive4InitER5Robot
                0x0000e4d8      0x138 ..\drive.o
                0x0000e4d8                Drive::Init(Robot&)
 .text._ZN5Drive3RunER5Robot
                0x0000e610      0x3b0 ..\drive.o
                0x0000e610                Drive::Run(Robot&)
 .text._ZN5Drive6FinishER5Robot
                0x0000e9c0       0x28 ..\drive.o
                0x0000e9c0                Drive::Finish(Robot&)
 .text._ZN5Drive5isEndEv
                0x0000e9e8       0x18 ..\drive.o
                0x0000e9e8                Drive::isEnd()
 .text._ZN13DriveDistanceC2Ef
                0x0000ea00       0x30 ..\drivedistance.o
                0x0000ea00                DriveDistance::DriveDistance(float)
                0x0000ea00                DriveDistance::DriveDistance(float)
 .text._ZN13DriveDistance4InitER5Robot
                0x0000ea30       0x14 ..\drivedistance.o
                0x0000ea30                DriveDistance::Init(Robot&)
 .text._ZN13DriveDistance3RunER5Robot
                0x0000ea44       0x2c ..\drivedistance.o
                0x0000ea44                DriveDistance::Run(Robot&)
 .text._ZN13DriveDistance6FinishER5Robot
                0x0000ea70       0x14 ..\drivedistance.o
                0x0000ea70                DriveDistance::Finish(Robot&)
 .text._ZN13DriveDistance5isEndEv
                0x0000ea84       0x18 ..\drivedistance.o
                0x0000ea84                DriveDistance::isEnd()
 .text._ZN3EndC2Ev
                0x0000ea9c       0x28 ..\end.o
                0x0000ea9c                End::End()
                0x0000ea9c                End::End()
 .text._ZN3End4InitER5Robot
                0x0000eac4       0x14 ..\end.o
                0x0000eac4                End::Init(Robot&)
 .text._ZN3End3RunER5Robot
                0x0000ead8       0x1c ..\end.o
                0x0000ead8                End::Run(Robot&)
 .text._ZN3End6FinishER5Robot
                0x0000eaf4       0x14 ..\end.o
                0x0000eaf4                End::Finish(Robot&)
 .text._ZN3End5isEndEv
                0x0000eb08       0x18 ..\end.o
                0x0000eb08                End::isEnd()
 .text._ZN9MoveServoC2Ef
                0x0000eb20       0x30 ..\moveservo.o
                0x0000eb20                MoveServo::MoveServo(float)
                0x0000eb20                MoveServo::MoveServo(float)
 .text._ZN9MoveServo4InitER5Robot
                0x0000eb50       0x14 ..\moveservo.o
                0x0000eb50                MoveServo::Init(Robot&)
 .text._ZN9MoveServo3RunER5Robot
                0x0000eb64       0x2c ..\moveservo.o
                0x0000eb64                MoveServo::Run(Robot&)
 .text._ZN9MoveServo6FinishER5Robot
                0x0000eb90       0x14 ..\moveservo.o
                0x0000eb90                MoveServo::Finish(Robot&)
 .text._ZN9MoveServo5isEndEv
                0x0000eba4       0x18 ..\moveservo.o
                0x0000eba4                MoveServo::isEnd()
 .text._ZN6OrientC2Ef
                0x0000ebbc       0x30 ..\orient.o
                0x0000ebbc                Orient::Orient(float)
                0x0000ebbc                Orient::Orient(float)
 .text._ZN6Orient4InitER5Robot
                0x0000ebec       0x14 ..\orient.o
                0x0000ebec                Orient::Init(Robot&)
 .text._ZN6Orient3RunER5Robot
                0x0000ec00      0x14c ..\orient.o
                0x0000ec00                Orient::Run(Robot&)
 .text._ZN6Orient6FinishER5Robot
                0x0000ed4c       0x28 ..\orient.o
                0x0000ed4c                Orient::Finish(Robot&)
 .text._ZN6Orient5isEndEv
                0x0000ed74       0x18 ..\orient.o
                0x0000ed74                Orient::isEnd()
 .text._ZN9ReadLightC2Ev
                0x0000ed8c       0x28 ..\readlight.o
                0x0000ed8c                ReadLight::ReadLight()
                0x0000ed8c                ReadLight::ReadLight()
 .text._ZN9ReadLight4InitER5Robot
                0x0000edb4       0x14 ..\readlight.o
                0x0000edb4                ReadLight::Init(Robot&)
 .text._ZN9ReadLight3RunER5Robot
                0x0000edc8       0x70 ..\readlight.o
                0x0000edc8                ReadLight::Run(Robot&)
 .text._ZN9ReadLight6FinishER5Robot
                0x0000ee38       0x14 ..\readlight.o
                0x0000ee38                ReadLight::Finish(Robot&)
 .text._ZN9ReadLight5isEndEv
                0x0000ee4c       0x18 ..\readlight.o
                0x0000ee4c                ReadLight::isEnd()
 .text._ZSt3cosf
                0x0000ee64       0x1c ..\robot.o
                0x0000ee64                std::cos(float)
 .text._ZSt3sinf
                0x0000ee80       0x1c ..\robot.o
                0x0000ee80                std::sin(float)
 .text._ZN5RobotC2Ev
                0x0000ee9c      0x114 ..\robot.o
                0x0000ee9c                Robot::Robot()
                0x0000ee9c                Robot::Robot()
 .text._ZN5Robot13DriveStraightEff
                0x0000efb0      0x1b0 ..\robot.o
                0x0000efb0                Robot::DriveStraight(float, float)
 .text._ZN5Robot4TurnEff
                0x0000f160      0x1b0 ..\robot.o
                0x0000f160                Robot::Turn(float, float)
 .text._ZN5Robot4GetXEv
                0x0000f310       0x18 ..\robot.o
                0x0000f310                Robot::GetX()
 .text._ZN5Robot4GetYEv
                0x0000f328       0x18 ..\robot.o
                0x0000f328                Robot::GetY()
 .text._ZN5Robot10GetHeadingEv
                0x0000f340       0x18 ..\robot.o
                0x0000f340                Robot::GetHeading()
 .text._ZN5Robot15GetCdSCellValueEv
                0x0000f358       0x18 ..\robot.o
                0x0000f358                Robot::GetCdSCellValue()
 .text._ZN5Robot6UpdateEv
                0x0000f370      0x108 ..\robot.o
                0x0000f370                Robot::Update()
 .text.main     0x0000f478      0x2e8 ..\main.o
                0x0000f478                main
 .text._Z41__static_initialization_and_destruction_0ii
                0x0000f760       0x30 ..\main.o
 .text._GLOBAL__sub_I_robot
                0x0000f790       0x14 ..\main.o
 .text._ZN12WaitForTouchC2Ev
                0x0000f7a4       0x30 ..\waitfortouch.o
                0x0000f7a4                WaitForTouch::WaitForTouch()
                0x0000f7a4                WaitForTouch::WaitForTouch()
 .text._ZN12WaitForTouch4InitER5Robot
                0x0000f7d4       0x28 ..\waitfortouch.o
                0x0000f7d4                WaitForTouch::Init(Robot&)
 .text._ZN12WaitForTouch3RunER5Robot
                0x0000f7fc       0x78 ..\waitfortouch.o
                0x0000f7fc                WaitForTouch::Run(Robot&)
 .text._ZN12WaitForTouch6FinishER5Robot
                0x0000f874       0x28 ..\waitfortouch.o
                0x0000f874                WaitForTouch::Finish(Robot&)
 .text._ZN12WaitForTouch5isEndEv
                0x0000f89c       0x18 ..\waitfortouch.o
                0x0000f89c                WaitForTouch::isEnd()
 .text.zero_fill_bss
                0x0000f8b4       0x34 Startup\__arm_start.o
 .text.__thumb_startup
                0x0000f8e8       0x34 Startup\__arm_start.o
                0x0000f8e8                __thumb_startup
 .text.InitFEHProteus
                0x0000f91c      0x15c Startup\__arm_start.o
                0x0000f91c                InitFEHProteus
 .text.pll_init_bl
                0x0000fa78      0x130 Startup\__arm_start.o
 .text.InitPowerButton
                0x0000fba8       0x90 Startup\__arm_start.o
                0x0000fba8                InitPowerButton
 .text._ExitProcess
                0x0000fc38        0xc Startup\__arm_end.o
                0x0000fc38                _ExitProcess
 .text.Default_Handler
                0x0000fc44        0xc Startup\kinetis_sysinit.o
                0x0000fc44                BusFault_Handler()
                0x0000fc44                HardFault_Handler()
                0x0000fc44                SysTick_Handler()
                0x0000fc44                PendSV_Handler()
                0x0000fc44                DebugMonitor_Handler()
                0x0000fc44                MemManage_Handler()
                0x0000fc44                NMI_Handler()
                0x0000fc44                SVC_Handler()
                0x0000fc44                Default_Handler
                0x0000fc44                UsageFault_Handler()
 .text.__init_hardware
                0x0000fc50       0x44 Startup\kinetis_sysinit.o
                0x0000fc50                __init_hardware
 .text._Z8PortDISRv
                0x0000fc94       0x64 Startup\kinetis_sysinit.o
                0x0000fc94                PortDISR()
 .text._ZN8FEHMotorC2ENS_12FEHMotorPortEf
                0x0000fcf8       0xb0 Libraries\FEHMotor.o
                0x0000fcf8                FEHMotor::FEHMotor(FEHMotor::FEHMotorPort, float)
                0x0000fcf8                FEHMotor::FEHMotor(FEHMotor::FEHMotorPort, float)
 .text._ZN8FEHMotor4StopEv
                0x0000fda8       0x3c Libraries\FEHMotor.o
                0x0000fda8                FEHMotor::Stop()
 .text._ZN8FEHMotor8SetPowerEi
                0x0000fde4       0x60 Libraries\FEHMotor.o
                0x0000fde4                FEHMotor::SetPower(int)
 *fill*         0x0000fe44        0x4 00
 .text._ZN8FEHMotor10SetPercentEf
                0x0000fe48      0x158 Libraries\FEHMotor.o
                0x0000fe48                FEHMotor::SetPercent(float)
 .text._Z21IIC_StartTransmissionhh
                0x0000ffa0       0x98 Drivers\i2c.o
                0x0000ffa0                IIC_StartTransmission(unsigned char, unsigned char)
 .text._Z5Pausev
                0x00010038       0x34 Drivers\i2c.o
                0x00010038                Pause()
 .text._Z21MMA8451QWriteRegisterhh
                0x0001006c      0x12c Drivers\i2c.o
                0x0001006c                MMA8451QWriteRegister(unsigned char, unsigned char)
 .text._Z12SPI_SendCharh
                0x00010198       0x1c Drivers\spi.o
                0x00010198                SPI_SendChar(unsigned char)
 .text._Z16SPI_WriteCommandhh
                0x000101b4       0x34 Drivers\spi.o
                0x000101b4                SPI_WriteCommand(unsigned char, unsigned char)
 .text._Z11SPI_GetCharv
                0x000101e8       0x14 Drivers\spi.o
                0x000101e8                SPI_GetChar()
 .text._Z15SPI_ReadCommandh
                0x000101fc       0x3c Drivers\spi.o
                0x000101fc                SPI_ReadCommand(unsigned char)
 .text._Z13SPI_CS_Assertv
                0x00010238       0x24 Drivers\spi.o
                0x00010238                SPI_CS_Assert()
 .text._Z15SPI_CS_Deassertv
                0x0001025c       0x24 Drivers\spi.o
                0x0001025c                SPI_CS_Deassert()
 .text._Z12SPI_Transferh
                0x00010280       0x88 Drivers\spi.o
                0x00010280                SPI_Transfer(unsigned char)
 .text._Z8SPI_Initv
                0x00010308       0xe8 Drivers\spi.o
                0x00010308                SPI_Init()
 .text._Z9uart_initPV11UART_MemMapii
                0x000103f0      0x20c Drivers\uart.o
                0x000103f0                uart_init(UART_MemMap volatile*, int, int)
 .text._Z12uart_getcharPV11UART_MemMap
                0x000105fc       0x34 Drivers\uart.o
                0x000105fc                uart_getchar(UART_MemMap volatile*)
 .text._Z12uart_putcharPV11UART_MemMapc
                0x00010630       0x38 Drivers\uart.o
                0x00010630                uart_putchar(UART_MemMap volatile*, char)
 .text._ZL7mem_setPvij
                0x00010668       0x44 Drivers\ff.o
 .text._ZL11move_windowP5FATFSm
                0x000106ac       0xf0 Drivers\ff.o
 .text._ZL4syncP5FATFS
                0x0001079c      0x188 Drivers\ff.o
 .text._ZL8validateP5FATFSt
                0x00010924       0x54 Drivers\ff.o
 .text._Z6f_syncP3FIL
                0x00010978      0x1c0 Drivers\ff.o
                0x00010978                f_sync(FIL*)
 .text._Z7f_closeP3FIL
                0x00010b38       0x2c Drivers\ff.o
                0x00010b38                f_close(FIL*)
 .text._ZL17SDHC_set_baudratemm
                0x00010b64      0x14c Drivers\SDHC.o
 .text._Z9SDHC_initP17esdhc_info_structPK17esdhc_init_struct
                0x00010cb0      0x1c4 Drivers\SDHC.o
                0x00010cb0                SDHC_init(esdhc_info_struct*, esdhc_init_struct const*)
 .text._ZL15SDHC_is_runningv
                0x00010e74       0x28 Drivers\SDHC.o
 .text._ZL16SDHC_status_waitm
                0x00010e9c       0x38 Drivers\SDHC.o
 .text._ZL17SDHC_send_commandP20esdhc_command_struct
                0x00010ed4      0x2a0 Drivers\SDHC.o
 .text._Z10SDHC_ioctlmPv
                0x00011174      0x978 Drivers\SDHC.o
                0x00011174                SDHC_ioctl(unsigned long, void*)
 .text._ZL14rcvr_datablockPhm
                0x00011aec      0x134 Drivers\SDHC.o
 .text._Z9disk_readhPhmh
                0x00011c20      0x13c Drivers\SDHC.o
                0x00011c20                disk_read(unsigned char, unsigned char*, unsigned long, unsigned char)
 .text._ZL14xmit_datablockPKhm
                0x00011d5c       0xe0 Drivers\SDHC.o
 .text._Z10disk_writehPKhmh
                0x00011e3c      0x1cc Drivers\SDHC.o
                0x00011e3c                disk_write(unsigned char, unsigned char const*, unsigned long, unsigned char)
 .text._Z10disk_ioctlhhPv
                0x00012008      0x128 Drivers\SDHC.o
                0x00012008                disk_ioctl(unsigned char, unsigned char, void*)
 .text._Z11disk_statush
                0x00012130       0x30 Drivers\SDHC.o
                0x00012130                disk_status(unsigned char)
 .text._Z13time_delay_msm
                0x00012160       0xa4 Drivers\lptmr.o
                0x00012160                time_delay_ms(unsigned long)
 .text._Z41__static_initialization_and_destruction_0ii
                0x00012204       0x30 FEHProteus.o
 .text._GLOBAL__sub_I_Propeller
                0x00012234       0x14 FEHProteus.o
 .text._ZN12FEHPropellerC2Ev
                0x00012248       0x20 Drivers\FEHPropeller.o
                0x00012248                FEHPropeller::FEHPropeller()
                0x00012248                FEHPropeller::FEHPropeller()
 .text._ZN12FEHPropeller10InitializeEv
                0x00012268       0x94 Drivers\FEHPropeller.o
                0x00012268                FEHPropeller::Initialize()
 .text._ZN12FEHPropeller12SetMotorRateEhhh
                0x000122fc       0x78 Drivers\FEHPropeller.o
                0x000122fc                FEHPropeller::SetMotorRate(unsigned char, unsigned char, unsigned char)
 .text._ZL5Delaymjj
                0x00012374       0xc4 Libraries\FEHUtility.o
 .text._Z5Sleepi
                0x00012438       0x34 Libraries\FEHUtility.o
                0x00012438                Sleep(int)
 *fill*         0x0001246c        0x4 00
 .text._Z5Sleepd
                0x00012470       0x58 Libraries\FEHUtility.o
                0x00012470                Sleep(double)
 .text._Z11TimeNowMSecv
                0x000124c8       0x44 Libraries\FEHUtility.o
                0x000124c8                TimeNowMSec()
 .text._ZN15DigitalInputPinC2EN5FEHIO8FEHIOPinE
                0x0001250c       0x24 Libraries\FEHIO.o
                0x0001250c                DigitalInputPin::DigitalInputPin(FEHIO::FEHIOPin)
                0x0001250c                DigitalInputPin::DigitalInputPin(FEHIO::FEHIOPin)
 .text._ZN15DigitalInputPin10InitializeEN5FEHIO8FEHIOPinE
                0x00012530      0x224 Libraries\FEHIO.o
                0x00012530                DigitalInputPin::Initialize(FEHIO::FEHIOPin)
 .text._ZN14DigitalEncoderC2EN5FEHIO8FEHIOPinE
                0x00012754       0x2c Libraries\FEHIO.o
                0x00012754                DigitalEncoder::DigitalEncoder(FEHIO::FEHIOPin)
                0x00012754                DigitalEncoder::DigitalEncoder(FEHIO::FEHIOPin)
 .text._Z10enable_irqi
                0x00012780      0x1cc Libraries\FEHIO.o
                0x00012780                enable_irq(int)
 .text._ZN14DigitalEncoder10InitializeEN5FEHIO8FEHIOPinENS0_21FEHIOInterruptTriggerE
                0x0001294c      0x224 Libraries\FEHIO.o
                0x0001294c                DigitalEncoder::Initialize(FEHIO::FEHIOPin, FEHIO::FEHIOInterruptTrigger)
 .text._Z9portB_isrv
                0x00012b70       0xd4 Libraries\FEHIO.o
                0x00012b70                portB_isr()
 .text._Z9portC_isrv
                0x00012c44       0xd8 Libraries\FEHIO.o
                0x00012c44                portC_isr()
 .text._Z9portA_isrv
                0x00012d1c       0xd8 Libraries\FEHIO.o
                0x00012d1c                portA_isr()
 .text._Z9portE_isrv
                0x00012df4       0xd0 Libraries\FEHIO.o
                0x00012df4                portE_isr()
 .text._ZN14DigitalEncoder6CountsEv
                0x00012ec4       0x28 Libraries\FEHIO.o
                0x00012ec4                DigitalEncoder::Counts()
 .text._ZN14DigitalEncoder11ResetCountsEv
                0x00012eec       0x28 Libraries\FEHIO.o
                0x00012eec                DigitalEncoder::ResetCounts()
 .text._ZN14AnalogInputPinC2EN5FEHIO8FEHIOPinE
                0x00012f14       0x20 Libraries\FEHIO.o
                0x00012f14                AnalogInputPin::AnalogInputPin(FEHIO::FEHIOPin)
                0x00012f14                AnalogInputPin::AnalogInputPin(FEHIO::FEHIOPin)
 *fill*         0x00012f34        0x4 00
 .text._ZN14AnalogInputPin5ValueEv
                0x00012f38      0x180 Libraries\FEHIO.o
                0x00012f38                AnalogInputPin::Value()
 .text._ZN13AnalogEncoder12EncoderValueEv
                0x000130b8       0xe4 Libraries\FEHIO.o
                0x000130b8                AnalogEncoder::EncoderValue()
 .text._ZN14AnalogInputPin8InitADCsEv
                0x0001319c      0x120 Libraries\FEHIO.o
                0x0001319c                AnalogInputPin::InitADCs()
 .text._Z8pit0_isrv
                0x000132bc       0x34 Libraries\FEHIO.o
                0x000132bc                pit0_isr()
 .text._ZN13AnalogEncoder4InitEv
                0x000132f0       0x64 Libraries\FEHIO.o
                0x000132f0                AnalogEncoder::Init()
 .text._ZN13AnalogEncoder14SetCounterInitEj
                0x00013354       0x20 Libraries\FEHIO.o
                0x00013354                AnalogEncoder::SetCounterInit(unsigned int)
 .text._ZN13AnalogEncoder10ProcessIntEv
                0x00013374       0x80 Libraries\FEHIO.o
                0x00013374                AnalogEncoder::ProcessInt()
 .text._ZN13AnalogEncoder14ProcessIntSelfEv
                0x000133f4       0x80 Libraries\FEHIO.o
                0x000133f4                AnalogEncoder::ProcessIntSelf()
 .text._Z7ADC_CalPV10ADC_MemMap
                0x00013474      0x14c Drivers\adc16.o
                0x00013474                ADC_Cal(ADC_MemMap volatile*)
 .text._Z14ADC_Config_AltPV10ADC_MemMapP7adc_cfg
                0x000135c0       0x6c Drivers\adc16.o
                0x000135c0                ADC_Config_Alt(ADC_MemMap volatile*, adc_cfg*)
 .text._ZN9FEHBuzzerC2Ev
                0x0001362c       0x18 Libraries\FEHBuzzer.o
                0x0001362c                FEHBuzzer::FEHBuzzer()
                0x0001362c                FEHBuzzer::FEHBuzzer()
 .text._Z41__static_initialization_and_destruction_0ii
                0x00013644       0x30 Libraries\FEHBuzzer.o
 .text._GLOBAL__sub_I_Buzzer
                0x00013674       0x14 Libraries\FEHBuzzer.o
 .text._ZN8FEHServoC2ENS_12FEHServoPortE
                0x00013688       0x3c Libraries\FEHServo.o
                0x00013688                FEHServo::FEHServo(FEHServo::FEHServoPort)
                0x00013688                FEHServo::FEHServo(FEHServo::FEHServoPort)
 *fill*         0x000136c4        0x4 00
 .text._ZN8FEHServo9SetDegreeEf
                0x000136c8      0x148 Libraries\FEHServo.o
                0x000136c8                FEHServo::SetDegree(float)
 .text._ZN6FEHLCD11_InitializeEv
                0x00013810      0x5dc Libraries\FEHLCD.o
                0x00013810                FEHLCD::_Initialize()
 .text._ZN6FEHLCDC2Ev
                0x00013dec       0x64 Libraries\FEHLCD.o
                0x00013dec                FEHLCD::FEHLCD()
                0x00013dec                FEHLCD::FEHLCD()
 .text._ZN6FEHLCD10InitializeEv
                0x00013e50       0x38 Libraries\FEHLCD.o
                0x00013e50                FEHLCD::Initialize()
 .text._ZN6FEHLCD10PrintImageEii
                0x00013e88      0x100 Libraries\FEHLCD.o
                0x00013e88                FEHLCD::PrintImage(int, int)
 .text._ZN6FEHLCD9PrintLogoEii
                0x00013f88      0x100 Libraries\FEHLCD.o
                0x00013f88                FEHLCD::PrintLogo(int, int)
 .text._ZN6FEHLCD22ConvertFEHColorTo24BitENS_11FEHLCDColorE
                0x00014088       0x80 Libraries\FEHLCD.o
                0x00014088                FEHLCD::ConvertFEHColorTo24Bit(FEHLCD::FEHLCDColor)
 .text._ZN6FEHLCD24Convert24BitColorTo16BitEj
                0x00014108       0x40 Libraries\FEHLCD.o
                0x00014108                FEHLCD::Convert24BitColorTo16Bit(unsigned int)
 .text._ZN6FEHLCD22ConvertRGBColorTo16BitEhhh
                0x00014148       0x44 Libraries\FEHLCD.o
                0x00014148                FEHLCD::ConvertRGBColorTo16Bit(unsigned char, unsigned char, unsigned char)
 .text._ZN6FEHLCD5ClearENS_11FEHLCDColorE
                0x0001418c       0x28 Libraries\FEHLCD.o
                0x0001418c                FEHLCD::Clear(FEHLCD::FEHLCDColor)
 .text._ZN6FEHLCD5ClearEj
                0x000141b4       0x2c Libraries\FEHLCD.o
                0x000141b4                FEHLCD::Clear(unsigned int)
 .text._ZN6FEHLCD5ClearEv
                0x000141e0       0x18 Libraries\FEHLCD.o
                0x000141e0                FEHLCD::Clear()
 .text._ZN6FEHLCD18SetBackgroundColorENS_11FEHLCDColorE
                0x000141f8       0x28 Libraries\FEHLCD.o
                0x000141f8                FEHLCD::SetBackgroundColor(FEHLCD::FEHLCDColor)
 .text._ZN6FEHLCD18SetBackgroundColorEj
                0x00014220       0x28 Libraries\FEHLCD.o
                0x00014220                FEHLCD::SetBackgroundColor(unsigned int)
 .text._ZN6FEHLCD12SetFontColorENS_11FEHLCDColorE
                0x00014248       0x28 Libraries\FEHLCD.o
                0x00014248                FEHLCD::SetFontColor(FEHLCD::FEHLCDColor)
 .text._ZN6FEHLCD12SetFontColorEj
                0x00014270       0x28 Libraries\FEHLCD.o
                0x00014270                FEHLCD::SetFontColor(unsigned int)
 .text._ZN6FEHLCD7WriteAtEPKcii
                0x00014298       0x58 Libraries\FEHLCD.o
                0x00014298                FEHLCD::WriteAt(char const*, int, int)
 .text._ZN6FEHLCD11TS_SPI_InitEv
                0x000142f0       0xa8 Libraries\FEHLCD.o
                0x000142f0                FEHLCD::TS_SPI_Init()
 .text._ZN6FEHLCD5TouchEPfS0_
                0x00014398      0x240 Libraries\FEHLCD.o
                0x00014398                FEHLCD::Touch(float*, float*)
 .text._ZN6FEHLCD3absEi
                0x000145d8       0x28 Libraries\FEHLCD.o
                0x000145d8                FEHLCD::abs(int)
 .text._ZN6FEHLCD5WriteEPKc
                0x00014600       0x5c Libraries\FEHLCD.o
                0x00014600                FEHLCD::Write(char const*)
 .text._ZN6FEHLCD5WriteEf
                0x0001465c       0xdc Libraries\FEHLCD.o
                0x0001465c                FEHLCD::Write(float)
 .text._ZN6FEHLCD5WriteEd
                0x00014738       0x28 Libraries\FEHLCD.o
                0x00014738                FEHLCD::Write(double)
 .text._ZN6FEHLCD5WriteEc
                0x00014760       0x30 Libraries\FEHLCD.o
                0x00014760                FEHLCD::Write(char)
 .text._ZN6FEHLCD9WriteLineEPKc
                0x00014790       0x28 Libraries\FEHLCD.o
                0x00014790                FEHLCD::WriteLine(char const*)
 .text._ZN6FEHLCD9WriteLineEd
                0x000147b8       0x2c Libraries\FEHLCD.o
                0x000147b8                FEHLCD::WriteLine(double)
 .text._ZN6FEHLCD9WriteLineEc
                0x000147e4       0x2c Libraries\FEHLCD.o
                0x000147e4                FEHLCD::WriteLine(char)
 .text._ZN6FEHLCD10WriteIndexEh
                0x00014810      0x288 Libraries\FEHLCD.o
                0x00014810                FEHLCD::WriteIndex(unsigned char)
 .text._ZN6FEHLCD14WriteParameterEh
                0x00014a98      0x254 Libraries\FEHLCD.o
                0x00014a98                FEHLCD::WriteParameter(unsigned char)
 .text._ZN6FEHLCD6_ClearEv
                0x00014cec      0x228 Libraries\FEHLCD.o
                0x00014cec                FEHLCD::_Clear()
 .text._ZN6FEHLCD8NextLineEv
                0x00014f14       0x30 Libraries\FEHLCD.o
                0x00014f14                FEHLCD::NextLine()
 .text._ZN6FEHLCD9CheckLineEv
                0x00014f44       0x2c Libraries\FEHLCD.o
                0x00014f44                FEHLCD::CheckLine()
 .text._ZN6FEHLCD8NextCharEv
                0x00014f70       0x34 Libraries\FEHLCD.o
                0x00014f70                FEHLCD::NextChar()
 .text._ZN6FEHLCD9DrawPixelEii
                0x00014fa4       0x30 Libraries\FEHLCD.o
                0x00014fa4                FEHLCD::DrawPixel(int, int)
 .text._Z4SwapRiS_
                0x00014fd4       0x28 Libraries\FEHLCD.o
                0x00014fd4                Swap(int&, int&)
 .text._ZN6FEHLCD13DrawRectangleEiiii
                0x00014ffc       0x80 Libraries\FEHLCD.o
                0x00014ffc                FEHLCD::DrawRectangle(int, int, int, int)
 .text._ZN6FEHLCD13SetDrawRegionEiiii
                0x0001507c      0x10c Libraries\FEHLCD.o
                0x0001507c                FEHLCD::SetDrawRegion(int, int, int, int)
 .text._ZN6FEHLCD8DrawLineEiiii
                0x00015188      0x17c Libraries\FEHLCD.o
                0x00015188                FEHLCD::DrawLine(int, int, int, int)
 .text._ZN6FEHLCD9WriteCharEiic
                0x00015304       0x40 Libraries\FEHLCD.o
                0x00015304                FEHLCD::WriteChar(int, int, char)
 .text._ZN6FEHLCD11WriteCharAtEiic
                0x00015344      0x278 Libraries\FEHLCD.o
                0x00015344                FEHLCD::WriteCharAt(int, int, char)
 .text._ZN6FEHLCD11RepeatColorEv
                0x000155bc       0xbc Libraries\FEHLCD.o
                0x000155bc                FEHLCD::RepeatColor()
 .text._ZN6FEHLCD10_ForePixelEv
                0x00015678      0x160 Libraries\FEHLCD.o
                0x00015678                FEHLCD::_ForePixel()
 .text._ZN6FEHLCD10_BackPixelEv
                0x000157d8      0x160 Libraries\FEHLCD.o
                0x000157d8                FEHLCD::_BackPixel()
 .text._ZN6FEHLCD22SetRegisterColorValuesEv
                0x00015938      0x4c0 Libraries\FEHLCD.o
                0x00015938                FEHLCD::SetRegisterColorValues()
 .text._ZN7FEHIcon4IconC2Ev
                0x00015df8       0x18 Libraries\FEHLCD.o
                0x00015df8                FEHIcon::Icon::Icon()
                0x00015df8                FEHIcon::Icon::Icon()
 .text._ZN7FEHIcon4Icon13SetPropertiesEPciiiijj
                0x00015e10       0x70 Libraries\FEHLCD.o
                0x00015e10                FEHIcon::Icon::SetProperties(char*, int, int, int, int, unsigned int, unsigned int)
 .text._ZN7FEHIcon4Icon4DrawEv
                0x00015e80       0xb0 Libraries\FEHLCD.o
                0x00015e80                FEHIcon::Icon::Draw()
 .text._ZN7FEHIcon4Icon6SelectEv
                0x00015f30       0xb8 Libraries\FEHLCD.o
                0x00015f30                FEHIcon::Icon::Select()
 .text._ZN7FEHIcon4Icon8DeselectEv
                0x00015fe8       0xb4 Libraries\FEHLCD.o
                0x00015fe8                FEHIcon::Icon::Deselect()
 .text._ZN7FEHIcon4Icon7PressedEffi
                0x0001609c      0x1dc Libraries\FEHLCD.o
                0x0001609c                FEHIcon::Icon::Pressed(float, float, int)
 .text._ZN7FEHIcon4Icon12WhilePressedEff
                0x00016278       0x5c Libraries\FEHLCD.o
                0x00016278                FEHIcon::Icon::WhilePressed(float, float)
 .text._ZN7FEHIcon13DrawIconArrayEPNS_4IconEiiiiiiPA20_cjj
                0x000162d4      0x194 Libraries\FEHLCD.o
                0x000162d4                FEHIcon::DrawIconArray(FEHIcon::Icon*, int, int, int, int, int, int, char (*) [20], unsigned int, unsigned int)
 .text._Z41__static_initialization_and_destruction_0ii
                0x00016468       0x30 Libraries\FEHLCD.o
 .text._GLOBAL__sub_I_image
                0x00016498       0x14 Libraries\FEHLCD.o
 .text._ZN8FEHAccelC2Ev
                0x000164ac       0x8c Libraries\FEHAccel.o
                0x000164ac                FEHAccel::FEHAccel()
                0x000164ac                FEHAccel::FEHAccel()
 .text._Z41__static_initialization_and_destruction_0ii
                0x00016538       0x30 Libraries\FEHAccel.o
 .text._GLOBAL__sub_I_Accel
                0x00016568       0x14 Libraries\FEHAccel.o
 .text._ZN10FEHBatteryC2EN5FEHIO8FEHIOPinE
                0x0001657c       0x24 Libraries\FEHBattery.o
                0x0001657c                FEHBattery::FEHBattery(FEHIO::FEHIOPin)
                0x0001657c                FEHBattery::FEHBattery(FEHIO::FEHIOPin)
 .text._Z41__static_initialization_and_destruction_0ii
                0x000165a0       0x34 Libraries\FEHBattery.o
 .text._GLOBAL__sub_I_Battery
                0x000165d4       0x14 Libraries\FEHBattery.o
 .text._ZN7FEHXBeeC2Ev
                0x000165e8       0x20 Drivers\FEHXBee.o
                0x000165e8                FEHXBee::FEHXBee()
                0x000165e8                FEHXBee::FEHXBee()
 .text._ZN7FEHXBee10InitializeEv
                0x00016608      0x148 Drivers\FEHXBee.o
                0x00016608                FEHXBee::Initialize()
 .text._ZN7FEHXBee13IsInitializedEv
                0x00016750       0x18 Drivers\FEHXBee.o
                0x00016750                FEHXBee::IsInitialized()
 .text._ZN7FEHXBee17ReceiveDataSearchEPcjh
                0x00016768       0xb4 Drivers\FEHXBee.o
                0x00016768                FEHXBee::ReceiveDataSearch(char*, unsigned int, unsigned char)
 .text._ZN7FEHXBee8SendDataEPcj
                0x0001681c       0x50 Drivers\FEHXBee.o
                0x0001681c                FEHXBee::SendData(char*, unsigned int)
 .text._ZN7FEHXBee17SetPacketCallBackEPFvPhhE
                0x0001686c       0x20 Drivers\FEHXBee.o
                0x0001686c                FEHXBee::SetPacketCallBack(void (*)(unsigned char*, unsigned char))
 .text._Z9UART0_ISRv
                0x0001688c      0x174 Drivers\FEHXBee.o
                0x0001688c                UART0_ISR()
 .text._ZN6FEHRPSC2Ev
                0x00016a00       0x88 Libraries\FEHRPS.o
                0x00016a00                FEHRPS::FEHRPS()
                0x00016a00                FEHRPS::FEHRPS()
 .text._ZN6FEHRPS10InitializeEi
                0x00016a88      0x8b4 Libraries\FEHRPS.o
                0x00016a88                FEHRPS::Initialize(int)
 .text._ZN6FEHRPS10InitializeEc
                0x0001733c       0x4c Libraries\FEHRPS.o
                0x0001733c                FEHRPS::Initialize(char)
 .text._ZN6FEHRPS19InitializeTouchMenuEv
                0x00017388      0x908 Libraries\FEHRPS.o
                0x00017388                FEHRPS::InitializeTouchMenu()
 .text._ZN6FEHRPS19CurrentRegionLetterEv
                0x00017c90       0x20 Libraries\FEHRPS.o
                0x00017c90                FEHRPS::CurrentRegionLetter()
 .text._ZN6FEHRPS13WaitForPacketEv
                0x00017cb0       0x78 Libraries\FEHRPS.o
                0x00017cb0                FEHRPS::WaitForPacket()
 .text._ZN6FEHRPS1XEv
                0x00017d28       0x20 Libraries\FEHRPS.o
                0x00017d28                FEHRPS::X()
 .text._ZN6FEHRPS1YEv
                0x00017d48       0x20 Libraries\FEHRPS.o
                0x00017d48                FEHRPS::Y()
 .text._ZN6FEHRPS7HeadingEv
                0x00017d68       0x20 Libraries\FEHRPS.o
                0x00017d68                FEHRPS::Heading()
 .text._Z14RPSDataProcessPhh
                0x00017d88      0x18c Libraries\FEHRPS.o
                0x00017d88                RPSDataProcess(unsigned char*, unsigned char)
 .text._Z41__static_initialization_and_destruction_0ii
                0x00017f14       0x30 Libraries\FEHRPS.o
 .text._GLOBAL__sub_I_RPS
                0x00017f44       0x14 Libraries\FEHRPS.o
 .text._ZN5FEHSDC2Ev
                0x00017f58       0x24 Libraries\FEHSD.o
                0x00017f58                FEHSD::FEHSD()
                0x00017f58                FEHSD::FEHSD()
 .text._ZN5FEHSD8CloseLogEv
                0x00017f7c       0x38 Libraries\FEHSD.o
                0x00017f7c                FEHSD::CloseLog()
 .text._Z41__static_initialization_and_destruction_0ii
                0x00017fb4       0x30 Libraries\FEHSD.o
 .text._GLOBAL__sub_I_SD
                0x00017fe4       0x14 Libraries\FEHSD.o
 .text.cos      0x00017ff8       0x94 C:\fehqt\Proteus/EWL/lib/armv7e-m\libm.a(s_cos.o)
                0x00017ff8                cos
 .text.cosf     0x0001808c       0x98 C:\fehqt\Proteus/EWL/lib/armv7e-m\libm.a(s_cosf.o)
                0x0001808c                cosf
 .text.sinf     0x00018124       0x88 C:\fehqt\Proteus/EWL/lib/armv7e-m\libm.a(s_sinf.o)
                0x00018124                sinf
 .text.atan2f   0x000181ac        0x4 C:\fehqt\Proteus/EWL/lib/armv7e-m\libm.a(w_atan2f.o)
                0x000181ac                atan2f
 .text.pow      0x000181b0        0x4 C:\fehqt\Proteus/EWL/lib/armv7e-m\libm.a(w_pow.o)
                0x000181b0                pow
 .text.__ieee754_atan2f
                0x000181b4      0x130 C:\fehqt\Proteus/EWL/lib/armv7e-m\libm.a(e_atan2f.o)
                0x000181b4                __ieee754_atan2f
 *fill*         0x000182e4        0x4 00
 .text.__ieee754_pow
                0x000182e8      0xb70 C:\fehqt\Proteus/EWL/lib/armv7e-m\libm.a(e_pow.o)
                0x000182e8                __ieee754_pow
 .text.__ieee754_rem_pio2
                0x00018e58      0x3f8 C:\fehqt\Proteus/EWL/lib/armv7e-m\libm.a(e_rem_pio2.o)
                0x00018e58                __ieee754_rem_pio2
 .text.__ieee754_rem_pio2f
                0x00019250      0x2ac C:\fehqt\Proteus/EWL/lib/armv7e-m\libm.a(e_rem_pio2f.o)
                0x00019250                __ieee754_rem_pio2f
 *fill*         0x000194fc        0x4 00
 .text.__kernel_cos
                0x00019500      0x1e0 C:\fehqt\Proteus/EWL/lib/armv7e-m\libm.a(k_cos.o)
                0x00019500                __kernel_cos
 .text.__kernel_cosf
                0x000196e0      0x138 C:\fehqt\Proteus/EWL/lib/armv7e-m\libm.a(k_cosf.o)
                0x000196e0                __kernel_cosf
 .text.__kernel_rem_pio2
                0x00019818      0x674 C:\fehqt\Proteus/EWL/lib/armv7e-m\libm.a(k_rem_pio2.o)
                0x00019818                __kernel_rem_pio2
 .text.__kernel_rem_pio2f
                0x00019e8c      0x5e8 C:\fehqt\Proteus/EWL/lib/armv7e-m\libm.a(k_rem_pio2f.o)
                0x00019e8c                __kernel_rem_pio2f
 *fill*         0x0001a474        0x4 00
 .text.__kernel_sin
                0x0001a478      0x180 C:\fehqt\Proteus/EWL/lib/armv7e-m\libm.a(k_sin.o)
                0x0001a478                __kernel_sin
 .text.__kernel_sinf
                0x0001a5f8       0xf4 C:\fehqt\Proteus/EWL/lib/armv7e-m\libm.a(k_sinf.o)
                0x0001a5f8                __kernel_sinf
 .text.__fpclassifyd
                0x0001a6ec       0x3c C:\fehqt\Proteus/EWL/lib/armv7e-m\libm.a(math_api.o)
                0x0001a6ec                __fpclassifyd
 .text.atanf    0x0001a728      0x240 C:\fehqt\Proteus/EWL/lib/armv7e-m\libm.a(s_atanf.o)
                0x0001a728                atanf
 .text.floor    0x0001a968      0x118 C:\fehqt\Proteus/EWL/lib/armv7e-m\libm.a(s_floor.o)
                0x0001a968                floor
 .text.floorf   0x0001aa80       0x84 C:\fehqt\Proteus/EWL/lib/armv7e-m\libm.a(s_floorf.o)
                0x0001aa80                floorf
 .text.scalbnf  0x0001ab04       0xac C:\fehqt\Proteus/EWL/lib/armv7e-m\libm.a(s_scalbnf.o)
                0x0001ab04                scalbnf
 .text.scalbn   0x0001abb0       0x18 C:\fehqt\Proteus/EWL/lib/armv7e-m\libm.a(scalbn.o)
                0x0001abb0                scalbn
 .text.sqrt     0x0001abc8        0x4 C:\fehqt\Proteus/EWL/lib/armv7e-m\libm.a(w_sqrt.o)
                0x0001abc8                sqrt
 .text.__ieee754_sqrt
                0x0001abcc      0x164 C:\fehqt\Proteus/EWL/lib/armv7e-m\libm.a(e_sqrt.o)
                0x0001abcc                __ieee754_sqrt
 .text.frexp    0x0001ad30       0x70 C:\fehqt\Proteus/EWL/lib/armv7e-m\libm.a(s_frexp.o)
                0x0001ad30                frexp
 .text.ldexp    0x0001ada0      0x140 C:\fehqt\Proteus/EWL/lib/armv7e-m\libm.a(s_ldexp.o)
                0x0001ada0                ldexp
 .text.sprintf  0x0001aee0       0x1c C:\fehqt\Proteus/EWL/lib/armv7e-m\libc.a(sprintf.o)
                0x0001aee0                sprintf
 .text.__StringWrite
                0x0001aefc       0x28 C:\fehqt\Proteus/EWL/lib/armv7e-m\libc.a(vsnprintf.o)
                0x0001aefc                __StringWrite
 .text.vsnprintf
                0x0001af24       0x34 C:\fehqt\Proteus/EWL/lib/armv7e-m\libc.a(vsnprintf.o)
                0x0001af24                vsnprintf
 .text.exit     0x0001af58       0x38 C:\fehqt\Proteus/EWL/lib/armv7e-m\libc.a(exit.o)
                0x0001af58                exit
 .text.memcpy   0x0001af90       0x12 C:\fehqt\Proteus/EWL/lib/armv7e-m\libc.a(memcpy.o)
                0x0001af90                memcpy
 .text.memset   0x0001afa2        0xc C:\fehqt\Proteus/EWL/lib/armv7e-m\libc.a(memset.o)
                0x0001afa2                memset
 .text.strcmp   0x0001afae       0x18 C:\fehqt\Proteus/EWL/lib/armv7e-m\libc.a(strcmp.o)
                0x0001afae                strcmp
 .text.strcpy   0x0001afc6       0x18 C:\fehqt\Proteus/EWL/lib/armv7e-m\libc.a(strcpy.o)
                0x0001afc6                strcpy
 .text.strlen   0x0001afde       0x10 C:\fehqt\Proteus/EWL/lib/armv7e-m\libc.a(strlen.o)
                0x0001afde                strlen
 .text.long2str.isra.0
                0x0001afee      0x196 C:\fehqt\Proteus/EWL/lib/armv7e-m\libc.a(printformat_.o)
 .text.__pformatter_
                0x0001b184      0x3f8 C:\fehqt\Proteus/EWL/lib/armv7e-m\libc.a(printformat_.o)
                0x0001b184                __pformatter_
 .text.__sformatter
                0x0001b57c      0x74e C:\fehqt\Proteus/EWL/lib/armv7e-m\libc.a(scanformat_.o)
                0x0001b57c                __sformatter
 *fill*         0x0001bcca        0x2 00
 .text.isalpha  0x0001bccc       0x1c C:\fehqt\Proteus/EWL/lib/armv7e-m\libc.a(ctype_aeabi.o)
                0x0001bccc                isalpha
 .text.isspace  0x0001bce8       0x1c C:\fehqt\Proteus/EWL/lib/armv7e-m\libc.a(ctype_aeabi.o)
                0x0001bce8                isspace
 .text.toupper  0x0001bd04        0xc C:\fehqt\Proteus/EWL/lib/armv7e-m\libc.a(ctype_aeabi.o)
                0x0001bd04                toupper
 .text.__strtoul
                0x0001bd10      0x1dc C:\fehqt\Proteus/EWL/lib/armv7e-m\libc.a(__strtoul.o)
                0x0001bd10                __strtoul
 .text.__fill_mem
                0x0001beec       0x76 C:\fehqt\Proteus/EWL/lib/armv7e-m\libc.a(__filll_mem.o)
                0x0001beec                __fill_mem
 .text.memchr   0x0001bf62       0x1a C:\fehqt\Proteus/EWL/lib/armv7e-m\libc.a(memchr.o)
                0x0001bf62                memchr
 .text.strchr   0x0001bf7c       0x1c C:\fehqt\Proteus/EWL/lib/armv7e-m\libc.a(strchr.o)
                0x0001bf7c                strchr
 .text.__init_cpp
                0x0001bf98       0x4c C:\fehqt\Proteus/EWL/lib/armv7e-m\librt.a(gcc_ctor_dtor.o)
                0x0001bf98                __init_cpp
 .text.__fini_cpp
                0x0001bfe4       0x34 C:\fehqt\Proteus/EWL/lib/armv7e-m\librt.a(gcc_ctor_dtor.o)
                0x0001bfe4                __fini_cpp
 .text.__copy_rom_section
                0x0001c018       0x44 C:\fehqt\Proteus/EWL/lib/armv7e-m\librt.a(ROMCopy.o)
                0x0001c018                __copy_rom_section
 .text.__copy_rom_sections_to_ram
                0x0001c05c       0x34 C:\fehqt\Proteus/EWL/lib/armv7e-m\librt.a(ROMCopy.o)
                0x0001c05c                __copy_rom_sections_to_ram
 .text.__destroy_global_chain
                0x0001c090       0x1c C:\fehqt\Proteus/EWL/lib/armv7e-m\librt.a(__arm_eabi_init.o)
                0x0001c090                __destroy_global_chain
 .text.__init_registers
                0x0001c0ac       0x20 C:\fehqt\Proteus/EWL/lib/armv7e-m\librt.a(__arm_eabi_init.o)
                0x0001c0ac                __init_registers
 .text.__init_user
                0x0001c0cc        0x4 C:\fehqt\Proteus/EWL/lib/armv7e-m\librt.a(__arm_eabi_init.o)
                0x0001c0cc                __init_user
 .text._ZNSt9bad_allocD2Ev
                0x0001c0d0        0xc C:\fehqt\Proteus/EWL/lib/armv7e-m\librt.a(New.o)
                0x0001c0d0                std::bad_alloc::~bad_alloc()
                0x0001c0d0                std::bad_alloc::~bad_alloc()
 .text._ZNKSt9bad_alloc4whatEv
                0x0001c0dc        0x8 C:\fehqt\Proteus/EWL/lib/armv7e-m\librt.a(New.o)
                0x0001c0dc                std::bad_alloc::what() const
 .text._Znwj    0x0001c0e4       0x4c C:\fehqt\Proteus/EWL/lib/armv7e-m\librt.a(New.o)
                0x0001c0e4                operator new(unsigned int)
 .text._ZdlPv   0x0001c130        0x8 C:\fehqt\Proteus/EWL/lib/armv7e-m\librt.a(New.o)
                0x0001c130                operator delete(void*)
 .text._ZNSt9bad_allocD0Ev
                0x0001c138       0x14 C:\fehqt\Proteus/EWL/lib/armv7e-m\librt.a(New.o)
                0x0001c138                std::bad_alloc::~bad_alloc()
 .text._ZNK10__cxxabiv117__class_type_info11__do_upcastEPKS0_PPv
                0x0001c14c       0x38 c:/fehqt/proteus/gcc/bin/../lib/gcc/arm-none-eabi/4.6.2/../../../../arm-none-eabi/lib/armv7e-m\libsupc++.a(class_type_info.o)
                0x0001c14c                __cxxabiv1::__class_type_info::__do_upcast(__cxxabiv1::__class_type_info const*, void**) const
 .text._ZNK10__cxxabiv117__class_type_info20__do_find_public_srcEiPKvPKS0_S2_
                0x0001c184        0xc c:/fehqt/proteus/gcc/bin/../lib/gcc/arm-none-eabi/4.6.2/../../../../arm-none-eabi/lib/armv7e-m\libsupc++.a(class_type_info.o)
                0x0001c184                __cxxabiv1::__class_type_info::__do_find_public_src(int, void const*, __cxxabiv1::__class_type_info const*, void const*) const
 .text._ZNK10__cxxabiv117__class_type_info11__do_upcastEPKS0_PKvRNS0_15__upcast_resultE
                0x0001c190       0x1c c:/fehqt/proteus/gcc/bin/../lib/gcc/arm-none-eabi/4.6.2/../../../../arm-none-eabi/lib/armv7e-m\libsupc++.a(class_type_info.o)
                0x0001c190                __cxxabiv1::__class_type_info::__do_upcast(__cxxabiv1::__class_type_info const*, void const*, __cxxabiv1::__class_type_info::__upcast_result&) const
 .text._ZN10__cxxabiv117__class_type_infoD2Ev
                0x0001c1ac       0x14 c:/fehqt/proteus/gcc/bin/../lib/gcc/arm-none-eabi/4.6.2/../../../../arm-none-eabi/lib/armv7e-m\libsupc++.a(class_type_info.o)
                0x0001c1ac                __cxxabiv1::__class_type_info::~__class_type_info()
                0x0001c1ac                __cxxabiv1::__class_type_info::~__class_type_info()
 .text._ZN10__cxxabiv117__class_type_infoD0Ev
                0x0001c1c0       0x1c c:/fehqt/proteus/gcc/bin/../lib/gcc/arm-none-eabi/4.6.2/../../../../arm-none-eabi/lib/armv7e-m\libsupc++.a(class_type_info.o)
                0x0001c1c0                __cxxabiv1::__class_type_info::~__class_type_info()
 .text._ZNK10__cxxabiv117__class_type_info12__do_dyncastEiNS0_10__sub_kindEPKS0_PKvS3_S5_RNS0_16__dyncast_resultE
                0x0001c1dc       0x3c c:/fehqt/proteus/gcc/bin/../lib/gcc/arm-none-eabi/4.6.2/../../../../arm-none-eabi/lib/armv7e-m\libsupc++.a(class_type_info.o)
                0x0001c1dc                __cxxabiv1::__class_type_info::__do_dyncast(int, __cxxabiv1::__class_type_info::__sub_kind, __cxxabiv1::__class_type_info const*, void const*, __cxxabiv1::__class_type_info const*, void const*, __cxxabiv1::__class_type_info::__dyncast_result&) const
 .text._ZNK10__cxxabiv117__class_type_info10__do_catchEPKSt9type_infoPPvj
                0x0001c218       0x28 c:/fehqt/proteus/gcc/bin/../lib/gcc/arm-none-eabi/4.6.2/../../../../arm-none-eabi/lib/armv7e-m\libsupc++.a(class_type_info.o)
                0x0001c218                __cxxabiv1::__class_type_info::__do_catch(std::type_info const*, void**, unsigned int) const
 .text.__cxa_allocate_exception
                0x0001c240       0x70 c:/fehqt/proteus/gcc/bin/../lib/gcc/arm-none-eabi/4.6.2/../../../../arm-none-eabi/lib/armv7e-m\libsupc++.a(eh_alloc.o)
                0x0001c240                __cxa_allocate_exception
 .text.__cxa_free_exception
                0x0001c2b0       0x34 c:/fehqt/proteus/gcc/bin/../lib/gcc/arm-none-eabi/4.6.2/../../../../arm-none-eabi/lib/armv7e-m\libsupc++.a(eh_alloc.o)
                0x0001c2b0                __cxa_free_exception
 .text.__cxa_end_cleanup
                0x0001c2e4        0xc c:/fehqt/proteus/gcc/bin/../lib/gcc/arm-none-eabi/4.6.2/../../../../arm-none-eabi/lib/armv7e-m\libsupc++.a(eh_arm.o)
                0x0001c2e4                __cxa_end_cleanup
 .text.__cxa_type_match
                0x0001c2f0       0xec c:/fehqt/proteus/gcc/bin/../lib/gcc/arm-none-eabi/4.6.2/../../../../arm-none-eabi/lib/armv7e-m\libsupc++.a(eh_arm.o)
                0x0001c2f0                __cxa_type_match
 .text.__cxa_begin_cleanup
                0x0001c3dc       0x78 c:/fehqt/proteus/gcc/bin/../lib/gcc/arm-none-eabi/4.6.2/../../../../arm-none-eabi/lib/armv7e-m\libsupc++.a(eh_arm.o)
                0x0001c3dc                __cxa_begin_cleanup
 .text.__gnu_end_cleanup
                0x0001c454       0x7c c:/fehqt/proteus/gcc/bin/../lib/gcc/arm-none-eabi/4.6.2/../../../../arm-none-eabi/lib/armv7e-m\libsupc++.a(eh_arm.o)
                0x0001c454                __gnu_end_cleanup
 .text.__cxa_bad_typeid
                0x0001c4d0       0x24 c:/fehqt/proteus/gcc/bin/../lib/gcc/arm-none-eabi/4.6.2/../../../../arm-none-eabi/lib/armv7e-m\libsupc++.a(eh_aux_runtime.o)
                0x0001c4d0                __cxa_bad_typeid
 .text.__cxa_call_terminate
                0x0001c4f4       0x50 c:/fehqt/proteus/gcc/bin/../lib/gcc/arm-none-eabi/4.6.2/../../../../arm-none-eabi/lib/armv7e-m\libsupc++.a(eh_call.o)
                0x0001c4f4                __cxa_call_terminate
 .text.__cxa_call_unexpected
                0x0001c544      0x120 c:/fehqt/proteus/gcc/bin/../lib/gcc/arm-none-eabi/4.6.2/../../../../arm-none-eabi/lib/armv7e-m\libsupc++.a(eh_call.o)
                0x0001c544                __cxa_call_unexpected
 .text.__cxa_begin_catch
                0x0001c664       0x98 c:/fehqt/proteus/gcc/bin/../lib/gcc/arm-none-eabi/4.6.2/../../../../arm-none-eabi/lib/armv7e-m\libsupc++.a(eh_catch.o)
                0x0001c664                __cxa_begin_catch
 .text.__cxa_end_catch
                0x0001c6fc       0x98 c:/fehqt/proteus/gcc/bin/../lib/gcc/arm-none-eabi/4.6.2/../../../../arm-none-eabi/lib/armv7e-m\libsupc++.a(eh_catch.o)
                0x0001c6fc                __cxa_end_catch
 .text._ZNSt9exceptionD2Ev
                0x0001c794        0xc c:/fehqt/proteus/gcc/bin/../lib/gcc/arm-none-eabi/4.6.2/../../../../arm-none-eabi/lib/armv7e-m\libsupc++.a(eh_exception.o)
                0x0001c794                std::exception::~exception()
                0x0001c794                std::exception::~exception()
 .text._ZNSt13bad_exceptionD2Ev
                0x0001c7a0        0xc c:/fehqt/proteus/gcc/bin/../lib/gcc/arm-none-eabi/4.6.2/../../../../arm-none-eabi/lib/armv7e-m\libsupc++.a(eh_exception.o)
                0x0001c7a0                std::bad_exception::~bad_exception()
                0x0001c7a0                std::bad_exception::~bad_exception()
 .text._ZNKSt9exception4whatEv
                0x0001c7ac        0xc c:/fehqt/proteus/gcc/bin/../lib/gcc/arm-none-eabi/4.6.2/../../../../arm-none-eabi/lib/armv7e-m\libsupc++.a(eh_exception.o)
                0x0001c7ac                std::exception::what() const
 .text._ZNKSt13bad_exception4whatEv
                0x0001c7b8        0xc c:/fehqt/proteus/gcc/bin/../lib/gcc/arm-none-eabi/4.6.2/../../../../arm-none-eabi/lib/armv7e-m\libsupc++.a(eh_exception.o)
                0x0001c7b8                std::bad_exception::what() const
 .text._ZNSt13bad_exceptionD0Ev
                0x0001c7c4       0x14 c:/fehqt/proteus/gcc/bin/../lib/gcc/arm-none-eabi/4.6.2/../../../../arm-none-eabi/lib/armv7e-m\libsupc++.a(eh_exception.o)
                0x0001c7c4                std::bad_exception::~bad_exception()
 .text._ZNSt9exceptionD0Ev
                0x0001c7d8       0x14 c:/fehqt/proteus/gcc/bin/../lib/gcc/arm-none-eabi/4.6.2/../../../../arm-none-eabi/lib/armv7e-m\libsupc++.a(eh_exception.o)
                0x0001c7d8                std::exception::~exception()
 .text.__cxa_get_globals_fast
                0x0001c7ec        0xc c:/fehqt/proteus/gcc/bin/../lib/gcc/arm-none-eabi/4.6.2/../../../../arm-none-eabi/lib/armv7e-m\libsupc++.a(eh_globals.o)
                0x0001c7ec                __cxa_get_globals_fast
 .text.__cxa_get_globals
                0x0001c7f8        0xc c:/fehqt/proteus/gcc/bin/../lib/gcc/arm-none-eabi/4.6.2/../../../../arm-none-eabi/lib/armv7e-m\libsupc++.a(eh_globals.o)
                0x0001c7f8                __cxa_get_globals
 .text._ZL12read_sleb128PKhPl
                0x0001c804       0x3c c:/fehqt/proteus/gcc/bin/../lib/gcc/arm-none-eabi/4.6.2/../../../../arm-none-eabi/lib/armv7e-m\libsupc++.a(eh_personality.o)
 .text._ZL28read_encoded_value_with_basehjPKhPj
                0x0001c840       0xa4 c:/fehqt/proteus/gcc/bin/../lib/gcc/arm-none-eabi/4.6.2/../../../../arm-none-eabi/lib/armv7e-m\libsupc++.a(eh_personality.o)
 .text._ZL21base_of_encoded_valuehP15_Unwind_Context
                0x0001c8e4       0x4c c:/fehqt/proteus/gcc/bin/../lib/gcc/arm-none-eabi/4.6.2/../../../../arm-none-eabi/lib/armv7e-m\libsupc++.a(eh_personality.o)
 .text._ZL17parse_lsda_headerP15_Unwind_ContextPKhP16lsda_header_info.constprop.1
                0x0001c930       0x90 c:/fehqt/proteus/gcc/bin/../lib/gcc/arm-none-eabi/4.6.2/../../../../arm-none-eabi/lib/armv7e-m\libsupc++.a(eh_personality.o)
 .text.__gxx_personality_v0
                0x0001c9c0      0x3bc c:/fehqt/proteus/gcc/bin/../lib/gcc/arm-none-eabi/4.6.2/../../../../arm-none-eabi/lib/armv7e-m\libsupc++.a(eh_personality.o)
                0x0001c9c0                __gxx_personality_v0
 .text._ZN10__cxxabiv111__terminateEPFvvE
                0x0001cd7c       0x28 c:/fehqt/proteus/gcc/bin/../lib/gcc/arm-none-eabi/4.6.2/../../../../arm-none-eabi/lib/armv7e-m\libsupc++.a(eh_terminate.o)
                0x0001cd7c                __cxxabiv1::__terminate(void (*)())
 .text._ZSt9terminatev
                0x0001cda4       0x10 c:/fehqt/proteus/gcc/bin/../lib/gcc/arm-none-eabi/4.6.2/../../../../arm-none-eabi/lib/armv7e-m\libsupc++.a(eh_terminate.o)
                0x0001cda4                std::terminate()
 .text._ZN10__cxxabiv112__unexpectedEPFvvE
                0x0001cdb4        0x8 c:/fehqt/proteus/gcc/bin/../lib/gcc/arm-none-eabi/4.6.2/../../../../arm-none-eabi/lib/armv7e-m\libsupc++.a(eh_terminate.o)
                0x0001cdb4                __cxxabiv1::__unexpected(void (*)())
 .text._ZSt10unexpectedv
                0x0001cdbc       0x14 c:/fehqt/proteus/gcc/bin/../lib/gcc/arm-none-eabi/4.6.2/../../../../arm-none-eabi/lib/armv7e-m\libsupc++.a(eh_terminate.o)
                0x0001cdbc                std::unexpected()
 .text._ZL23__gxx_exception_cleanup19_Unwind_Reason_CodeP21_Unwind_Control_Block
                0x0001cdd0       0x4c c:/fehqt/proteus/gcc/bin/../lib/gcc/arm-none-eabi/4.6.2/../../../../arm-none-eabi/lib/armv7e-m\libsupc++.a(eh_throw.o)
 .text.__cxa_throw
                0x0001ce1c       0x80 c:/fehqt/proteus/gcc/bin/../lib/gcc/arm-none-eabi/4.6.2/../../../../arm-none-eabi/lib/armv7e-m\libsupc++.a(eh_throw.o)
                0x0001ce1c                __cxa_throw
 .text.__cxa_rethrow
                0x0001ce9c       0x78 c:/fehqt/proteus/gcc/bin/../lib/gcc/arm-none-eabi/4.6.2/../../../../arm-none-eabi/lib/armv7e-m\libsupc++.a(eh_throw.o)
                0x0001ce9c                __cxa_rethrow
 .text._ZN10__cxxabiv123__fundamental_type_infoD2Ev
                0x0001cf14       0x14 c:/fehqt/proteus/gcc/bin/../lib/gcc/arm-none-eabi/4.6.2/../../../../arm-none-eabi/lib/armv7e-m\libsupc++.a(fundamental_type_info.o)
                0x0001cf14                __cxxabiv1::__fundamental_type_info::~__fundamental_type_info()
                0x0001cf14                __cxxabiv1::__fundamental_type_info::~__fundamental_type_info()
 .text._ZN10__cxxabiv123__fundamental_type_infoD0Ev
                0x0001cf28       0x1c c:/fehqt/proteus/gcc/bin/../lib/gcc/arm-none-eabi/4.6.2/../../../../arm-none-eabi/lib/armv7e-m\libsupc++.a(fundamental_type_info.o)
                0x0001cf28                __cxxabiv1::__fundamental_type_info::~__fundamental_type_info()
 .text._ZNK10__cxxabiv119__pointer_type_info14__is_pointer_pEv
                0x0001cf44        0x4 c:/fehqt/proteus/gcc/bin/../lib/gcc/arm-none-eabi/4.6.2/../../../../arm-none-eabi/lib/armv7e-m\libsupc++.a(pointer_type_info.o)
                0x0001cf44                __cxxabiv1::__pointer_type_info::__is_pointer_p() const
 .text._ZN10__cxxabiv119__pointer_type_infoD2Ev
                0x0001cf48       0x14 c:/fehqt/proteus/gcc/bin/../lib/gcc/arm-none-eabi/4.6.2/../../../../arm-none-eabi/lib/armv7e-m\libsupc++.a(pointer_type_info.o)
                0x0001cf48                __cxxabiv1::__pointer_type_info::~__pointer_type_info()
                0x0001cf48                __cxxabiv1::__pointer_type_info::~__pointer_type_info()
 .text._ZN10__cxxabiv119__pointer_type_infoD0Ev
                0x0001cf5c       0x1c c:/fehqt/proteus/gcc/bin/../lib/gcc/arm-none-eabi/4.6.2/../../../../arm-none-eabi/lib/armv7e-m\libsupc++.a(pointer_type_info.o)
                0x0001cf5c                __cxxabiv1::__pointer_type_info::~__pointer_type_info()
 .text._ZNK10__cxxabiv119__pointer_type_info15__pointer_catchEPKNS_17__pbase_type_infoEPPvj
                0x0001cf78       0x44 c:/fehqt/proteus/gcc/bin/../lib/gcc/arm-none-eabi/4.6.2/../../../../arm-none-eabi/lib/armv7e-m\libsupc++.a(pointer_type_info.o)
                0x0001cf78                __cxxabiv1::__pointer_type_info::__pointer_catch(__cxxabiv1::__pbase_type_info const*, void**, unsigned int) const
 .text.__cxa_pure_virtual
                0x0001cfbc        0x8 c:/fehqt/proteus/gcc/bin/../lib/gcc/arm-none-eabi/4.6.2/../../../../arm-none-eabi/lib/armv7e-m\libsupc++.a(pure.o)
                0x0001cfbc                __cxa_pure_virtual
 .text._ZN10__cxxabiv120__si_class_type_infoD2Ev
                0x0001cfc4       0x14 c:/fehqt/proteus/gcc/bin/../lib/gcc/arm-none-eabi/4.6.2/../../../../arm-none-eabi/lib/armv7e-m\libsupc++.a(si_class_type_info.o)
                0x0001cfc4                __cxxabiv1::__si_class_type_info::~__si_class_type_info()
                0x0001cfc4                __cxxabiv1::__si_class_type_info::~__si_class_type_info()
 .text._ZN10__cxxabiv120__si_class_type_infoD0Ev
                0x0001cfd8       0x1c c:/fehqt/proteus/gcc/bin/../lib/gcc/arm-none-eabi/4.6.2/../../../../arm-none-eabi/lib/armv7e-m\libsupc++.a(si_class_type_info.o)
                0x0001cfd8                __cxxabiv1::__si_class_type_info::~__si_class_type_info()
 .text._ZNK10__cxxabiv120__si_class_type_info11__do_upcastEPKNS_17__class_type_infoEPKvRNS1_15__upcast_resultE
                0x0001cff4       0x24 c:/fehqt/proteus/gcc/bin/../lib/gcc/arm-none-eabi/4.6.2/../../../../arm-none-eabi/lib/armv7e-m\libsupc++.a(si_class_type_info.o)
                0x0001cff4                __cxxabiv1::__si_class_type_info::__do_upcast(__cxxabiv1::__class_type_info const*, void const*, __cxxabiv1::__class_type_info::__upcast_result&) const
 .text._ZNK10__cxxabiv120__si_class_type_info12__do_dyncastEiNS_17__class_type_info10__sub_kindEPKS1_PKvS4_S6_RNS1_16__dyncast_resultE
                0x0001d018       0x94 c:/fehqt/proteus/gcc/bin/../lib/gcc/arm-none-eabi/4.6.2/../../../../arm-none-eabi/lib/armv7e-m\libsupc++.a(si_class_type_info.o)
                0x0001d018                __cxxabiv1::__si_class_type_info::__do_dyncast(int, __cxxabiv1::__class_type_info::__sub_kind, __cxxabiv1::__class_type_info const*, void const*, __cxxabiv1::__class_type_info const*, void const*, __cxxabiv1::__class_type_info::__dyncast_result&) const
 .text._ZNK10__cxxabiv120__si_class_type_info20__do_find_public_srcEiPKvPKNS_17__class_type_infoES2_
                0x0001d0ac       0x34 c:/fehqt/proteus/gcc/bin/../lib/gcc/arm-none-eabi/4.6.2/../../../../arm-none-eabi/lib/armv7e-m\libsupc++.a(si_class_type_info.o)
                0x0001d0ac                __cxxabiv1::__si_class_type_info::__do_find_public_src(int, void const*, __cxxabiv1::__class_type_info const*, void const*) const
 .text._ZNSt9type_infoD2Ev
                0x0001d0e0        0xc c:/fehqt/proteus/gcc/bin/../lib/gcc/arm-none-eabi/4.6.2/../../../../arm-none-eabi/lib/armv7e-m\libsupc++.a(tinfo.o)
                0x0001d0e0                std::type_info::~type_info()
                0x0001d0e0                std::type_info::~type_info()
 .text._ZNKSt9type_info14__is_pointer_pEv
                0x0001d0ec        0x4 c:/fehqt/proteus/gcc/bin/../lib/gcc/arm-none-eabi/4.6.2/../../../../arm-none-eabi/lib/armv7e-m\libsupc++.a(tinfo.o)
                0x0001d0ec                std::type_info::__is_pointer_p() const
 .text._ZNKSt9type_info15__is_function_pEv
                0x0001d0f0        0x4 c:/fehqt/proteus/gcc/bin/../lib/gcc/arm-none-eabi/4.6.2/../../../../arm-none-eabi/lib/armv7e-m\libsupc++.a(tinfo.o)
                0x0001d0f0                std::type_info::__is_function_p() const
 .text._ZNKSt9type_info11__do_upcastEPKN10__cxxabiv117__class_type_infoEPPv
                0x0001d0f4        0x4 c:/fehqt/proteus/gcc/bin/../lib/gcc/arm-none-eabi/4.6.2/../../../../arm-none-eabi/lib/armv7e-m\libsupc++.a(tinfo.o)
                0x0001d0f4                std::type_info::__do_upcast(__cxxabiv1::__class_type_info const*, void**) const
 .text._ZNSt9type_infoD0Ev
                0x0001d0f8       0x14 c:/fehqt/proteus/gcc/bin/../lib/gcc/arm-none-eabi/4.6.2/../../../../arm-none-eabi/lib/armv7e-m\libsupc++.a(tinfo.o)
                0x0001d0f8                std::type_info::~type_info()
 .text._ZNKSt9type_infoeqERKS_
                0x0001d10c       0x30 c:/fehqt/proteus/gcc/bin/../lib/gcc/arm-none-eabi/4.6.2/../../../../arm-none-eabi/lib/armv7e-m\libsupc++.a(tinfo.o)
                0x0001d10c                std::type_info::operator==(std::type_info const&) const
 .text._ZNKSt9type_info10__do_catchEPKS_PPvj
                0x0001d13c        0x4 c:/fehqt/proteus/gcc/bin/../lib/gcc/arm-none-eabi/4.6.2/../../../../arm-none-eabi/lib/armv7e-m\libsupc++.a(tinfo.o)
                0x0001d13c                std::type_info::__do_catch(std::type_info const*, void**, unsigned int) const
 .text._ZNKSt10bad_typeid4whatEv
                0x0001d140        0xc c:/fehqt/proteus/gcc/bin/../lib/gcc/arm-none-eabi/4.6.2/../../../../arm-none-eabi/lib/armv7e-m\libsupc++.a(bad_typeid.o)
                0x0001d140                std::bad_typeid::what() const
 .text._ZNSt10bad_typeidD2Ev
                0x0001d14c       0x14 c:/fehqt/proteus/gcc/bin/../lib/gcc/arm-none-eabi/4.6.2/../../../../arm-none-eabi/lib/armv7e-m\libsupc++.a(bad_typeid.o)
                0x0001d14c                std::bad_typeid::~bad_typeid()
                0x0001d14c                std::bad_typeid::~bad_typeid()
 .text._ZNSt10bad_typeidD0Ev
                0x0001d160       0x1c c:/fehqt/proteus/gcc/bin/../lib/gcc/arm-none-eabi/4.6.2/../../../../arm-none-eabi/lib/armv7e-m\libsupc++.a(bad_typeid.o)
                0x0001d160                std::bad_typeid::~bad_typeid()
 .text._ZNK10__cxxabiv117__pbase_type_info15__pointer_catchEPKS0_PPvj
                0x0001d17c       0x10 c:/fehqt/proteus/gcc/bin/../lib/gcc/arm-none-eabi/4.6.2/../../../../arm-none-eabi/lib/armv7e-m\libsupc++.a(pbase_type_info.o)
                0x0001d17c                __cxxabiv1::__pbase_type_info::__pointer_catch(__cxxabiv1::__pbase_type_info const*, void**, unsigned int) const
 .text._ZN10__cxxabiv117__pbase_type_infoD2Ev
                0x0001d18c       0x14 c:/fehqt/proteus/gcc/bin/../lib/gcc/arm-none-eabi/4.6.2/../../../../arm-none-eabi/lib/armv7e-m\libsupc++.a(pbase_type_info.o)
                0x0001d18c                __cxxabiv1::__pbase_type_info::~__pbase_type_info()
                0x0001d18c                __cxxabiv1::__pbase_type_info::~__pbase_type_info()
 .text._ZN10__cxxabiv117__pbase_type_infoD0Ev
                0x0001d1a0       0x1c c:/fehqt/proteus/gcc/bin/../lib/gcc/arm-none-eabi/4.6.2/../../../../arm-none-eabi/lib/armv7e-m\libsupc++.a(pbase_type_info.o)
                0x0001d1a0                __cxxabiv1::__pbase_type_info::~__pbase_type_info()
 .text._ZNK10__cxxabiv117__pbase_type_info10__do_catchEPKSt9type_infoPPvj
                0x0001d1bc       0x68 c:/fehqt/proteus/gcc/bin/../lib/gcc/arm-none-eabi/4.6.2/../../../../arm-none-eabi/lib/armv7e-m\libsupc++.a(pbase_type_info.o)
                0x0001d1bc                __cxxabiv1::__pbase_type_info::__do_catch(std::type_info const*, void**, unsigned int) const
 .text.abort    0x0001d224       0x24 C:\fehqt\Proteus/EWL/lib/armv7e-m\libc.a(abort.o)
                0x0001d224                abort
 .text.sbrk     0x0001d248       0x28 C:\fehqt\Proteus/EWL/lib/armv7e-m\libc.a(alloc.o)
                0x0001d248                sbrk
 .text.malloc   0x0001d270      0x110 C:\fehqt\Proteus/EWL/lib/armv7e-m\libc.a(alloc.o)
                0x0001d270                malloc
 .text.free     0x0001d380       0x10 C:\fehqt\Proteus/EWL/lib/armv7e-m\libc.a(alloc.o)
                0x0001d380                free
 .text.raise    0x0001d390       0x3c C:\fehqt\Proteus/EWL/lib/armv7e-m\libc.a(raise.o)
                0x0001d390                raise
 *(.rodata)
 .rodata        0x0001d3cc       0x24 ..\waitfortouch.o
 .rodata        0x0001d3f0       0x78 Libraries\FEHIO.o
 .rodata        0x0001d468       0x34 Libraries\FEHLCD.o
 .rodata        0x0001d49c      0x220 Libraries\FEHRPS.o
 *(.rodata*)
 *fill*         0x0001d6bc        0x4 00
 .rodata._ZTV5Drive
                0x0001d6c0       0x18 ..\drive.o
                0x0001d6c0                vtable for Drive
 .rodata._ZTV4Task
                0x0001d6d8       0x18 ..\drive.o
                0x0001d6d8                vtable for Task
 .rodata._ZTI5Drive
                0x0001d6f0        0xc ..\drive.o
                0x0001d6f0                typeinfo for Drive
 .rodata._ZTS5Drive
                0x0001d6fc        0x8 ..\drive.o
                0x0001d6fc                typeinfo name for Drive
 .rodata._ZTS4Task
                0x0001d704        0x8 ..\drive.o
                0x0001d704                typeinfo name for Task
 .rodata._ZTI4Task
                0x0001d70c        0x8 ..\drive.o
                0x0001d70c                typeinfo for Task
 *fill*         0x0001d714        0x4 00
 .rodata._ZTV13DriveDistance
                0x0001d718       0x18 ..\drivedistance.o
                0x0001d718                vtable for DriveDistance
 .rodata._ZTI13DriveDistance
                0x0001d730        0xc ..\drivedistance.o
                0x0001d730                typeinfo for DriveDistance
 .rodata._ZTS13DriveDistance
                0x0001d73c       0x10 ..\drivedistance.o
                0x0001d73c                typeinfo name for DriveDistance
 *fill*         0x0001d74c        0x4 00
 .rodata._ZTV3End
                0x0001d750       0x18 ..\end.o
                0x0001d750                vtable for End
 .rodata._ZTI3End
                0x0001d768        0xc ..\end.o
                0x0001d768                typeinfo for End
 .rodata._ZTS3End
                0x0001d774        0x8 ..\end.o
                0x0001d774                typeinfo name for End
 *fill*         0x0001d77c        0x4 00
 .rodata._ZTV9MoveServo
                0x0001d780       0x18 ..\moveservo.o
                0x0001d780                vtable for MoveServo
 .rodata._ZTI9MoveServo
                0x0001d798        0xc ..\moveservo.o
                0x0001d798                typeinfo for MoveServo
 .rodata._ZTS9MoveServo
                0x0001d7a4        0xc ..\moveservo.o
                0x0001d7a4                typeinfo name for MoveServo
 .rodata._ZTV6Orient
                0x0001d7b0       0x18 ..\orient.o
                0x0001d7b0                vtable for Orient
 .rodata._ZTI6Orient
                0x0001d7c8        0xc ..\orient.o
                0x0001d7c8                typeinfo for Orient
 .rodata._ZTS6Orient
                0x0001d7d4        0x8 ..\orient.o
                0x0001d7d4                typeinfo name for Orient
 *fill*         0x0001d7dc        0x4 00
 .rodata._ZTV9ReadLight
                0x0001d7e0       0x18 ..\readlight.o
                0x0001d7e0                vtable for ReadLight
 .rodata._ZTI9ReadLight
                0x0001d7f8        0xc ..\readlight.o
                0x0001d7f8                typeinfo for ReadLight
 .rodata._ZTS9ReadLight
                0x0001d804        0xc ..\readlight.o
                0x0001d804                typeinfo name for ReadLight
 .rodata._ZTV12WaitForTouch
                0x0001d810       0x18 ..\waitfortouch.o
                0x0001d810                vtable for WaitForTouch
 .rodata._ZTI12WaitForTouch
                0x0001d828        0xc ..\waitfortouch.o
                0x0001d828                typeinfo for WaitForTouch
 .rodata._ZTS12WaitForTouch
                0x0001d834       0x10 ..\waitfortouch.o
                0x0001d834                typeinfo name for WaitForTouch
 .rodata.K60_SDHC0_init
                0x0001d844        0xc Drivers\SDHC.o
                0x0001d844                K60_SDHC0_init
 .rodata._ZL21ESDHC_COMMAND_XFERTYP
                0x0001d850      0x100 Drivers\SDHC.o
 .rodata._ZL9GPIOPorts
                0x0001d950       0x20 Libraries\FEHIO.o
 .rodata._ZL10ADCNumbers
                0x0001d970       0x24 Libraries\FEHIO.o
 .rodata._ZL14GPIOPinNumbers
                0x0001d994       0x80 Libraries\FEHIO.o
 .rodata._ZL16AnalogPinNumbers
                0x0001da14       0x84 Libraries\FEHIO.o
 .rodata.dp_h   0x0001da98       0x10 C:\fehqt\Proteus/EWL/lib/armv7e-m\libm.a(e_pow.o)
 .rodata.dp_l   0x0001daa8       0x10 C:\fehqt\Proteus/EWL/lib/armv7e-m\libm.a(e_pow.o)
 .rodata.bp     0x0001dab8       0x10 C:\fehqt\Proteus/EWL/lib/armv7e-m\libm.a(e_pow.o)
 .rodata.npio2_hw
                0x0001dac8       0x80 C:\fehqt\Proteus/EWL/lib/armv7e-m\libm.a(e_rem_pio2.o)
 .rodata.two_over_pi
                0x0001db48      0x108 C:\fehqt\Proteus/EWL/lib/armv7e-m\libm.a(e_rem_pio2.o)
 .rodata.npio2_hw
                0x0001dc50       0x80 C:\fehqt\Proteus/EWL/lib/armv7e-m\libm.a(e_rem_pio2f.o)
 .rodata.two_over_pi
                0x0001dcd0      0x318 C:\fehqt\Proteus/EWL/lib/armv7e-m\libm.a(e_rem_pio2f.o)
 .rodata.init_jk
                0x0001dfe8       0x10 C:\fehqt\Proteus/EWL/lib/armv7e-m\libm.a(k_rem_pio2.o)
 .rodata.PIo2   0x0001dff8       0x40 C:\fehqt\Proteus/EWL/lib/armv7e-m\libm.a(k_rem_pio2.o)
 .rodata.init_jk
                0x0001e038        0xc C:\fehqt\Proteus/EWL/lib/armv7e-m\libm.a(k_rem_pio2f.o)
 .rodata.PIo2   0x0001e044       0x2c C:\fehqt\Proteus/EWL/lib/armv7e-m\libm.a(k_rem_pio2f.o)
 .rodata.atanlo
                0x0001e070       0x10 C:\fehqt\Proteus/EWL/lib/armv7e-m\libm.a(s_atanf.o)
 .rodata.atanhi
                0x0001e080       0x10 C:\fehqt\Proteus/EWL/lib/armv7e-m\libm.a(s_atanf.o)
 .rodata.str1.1
                0x00000000        0x0 C:\fehqt\Proteus/EWL/lib/armv7e-m\libc.a(printformat_.o)
                                  0x1 (size before relaxing)
 .rodata.__aeabi_ctype_table_C
                0x0001e090      0x101 C:\fehqt\Proteus/EWL/lib/armv7e-m\libc.a(ctype_aeabi.o)
                0x0001e090                __aeabi_ctype_table_C
 *fill*         0x0001e191        0x7 00
 .rodata._ZTVSt9bad_alloc
                0x0001e198       0x18 C:\fehqt\Proteus/EWL/lib/armv7e-m\librt.a(New.o)
                0x0001e198                vtable for std::bad_alloc
 .rodata._ZTISt9bad_alloc
                0x0001e1b0        0xc C:\fehqt\Proteus/EWL/lib/armv7e-m\librt.a(New.o)
                0x0001e1b0                typeinfo for std::bad_alloc
 .rodata._ZTSSt9bad_alloc
                0x0001e1bc        0xd C:\fehqt\Proteus/EWL/lib/armv7e-m\librt.a(New.o)
                0x0001e1bc                typeinfo name for std::bad_alloc
 .rodata.str1.1
                0x0001e1c9       0x14 C:\fehqt\Proteus/EWL/lib/armv7e-m\librt.a(New.o)
 *fill*         0x0001e1dd        0x3 00
 .rodata._ZTVN10__cxxabiv117__class_type_infoE
                0x0001e1e0       0x30 c:/fehqt/proteus/gcc/bin/../lib/gcc/arm-none-eabi/4.6.2/../../../../arm-none-eabi/lib/armv7e-m\libsupc++.a(class_type_info.o)
                0x0001e1e0                vtable for __cxxabiv1::__class_type_info
 .rodata._ZTIN10__cxxabiv117__class_type_infoE
                0x0001e210        0xc c:/fehqt/proteus/gcc/bin/../lib/gcc/arm-none-eabi/4.6.2/../../../../arm-none-eabi/lib/armv7e-m\libsupc++.a(class_type_info.o)
                0x0001e210                typeinfo for __cxxabiv1::__class_type_info
 .rodata._ZTSN10__cxxabiv117__class_type_infoE
                0x0001e21c       0x24 c:/fehqt/proteus/gcc/bin/../lib/gcc/arm-none-eabi/4.6.2/../../../../arm-none-eabi/lib/armv7e-m\libsupc++.a(class_type_info.o)
                0x0001e21c                typeinfo name for __cxxabiv1::__class_type_info
 .rodata._ZTVSt9exception
                0x0001e240       0x18 c:/fehqt/proteus/gcc/bin/../lib/gcc/arm-none-eabi/4.6.2/../../../../arm-none-eabi/lib/armv7e-m\libsupc++.a(eh_exception.o)
                0x0001e240                vtable for std::exception
 .rodata._ZTIN10__cxxabiv115__forced_unwindE
                0x0001e258        0x8 c:/fehqt/proteus/gcc/bin/../lib/gcc/arm-none-eabi/4.6.2/../../../../arm-none-eabi/lib/armv7e-m\libsupc++.a(eh_exception.o)
                0x0001e258                typeinfo for __cxxabiv1::__forced_unwind
 .rodata._ZTISt9exception
                0x0001e260        0x8 c:/fehqt/proteus/gcc/bin/../lib/gcc/arm-none-eabi/4.6.2/../../../../arm-none-eabi/lib/armv7e-m\libsupc++.a(eh_exception.o)
                0x0001e260                typeinfo for std::exception
 .rodata._ZTSSt13bad_exception
                0x0001e268       0x14 c:/fehqt/proteus/gcc/bin/../lib/gcc/arm-none-eabi/4.6.2/../../../../arm-none-eabi/lib/armv7e-m\libsupc++.a(eh_exception.o)
                0x0001e268                typeinfo name for std::bad_exception
 .rodata.str1.4
                0x0001e27c       0x23 c:/fehqt/proteus/gcc/bin/../lib/gcc/arm-none-eabi/4.6.2/../../../../arm-none-eabi/lib/armv7e-m\libsupc++.a(eh_exception.o)
                                 0x24 (size before relaxing)
 *fill*         0x0001e29f        0x1 00
 .rodata._ZTSN10__cxxabiv119__foreign_exceptionE
                0x0001e2a0       0x24 c:/fehqt/proteus/gcc/bin/../lib/gcc/arm-none-eabi/4.6.2/../../../../arm-none-eabi/lib/armv7e-m\libsupc++.a(eh_exception.o)
                0x0001e2a0                typeinfo name for __cxxabiv1::__foreign_exception
 .rodata._ZTIN10__cxxabiv119__foreign_exceptionE
                0x0001e2c4        0x8 c:/fehqt/proteus/gcc/bin/../lib/gcc/arm-none-eabi/4.6.2/../../../../arm-none-eabi/lib/armv7e-m\libsupc++.a(eh_exception.o)
                0x0001e2c4                typeinfo for __cxxabiv1::__foreign_exception
 *fill*         0x0001e2cc        0x4 00
 .rodata._ZTVSt13bad_exception
                0x0001e2d0       0x18 c:/fehqt/proteus/gcc/bin/../lib/gcc/arm-none-eabi/4.6.2/../../../../arm-none-eabi/lib/armv7e-m\libsupc++.a(eh_exception.o)
                0x0001e2d0                vtable for std::bad_exception
 .rodata._ZTSSt9exception
                0x0001e2e8       0x10 c:/fehqt/proteus/gcc/bin/../lib/gcc/arm-none-eabi/4.6.2/../../../../arm-none-eabi/lib/armv7e-m\libsupc++.a(eh_exception.o)
                0x0001e2e8                typeinfo name for std::exception
 .rodata._ZTSN10__cxxabiv115__forced_unwindE
                0x0001e2f8       0x20 c:/fehqt/proteus/gcc/bin/../lib/gcc/arm-none-eabi/4.6.2/../../../../arm-none-eabi/lib/armv7e-m\libsupc++.a(eh_exception.o)
                0x0001e2f8                typeinfo name for __cxxabiv1::__forced_unwind
 .rodata._ZTISt13bad_exception
                0x0001e318        0xc c:/fehqt/proteus/gcc/bin/../lib/gcc/arm-none-eabi/4.6.2/../../../../arm-none-eabi/lib/armv7e-m\libsupc++.a(eh_exception.o)
                0x0001e318                typeinfo for std::bad_exception
 .rodata._ZTIPv
                0x0001e324       0x10 c:/fehqt/proteus/gcc/bin/../lib/gcc/arm-none-eabi/4.6.2/../../../../arm-none-eabi/lib/armv7e-m\libsupc++.a(fundamental_type_info.o)
                0x0001e324                typeinfo for void*
 .rodata._ZTIv  0x0001e334        0x8 c:/fehqt/proteus/gcc/bin/../lib/gcc/arm-none-eabi/4.6.2/../../../../arm-none-eabi/lib/armv7e-m\libsupc++.a(fundamental_type_info.o)
                0x0001e334                typeinfo for void
 .rodata._ZTSPv
                0x0001e33c        0x4 c:/fehqt/proteus/gcc/bin/../lib/gcc/arm-none-eabi/4.6.2/../../../../arm-none-eabi/lib/armv7e-m\libsupc++.a(fundamental_type_info.o)
                0x0001e33c                typeinfo name for void*
 .rodata._ZTSv  0x0001e340        0x4 c:/fehqt/proteus/gcc/bin/../lib/gcc/arm-none-eabi/4.6.2/../../../../arm-none-eabi/lib/armv7e-m\libsupc++.a(fundamental_type_info.o)
                0x0001e340                typeinfo name for void
 .rodata._ZTIN10__cxxabiv123__fundamental_type_infoE
                0x0001e344        0xc c:/fehqt/proteus/gcc/bin/../lib/gcc/arm-none-eabi/4.6.2/../../../../arm-none-eabi/lib/armv7e-m\libsupc++.a(fundamental_type_info.o)
                0x0001e344                typeinfo for __cxxabiv1::__fundamental_type_info
 .rodata._ZTSN10__cxxabiv123__fundamental_type_infoE
                0x0001e350       0x28 c:/fehqt/proteus/gcc/bin/../lib/gcc/arm-none-eabi/4.6.2/../../../../arm-none-eabi/lib/armv7e-m\libsupc++.a(fundamental_type_info.o)
                0x0001e350                typeinfo name for __cxxabiv1::__fundamental_type_info
 .rodata._ZTVN10__cxxabiv123__fundamental_type_infoE
                0x0001e378       0x20 c:/fehqt/proteus/gcc/bin/../lib/gcc/arm-none-eabi/4.6.2/../../../../arm-none-eabi/lib/armv7e-m\libsupc++.a(fundamental_type_info.o)
                0x0001e378                vtable for __cxxabiv1::__fundamental_type_info
 .rodata._ZTSN10__cxxabiv119__pointer_type_infoE
                0x0001e398       0x24 c:/fehqt/proteus/gcc/bin/../lib/gcc/arm-none-eabi/4.6.2/../../../../arm-none-eabi/lib/armv7e-m\libsupc++.a(pointer_type_info.o)
                0x0001e398                typeinfo name for __cxxabiv1::__pointer_type_info
 .rodata._ZTIN10__cxxabiv119__pointer_type_infoE
                0x0001e3bc        0xc c:/fehqt/proteus/gcc/bin/../lib/gcc/arm-none-eabi/4.6.2/../../../../arm-none-eabi/lib/armv7e-m\libsupc++.a(pointer_type_info.o)
                0x0001e3bc                typeinfo for __cxxabiv1::__pointer_type_info
 .rodata._ZTVN10__cxxabiv119__pointer_type_infoE
                0x0001e3c8       0x28 c:/fehqt/proteus/gcc/bin/../lib/gcc/arm-none-eabi/4.6.2/../../../../arm-none-eabi/lib/armv7e-m\libsupc++.a(pointer_type_info.o)
                0x0001e3c8                vtable for __cxxabiv1::__pointer_type_info
 .rodata._ZTVN10__cxxabiv120__si_class_type_infoE
                0x0001e3f0       0x30 c:/fehqt/proteus/gcc/bin/../lib/gcc/arm-none-eabi/4.6.2/../../../../arm-none-eabi/lib/armv7e-m\libsupc++.a(si_class_type_info.o)
                0x0001e3f0                vtable for __cxxabiv1::__si_class_type_info
 .rodata._ZTIN10__cxxabiv120__si_class_type_infoE
                0x0001e420        0xc c:/fehqt/proteus/gcc/bin/../lib/gcc/arm-none-eabi/4.6.2/../../../../arm-none-eabi/lib/armv7e-m\libsupc++.a(si_class_type_info.o)
                0x0001e420                typeinfo for __cxxabiv1::__si_class_type_info
 .rodata._ZTSN10__cxxabiv120__si_class_type_infoE
                0x0001e42c       0x28 c:/fehqt/proteus/gcc/bin/../lib/gcc/arm-none-eabi/4.6.2/../../../../arm-none-eabi/lib/armv7e-m\libsupc++.a(si_class_type_info.o)
                0x0001e42c                typeinfo name for __cxxabiv1::__si_class_type_info
 .rodata._ZTISt9type_info
                0x0001e454        0x8 c:/fehqt/proteus/gcc/bin/../lib/gcc/arm-none-eabi/4.6.2/../../../../arm-none-eabi/lib/armv7e-m\libsupc++.a(tinfo.o)
                0x0001e454                typeinfo for std::type_info
 .rodata._ZTSSt9type_info
                0x0001e45c       0x10 c:/fehqt/proteus/gcc/bin/../lib/gcc/arm-none-eabi/4.6.2/../../../../arm-none-eabi/lib/armv7e-m\libsupc++.a(tinfo.o)
                0x0001e45c                typeinfo name for std::type_info
 *fill*         0x0001e46c        0x4 00
 .rodata._ZTVSt9type_info
                0x0001e470       0x20 c:/fehqt/proteus/gcc/bin/../lib/gcc/arm-none-eabi/4.6.2/../../../../arm-none-eabi/lib/armv7e-m\libsupc++.a(tinfo.o)
                0x0001e470                vtable for std::type_info
 .rodata._ZTVSt10bad_typeid
                0x0001e490       0x18 c:/fehqt/proteus/gcc/bin/../lib/gcc/arm-none-eabi/4.6.2/../../../../arm-none-eabi/lib/armv7e-m\libsupc++.a(bad_typeid.o)
                0x0001e490                vtable for std::bad_typeid
 .rodata._ZTISt10bad_typeid
                0x0001e4a8        0xc c:/fehqt/proteus/gcc/bin/../lib/gcc/arm-none-eabi/4.6.2/../../../../arm-none-eabi/lib/armv7e-m\libsupc++.a(bad_typeid.o)
                0x0001e4a8                typeinfo for std::bad_typeid
 .rodata.str1.4
                0x0001e4b4       0x10 c:/fehqt/proteus/gcc/bin/../lib/gcc/arm-none-eabi/4.6.2/../../../../arm-none-eabi/lib/armv7e-m\libsupc++.a(bad_typeid.o)
 .rodata._ZTSSt10bad_typeid
                0x0001e4c4       0x10 c:/fehqt/proteus/gcc/bin/../lib/gcc/arm-none-eabi/4.6.2/../../../../arm-none-eabi/lib/armv7e-m\libsupc++.a(bad_typeid.o)
                0x0001e4c4                typeinfo name for std::bad_typeid
 .rodata._ZTIN10__cxxabiv117__pbase_type_infoE
                0x0001e4d4        0xc c:/fehqt/proteus/gcc/bin/../lib/gcc/arm-none-eabi/4.6.2/../../../../arm-none-eabi/lib/armv7e-m\libsupc++.a(pbase_type_info.o)
                0x0001e4d4                typeinfo for __cxxabiv1::__pbase_type_info
 .rodata._ZTSN10__cxxabiv117__pbase_type_infoE
                0x0001e4e0       0x24 c:/fehqt/proteus/gcc/bin/../lib/gcc/arm-none-eabi/4.6.2/../../../../arm-none-eabi/lib/armv7e-m\libsupc++.a(pbase_type_info.o)
                0x0001e4e0                typeinfo name for __cxxabiv1::__pbase_type_info
 *fill*         0x0001e504        0x4 00
 .rodata._ZTVN10__cxxabiv117__pbase_type_infoE
                0x0001e508       0x28 c:/fehqt/proteus/gcc/bin/../lib/gcc/arm-none-eabi/4.6.2/../../../../arm-none-eabi/lib/armv7e-m\libsupc++.a(pbase_type_info.o)
                0x0001e508                vtable for __cxxabiv1::__pbase_type_info
 *(.glue_7)
 .glue_7        0x00000000        0x0 linker stubs
 *(.glue_7t)
 .glue_7t       0x00000000        0x0 linker stubs
 *(.eh_frame)
 *(.init)
 *(.fini)
                0x0001e530                . = ALIGN (0x4)
                0x0001e530                _etext = .

.vfp11_veneer   0x0001e530        0x0
 .vfp11_veneer  0x00000000        0x0 linker stubs

.v4_bx          0x0001e530        0x0
 .v4_bx         0x00000000        0x0 linker stubs

.ARM.extab      0x0001e530      0x114
 *(.ARM.extab* .gnu.linkonce.armextab.*)
 .ARM.extab.text._ZNSt9bad_allocD2Ev
                0x0001e530        0x0 C:\fehqt\Proteus/EWL/lib/armv7e-m\librt.a(New.o)
 .ARM.extab.text._ZNKSt9bad_alloc4whatEv
                0x0001e530        0x0 C:\fehqt\Proteus/EWL/lib/armv7e-m\librt.a(New.o)
 .ARM.extab.text._Znwj
                0x0001e530       0x20 C:\fehqt\Proteus/EWL/lib/armv7e-m\librt.a(New.o)
 .ARM.extab.text._ZNSt9bad_allocD0Ev
                0x0001e550        0x0 C:\fehqt\Proteus/EWL/lib/armv7e-m\librt.a(New.o)
 .ARM.extab.text.__cxa_bad_typeid
                0x0001e550        0xc c:/fehqt/proteus/gcc/bin/../lib/gcc/arm-none-eabi/4.6.2/../../../../arm-none-eabi/lib/armv7e-m\libsupc++.a(eh_aux_runtime.o)
 .ARM.extab.text.__cxa_call_unexpected
                0x0001e55c       0x28 c:/fehqt/proteus/gcc/bin/../lib/gcc/arm-none-eabi/4.6.2/../../../../arm-none-eabi/lib/armv7e-m\libsupc++.a(eh_call.o)
 .ARM.extab.text.__cxa_begin_catch
                0x0001e584       0x20 c:/fehqt/proteus/gcc/bin/../lib/gcc/arm-none-eabi/4.6.2/../../../../arm-none-eabi/lib/armv7e-m\libsupc++.a(eh_catch.o)
 .ARM.extab.text._ZL21base_of_encoded_valuehP15_Unwind_Context
                0x0001e5a4        0xc c:/fehqt/proteus/gcc/bin/../lib/gcc/arm-none-eabi/4.6.2/../../../../arm-none-eabi/lib/armv7e-m\libsupc++.a(eh_personality.o)
 .ARM.extab.text.__gxx_personality_v0
                0x0001e5b0       0x20 c:/fehqt/proteus/gcc/bin/../lib/gcc/arm-none-eabi/4.6.2/../../../../arm-none-eabi/lib/armv7e-m\libsupc++.a(eh_personality.o)
 .ARM.extab.text._ZN10__cxxabiv111__terminateEPFvvE
                0x0001e5d0       0x2c c:/fehqt/proteus/gcc/bin/../lib/gcc/arm-none-eabi/4.6.2/../../../../arm-none-eabi/lib/armv7e-m\libsupc++.a(eh_terminate.o)
 .ARM.extab.text._ZN10__cxxabiv112__unexpectedEPFvvE
                0x0001e5fc        0xc c:/fehqt/proteus/gcc/bin/../lib/gcc/arm-none-eabi/4.6.2/../../../../arm-none-eabi/lib/armv7e-m\libsupc++.a(eh_terminate.o)
 .ARM.extab.text._ZSt10unexpectedv
                0x0001e608        0xc c:/fehqt/proteus/gcc/bin/../lib/gcc/arm-none-eabi/4.6.2/../../../../arm-none-eabi/lib/armv7e-m\libsupc++.a(eh_terminate.o)
 .ARM.extab.text._ZNK10__cxxabiv117__pbase_type_info15__pointer_catchEPKS0_PPvj
                0x0001e614        0x0 c:/fehqt/proteus/gcc/bin/../lib/gcc/arm-none-eabi/4.6.2/../../../../arm-none-eabi/lib/armv7e-m\libsupc++.a(pbase_type_info.o)
 .ARM.extab     0x0001e614       0x18 c:/fehqt/proteus/gcc/bin/../lib/gcc/arm-none-eabi/4.6.2/armv7e-m\libgcc.a(unwind-arm.o)
 .ARM.extab     0x0001e62c       0x18 c:/fehqt/proteus/gcc/bin/../lib/gcc/arm-none-eabi/4.6.2/armv7e-m\libgcc.a(pr-support.o)
